Archive member included to satisfy reference by file (symbol)

C:/PROGRA~1/JetBrains/arm-gnu-toolchain-13.3.rel1-mingw-w64-i686-arm-none-eabi/arm-gnu-toolchain-13.3.rel1-mingw-w64-i686-arm-none-eabi/bin/../lib/gcc/arm-none-eabi/13.3.1/thumb/v7-m/nofp\libgcc.a(_arm_muldf3.o)
                              CMakeFiles/motor_foc.elf.dir/Control/speed.c.obj (__aeabi_dmul)
C:/PROGRA~1/JetBrains/arm-gnu-toolchain-13.3.rel1-mingw-w64-i686-arm-none-eabi/arm-gnu-toolchain-13.3.rel1-mingw-w64-i686-arm-none-eabi/bin/../lib/gcc/arm-none-eabi/13.3.1/thumb/v7-m/nofp\libgcc.a(_arm_mulsf3.o)
                              CMakeFiles/motor_foc.elf.dir/Control/speed.c.obj (__aeabi_fmul)
C:/PROGRA~1/JetBrains/arm-gnu-toolchain-13.3.rel1-mingw-w64-i686-arm-none-eabi/arm-gnu-toolchain-13.3.rel1-mingw-w64-i686-arm-none-eabi/bin/../lib/gcc/arm-none-eabi/13.3.1/thumb/v7-m/nofp\libgcc.a(_arm_addsubdf3.o)
                              CMakeFiles/motor_foc.elf.dir/Control/speed.c.obj (__aeabi_dadd)
C:/PROGRA~1/JetBrains/arm-gnu-toolchain-13.3.rel1-mingw-w64-i686-arm-none-eabi/arm-gnu-toolchain-13.3.rel1-mingw-w64-i686-arm-none-eabi/bin/../lib/gcc/arm-none-eabi/13.3.1/thumb/v7-m/nofp\libgcc.a(_arm_truncdfsf2.o)
                              CMakeFiles/motor_foc.elf.dir/Control/speed.c.obj (__aeabi_d2f)
C:/PROGRA~1/JetBrains/arm-gnu-toolchain-13.3.rel1-mingw-w64-i686-arm-none-eabi/arm-gnu-toolchain-13.3.rel1-mingw-w64-i686-arm-none-eabi/bin/../lib/gcc/arm-none-eabi/13.3.1/thumb/v7-m/nofp\libgcc.a(_arm_addsubsf3.o)
                              CMakeFiles/motor_foc.elf.dir/Control/speed.c.obj (__aeabi_fsub)
C:/PROGRA~1/JetBrains/arm-gnu-toolchain-13.3.rel1-mingw-w64-i686-arm-none-eabi/arm-gnu-toolchain-13.3.rel1-mingw-w64-i686-arm-none-eabi/bin/../lib/gcc/arm-none-eabi/13.3.1/thumb/v7-m/nofp\libgcc.a(_arm_muldivsf3.o)
                              CMakeFiles/motor_foc.elf.dir/Control/speed.c.obj (__aeabi_fdiv)
C:/PROGRA~1/JetBrains/arm-gnu-toolchain-13.3.rel1-mingw-w64-i686-arm-none-eabi/arm-gnu-toolchain-13.3.rel1-mingw-w64-i686-arm-none-eabi/bin/../lib/gcc/arm-none-eabi/13.3.1/thumb/v7-m/nofp\libgcc.a(_arm_cmpsf2.o)
                              CMakeFiles/motor_foc.elf.dir/Control/speed.c.obj (__aeabi_fcmplt)
C:/PROGRA~1/JetBrains/arm-gnu-toolchain-13.3.rel1-mingw-w64-i686-arm-none-eabi/arm-gnu-toolchain-13.3.rel1-mingw-w64-i686-arm-none-eabi/bin/../lib/gcc/arm-none-eabi/13.3.1/thumb/v7-m/nofp\libgcc.a(_arm_fixunssfsi.o)
                              CMakeFiles/motor_foc.elf.dir/Control/speed.c.obj (__aeabi_f2uiz)
C:/PROGRA~1/JetBrains/arm-gnu-toolchain-13.3.rel1-mingw-w64-i686-arm-none-eabi/arm-gnu-toolchain-13.3.rel1-mingw-w64-i686-arm-none-eabi/bin/../lib/gcc/arm-none-eabi/13.3.1/thumb/v7-m/nofp\libg.a(libc_a-exit.o)
                              C:/PROGRA~1/JetBrains/arm-gnu-toolchain-13.3.rel1-mingw-w64-i686-arm-none-eabi/arm-gnu-toolchain-13.3.rel1-mingw-w64-i686-arm-none-eabi/bin/../lib/gcc/arm-none-eabi/13.3.1/thumb/v7-m/nofp/crt0.o (exit)
C:/PROGRA~1/JetBrains/arm-gnu-toolchain-13.3.rel1-mingw-w64-i686-arm-none-eabi/arm-gnu-toolchain-13.3.rel1-mingw-w64-i686-arm-none-eabi/bin/../lib/gcc/arm-none-eabi/13.3.1/thumb/v7-m/nofp\libg.a(libc_a-findfp.o)
                              C:/PROGRA~1/JetBrains/arm-gnu-toolchain-13.3.rel1-mingw-w64-i686-arm-none-eabi/arm-gnu-toolchain-13.3.rel1-mingw-w64-i686-arm-none-eabi/bin/../lib/gcc/arm-none-eabi/13.3.1/thumb/v7-m/nofp\libg.a(libc_a-exit.o) (__stdio_exit_handler)
C:/PROGRA~1/JetBrains/arm-gnu-toolchain-13.3.rel1-mingw-w64-i686-arm-none-eabi/arm-gnu-toolchain-13.3.rel1-mingw-w64-i686-arm-none-eabi/bin/../lib/gcc/arm-none-eabi/13.3.1/thumb/v7-m/nofp\libg.a(libc_a-fwalk.o)
                              C:/PROGRA~1/JetBrains/arm-gnu-toolchain-13.3.rel1-mingw-w64-i686-arm-none-eabi/arm-gnu-toolchain-13.3.rel1-mingw-w64-i686-arm-none-eabi/bin/../lib/gcc/arm-none-eabi/13.3.1/thumb/v7-m/nofp\libg.a(libc_a-findfp.o) (_fwalk_sglue)
C:/PROGRA~1/JetBrains/arm-gnu-toolchain-13.3.rel1-mingw-w64-i686-arm-none-eabi/arm-gnu-toolchain-13.3.rel1-mingw-w64-i686-arm-none-eabi/bin/../lib/gcc/arm-none-eabi/13.3.1/thumb/v7-m/nofp\libg.a(libc_a-printf.o)
                              CMakeFiles/motor_foc.elf.dir/user/stepmotor_utils.c.obj (printf)
C:/PROGRA~1/JetBrains/arm-gnu-toolchain-13.3.rel1-mingw-w64-i686-arm-none-eabi/arm-gnu-toolchain-13.3.rel1-mingw-w64-i686-arm-none-eabi/bin/../lib/gcc/arm-none-eabi/13.3.1/thumb/v7-m/nofp\libg.a(libc_a-stdio.o)
                              C:/PROGRA~1/JetBrains/arm-gnu-toolchain-13.3.rel1-mingw-w64-i686-arm-none-eabi/arm-gnu-toolchain-13.3.rel1-mingw-w64-i686-arm-none-eabi/bin/../lib/gcc/arm-none-eabi/13.3.1/thumb/v7-m/nofp\libg.a(libc_a-findfp.o) (__sread)
C:/PROGRA~1/JetBrains/arm-gnu-toolchain-13.3.rel1-mingw-w64-i686-arm-none-eabi/arm-gnu-toolchain-13.3.rel1-mingw-w64-i686-arm-none-eabi/bin/../lib/gcc/arm-none-eabi/13.3.1/thumb/v7-m/nofp\libg.a(libc_a-vsnprintf.o)
                              CMakeFiles/motor_foc.elf.dir/user/debug.c.obj (vsnprintf)
[...]
Memory Configuration

Name             Origin             Length             Attributes
RAM              0x20000000         0x00005000         xrw
FLASH            0x08000000         0x00020000         xr
*default*        0x00000000         0xffffffff

Linker script and memory map

LOAD C:/PROGRA~1/JetBrains/arm-gnu-toolchain-13.3.rel1-mingw-w64-i686-arm-none-eabi/arm-gnu-toolchain-13.3.rel1-mingw-w64-i686-arm-none-eabi/bin/../lib/gcc/arm-none-eabi/13.3.1/thumb/v7-m/nofp/crti.o
LOAD C:/PROGRA~1/JetBrains/arm-gnu-toolchain-13.3.rel1-mingw-w64-i686-arm-none-eabi/arm-gnu-toolchain-13.3.rel1-mingw-w64-i686-arm-none-eabi/bin/../lib/gcc/arm-none-eabi/13.3.1/thumb/v7-m/nofp/crtbegin.o
LOAD C:/PROGRA~1/JetBrains/arm-gnu-toolchain-13.3.rel1-mingw-w64-i686-arm-none-eabi/arm-gnu-toolchain-13.3.rel1-mingw-w64-i686-arm-none-eabi/bin/../lib/gcc/arm-none-eabi/13.3.1/thumb/v7-m/nofp/crt0.o
LOAD CMakeFiles/motor_foc.elf.dir/Control/speed.c.obj
LOAD CMakeFiles/motor_foc.elf.dir/Drivers/STM32F1xx_HAL_Driver/Src/stm32f1xx_hal.c.obj
LOAD CMakeFiles/motor_foc.elf.dir/Drivers/STM32F1xx_HAL_Driver/Src/stm32f1xx_hal_cortex.c.obj
LOAD CMakeFiles/motor_foc.elf.dir/Drivers/STM32F1xx_HAL_Driver/Src/stm32f1xx_hal_dma.c.obj
LOAD CMakeFiles/motor_foc.elf.dir/Drivers/STM32F1xx_HAL_Driver/Src/stm32f1xx_hal_exti.c.obj
LOAD CMakeFiles/motor_foc.elf.dir/Drivers/STM32F1xx_HAL_Driver/Src/stm32f1xx_hal_flash.c.obj
LOAD CMakeFiles/motor_foc.elf.dir/Drivers/STM32F1xx_HAL_Driver/Src/stm32f1xx_hal_flash_ex.c.obj
LOAD CMakeFiles/motor_foc.elf.dir/Drivers/STM32F1xx_HAL_Driver/Src/stm32f1xx_hal_gpio.c.obj
LOAD CMakeFiles/motor_foc.elf.dir/Drivers/STM32F1xx_HAL_Driver/Src/stm32f1xx_hal_gpio_ex.c.obj
LOAD CMakeFiles/motor_foc.elf.dir/Drivers/STM32F1xx_HAL_Driver/Src/stm32f1xx_hal_pwr.c.obj
LOAD CMakeFiles/motor_foc.elf.dir/Drivers/STM32F1xx_HAL_Driver/Src/stm32f1xx_hal_rcc.c.obj
LOAD CMakeFiles/motor_foc.elf.dir/Drivers/STM32F1xx_HAL_Driver/Src/stm32f1xx_hal_rcc_ex.c.obj
LOAD CMakeFiles/motor_foc.elf.dir/Drivers/STM32F1xx_HAL_Driver/Src/stm32f1xx_hal_spi.c.obj
LOAD CMakeFiles/motor_foc.elf.dir/Drivers/STM32F1xx_HAL_Driver/Src/stm32f1xx_hal_tim.c.obj
LOAD CMakeFiles/motor_foc.elf.dir/Drivers/STM32F1xx_HAL_Driver/Src/stm32f1xx_hal_tim_ex.c.obj
LOAD CMakeFiles/motor_foc.elf.dir/Drivers/STM32F1xx_HAL_Driver/Src/stm32f1xx_hal_uart.c.obj
LOAD CMakeFiles/motor_foc.elf.dir/Src/dma.c.obj
LOAD CMakeFiles/motor_foc.elf.dir/Src/gpio.c.obj
LOAD CMakeFiles/motor_foc.elf.dir/Src/main.c.obj
LOAD CMakeFiles/motor_foc.elf.dir/Src/sin.c.obj
LOAD CMakeFiles/motor_foc.elf.dir/Src/spi.c.obj
LOAD CMakeFiles/motor_foc.elf.dir/Src/stm32f1xx_hal_msp.c.obj
LOAD CMakeFiles/motor_foc.elf.dir/Src/stm32f1xx_it.c.obj
LOAD CMakeFiles/motor_foc.elf.dir/Src/syscalls.c.obj
LOAD CMakeFiles/motor_foc.elf.dir/Src/sysmem.c.obj
LOAD CMakeFiles/motor_foc.elf.dir/Src/system_stm32f1xx.c.obj
LOAD CMakeFiles/motor_foc.elf.dir/Src/tim.c.obj
LOAD CMakeFiles/motor_foc.elf.dir/Src/usart.c.obj
LOAD CMakeFiles/motor_foc.elf.dir/Startup/startup_stm32f103cbtx.s.obj
LOAD CMakeFiles/motor_foc.elf.dir/all/start.c.obj
LOAD CMakeFiles/motor_foc.elf.dir/user/debug.c.obj
LOAD CMakeFiles/motor_foc.elf.dir/user/key.c.obj
LOAD CMakeFiles/motor_foc.elf.dir/user/mt6816.c.obj
LOAD CMakeFiles/motor_foc.elf.dir/user/stepmotor.c.obj
LOAD CMakeFiles/motor_foc.elf.dir/user/stepmotor_utils.c.obj
START GROUP
LOAD C:/PROGRA~1/JetBrains/arm-gnu-toolchain-13.3.rel1-mingw-w64-i686-arm-none-eabi/arm-gnu-toolchain-13.3.rel1-mingw-w64-i686-arm-none-eabi/bin/../lib/gcc/arm-none-eabi/13.3.1/thumb/v7-m/nofp\libgcc.a
LOAD C:/PROGRA~1/JetBrains/arm-gnu-toolchain-13.3.rel1-mingw-w64-i686-arm-none-eabi/arm-gnu-toolchain-13.3.rel1-mingw-w64-i686-arm-none-eabi/bin/../lib/gcc/arm-none-eabi/13.3.1/thumb/v7-m/nofp\libg.a
LOAD C:/PROGRA~1/JetBrains/arm-gnu-toolchain-13.3.rel1-mingw-w64-i686-arm-none-eabi/arm-gnu-toolchain-13.3.rel1-mingw-w64-i686-arm-none-eabi/bin/../lib/gcc/arm-none-eabi/13.3.1/thumb/v7-m/nofp\libc.a
END GROUP
LOAD C:/PROGRA~1/JetBrains/arm-gnu-toolchain-13.3.rel1-mingw-w64-i686-arm-none-eabi/arm-gnu-toolchain-13.3.rel1-mingw-w64-i686-arm-none-eabi/bin/../lib/gcc/arm-none-eabi/13.3.1/thumb/v7-m/nofp/crtend.o
LOAD C:/PROGRA~1/JetBrains/arm-gnu-toolchain-13.3.rel1-mingw-w64-i686-arm-none-eabi/arm-gnu-toolchain-13.3.rel1-mingw-w64-i686-arm-none-eabi/bin/../lib/gcc/arm-none-eabi/13.3.1/thumb/v7-m/nofp/crtn.o
                0x20005000                        _estack = (ORIGIN (RAM) + LENGTH (RAM))
                0x00000200                        _Min_Heap_Size = 0x200
                0x00000400                        _Min_Stack_Size = 0x400

.isr_vector     0x08000000      0x10c
                0x08000000                        . = ALIGN (0x4)
 *(.isr_vector)
 .isr_vector    0x08000000      0x10c CMakeFiles/motor_foc.elf.dir/Startup/startup_stm32f103cbtx.s.obj
                0x08000000                g_pfnVectors
                0x0800010c                        . = ALIGN (0x4)

.text           0x08000110     0x9ba4
                0x08000110                        . = ALIGN (0x4)
 *(.text)
 .text          0x08000110      0x378 C:/PROGRA~1/JetBrains/arm-gnu-toolchain-13.3.rel1-mingw-w64-i686-arm-none-eabi/arm-gnu-toolchain-13.3.rel1-mingw-w64-i686-arm-none-eabi/bin/../lib/gcc/arm-none-eabi/13.3.1/thumb/v7-m/nofp\libgcc.a(_arm_addsubdf3.o)
                0x08000110                __aeabi_drsub
                0x08000118                __aeabi_dsub
                0x08000118                __subdf3
                0x0800011c                __aeabi_dadd
                0x0800011c                __adddf3
                0x08000394                __floatunsidf
                0x08000394                __aeabi_ui2d
                0x080003b4                __floatsidf
                0x080003b4                __aeabi_i2d
                0x080003d8                __aeabi_f2d
                0x080003d8                __extendsfdf2
                0x0800041c                __floatundidf
                0x0800041c                __aeabi_ul2d
                0x0800042c                __floatdidf
                0x0800042c                __aeabi_l2d
 .text          0x08000488       0xa0 C:/PROGRA~1/JetBrains/arm-gnu-toolchain-13.3.rel1-mingw-w64-i686-arm-none-eabi/arm-gnu-toolchain-13.3.rel1-mingw-w64-i686-arm-none-eabi/bin/../lib/gcc/arm-none-eabi/13.3.1/thumb/v7-m/nofp\libgcc.a(_arm_truncdfsf2.o)
                0x08000488                __truncdfsf2
                0x08000488                __aeabi_d2f
 .text          0x08000528      0x21c C:/PROGRA~1/JetBrains/arm-gnu-toolchain-13.3.rel1-mingw-w64-i686-arm-none-eabi/arm-gnu-toolchain-13.3.rel1-mingw-w64-i686-arm-none-eabi/bin/../lib/gcc/arm-none-eabi/13.3.1/thumb/v7-m/nofp\libgcc.a(_arm_addsubsf3.o)
                0x08000528                __aeabi_frsub
                0x08000530                __subsf3
                0x08000530                __aeabi_fsub
                0x08000534                __aeabi_fadd
                0x08000534                __addsf3
                0x08000694                __aeabi_ui2f
                0x08000694                __floatunsisf
                0x0800069c                __aeabi_i2f
                0x0800069c                __floatsisf
                0x080006b8                __aeabi_ul2f
                0x080006b8                __floatundisf
                0x080006c8                __aeabi_l2f
                0x080006c8                __floatdisf
 .text          0x08000744      0x2a0 C:/PROGRA~1/JetBrains/arm-gnu-toolchain-13.3.rel1-mingw-w64-i686-arm-none-eabi/arm-gnu-toolchain-13.3.rel1-mingw-w64-i686-arm-none-eabi/bin/../lib/gcc/arm-none-eabi/13.3.1/thumb/v7-m/nofp\libgcc.a(_arm_muldivsf3.o)
                0x08000744                __mulsf3
                0x08000744                __aeabi_fmul
                0x080008ac                __aeabi_fdiv
                0x080008ac                __divsf3
 .text          0x080009e4       0xec C:/PROGRA~1/JetBrains/arm-gnu-toolchain-13.3.rel1-mingw-w64-i686-arm-none-eabi/arm-gnu-toolchain-13.3.rel1-mingw-w64-i686-arm-none-eabi/bin/../lib/gcc/arm-none-eabi/13.3.1/thumb/v7-m/nofp\libgcc.a(_arm_cmpsf2.o)
                0x080009e4                __gesf2
                0x080009e4                __gtsf2
                0x080009ec                __lesf2
                0x080009ec                __ltsf2
                0x080009f4                __nesf2
                0x080009f4                __eqsf2
                0x080009f4                __cmpsf2
                0x08000a54                __aeabi_cfrcmple
                0x08000a5c                __aeabi_cfcmpeq
                0x08000a5c                __aeabi_cfcmple
                0x08000a6c                __aeabi_fcmpeq
                0x08000a80                __aeabi_fcmplt
                0x08000a94                __aeabi_fcmple
                0x08000aa8                __aeabi_fcmpge
                0x08000abc                __aeabi_fcmpgt
 .text          0x08000ad0       0x40 C:/PROGRA~1/JetBrains/arm-gnu-toolchain-13.3.rel1-mingw-w64-i686-arm-none-eabi/arm-gnu-toolchain-13.3.rel1-mingw-w64-i686-arm-none-eabi/bin/../lib/gcc/arm-none-eabi/13.3.1/thumb/v7-m/nofp\libgcc.a(_arm_fixunssfsi.o)
                0x08000ad0                __fixunssfsi
                0x08000ad0                __aeabi_f2uiz
 .text          0x08000b10       0xec C:/PROGRA~1/JetBrains/arm-gnu-toolchain-13.3.rel1-mingw-w64-i686-arm-none-eabi/arm-gnu-toolchain-13.3.rel1-mingw-w64-i686-arm-none-eabi/bin/../lib/gcc/arm-none-eabi/13.3.1/thumb/v7-m/nofp\libg.a(libc_a-memcpy.o)
                0x08000b10                memcpy
 .text          0x08000bfc      0x424 C:/PROGRA~1/JetBrains/arm-gnu-toolchain-13.3.rel1-mingw-w64-i686-arm-none-eabi/arm-gnu-toolchain-13.3.rel1-mingw-w64-i686-arm-none-eabi/bin/../lib/gcc/arm-none-eabi/13.3.1/thumb/v7-m/nofp\libgcc.a(_arm_muldivdf3.o)
                0x08000bfc                __aeabi_dmul
                0x08000bfc                __muldf3
                0x08000e50                __divdf3
                0x08000e50                __aeabi_ddiv
 .text          0x08001020      0x110 C:/PROGRA~1/JetBrains/arm-gnu-toolchain-13.3.rel1-mingw-w64-i686-arm-none-eabi/arm-gnu-toolchain-13.3.rel1-mingw-w64-i686-arm-none-eabi/bin/../lib/gcc/arm-none-eabi/13.3.1/thumb/v7-m/nofp\libgcc.a(_arm_cmpdf2.o)
                0x08001020                __gtdf2
                0x08001020                __gedf2
                0x08001028                __ltdf2
                0x08001028                __ledf2
                0x08001030                __nedf2
                0x08001030                __eqdf2
                0x08001030                __cmpdf2
                0x080010ac                __aeabi_cdrcmple
                0x080010bc                __aeabi_cdcmpeq
                0x080010bc                __aeabi_cdcmple
                0x080010cc                __aeabi_dcmpeq
                0x080010e0                __aeabi_dcmplt
                0x080010f4                __aeabi_dcmple
                0x08001108                __aeabi_dcmpge
                0x0800111c                __aeabi_dcmpgt
 .text          0x08001130       0x2c C:/PROGRA~1/JetBrains/arm-gnu-toolchain-13.3.rel1-mingw-w64-i686-arm-none-eabi/arm-gnu-toolchain-13.3.rel1-mingw-w64-i686-arm-none-eabi/bin/../lib/gcc/arm-none-eabi/13.3.1/thumb/v7-m/nofp\libgcc.a(_arm_unorddf2.o)
                0x08001130                __unorddf2
                0x08001130                __aeabi_dcmpun
 .text          0x0800115c       0x50 C:/PROGRA~1/JetBrains/arm-gnu-toolchain-13.3.rel1-mingw-w64-i686-arm-none-eabi/arm-gnu-toolchain-13.3.rel1-mingw-w64-i686-arm-none-eabi/bin/../lib/gcc/arm-none-eabi/13.3.1/thumb/v7-m/nofp\libgcc.a(_arm_fixdfsi.o)
                0x0800115c                __aeabi_d2iz
                0x0800115c                __fixdfsi
 *(.text*)
 .text.deregister_tm_clones
                0x080011ac       0x1c C:/PROGRA~1/JetBrains/arm-gnu-toolchain-13.3.rel1-mingw-w64-i686-arm-none-eabi/arm-gnu-toolchain-13.3.rel1-mingw-w64-i686-arm-none-eabi/bin/../lib/gcc/arm-none-eabi/13.3.1/thumb/v7-m/nofp/crtbegin.o
 .text.register_tm_clones
                0x080011c8       0x24 C:/PROGRA~1/JetBrains/arm-gnu-toolchain-13.3.rel1-mingw-w64-i686-arm-none-eabi/arm-gnu-toolchain-13.3.rel1-mingw-w64-i686-arm-none-eabi/bin/../lib/gcc/arm-none-eabi/13.3.1/thumb/v7-m/nofp/crtbegin.o
 .text.__do_global_dtors_aux
                0x080011ec       0x28 C:/PROGRA~1/JetBrains/arm-gnu-toolchain-13.3.rel1-mingw-w64-i686-arm-none-eabi/arm-gnu-toolchain-13.3.rel1-mingw-w64-i686-arm-none-eabi/bin/../lib/gcc/arm-none-eabi/13.3.1/thumb/v7-m/nofp/crtbegin.o
 .text.frame_dummy
                0x08001214       0x24 C:/PROGRA~1/JetBrains/arm-gnu-toolchain-13.3.rel1-mingw-w64-i686-arm-none-eabi/arm-gnu-toolchain-13.3.rel1-mingw-w64-i686-arm-none-eabi/bin/../lib/gcc/arm-none-eabi/13.3.1/thumb/v7-m/nofp/crtbegin.o
 .text.calc_speed_now
                0x08001238       0x88 CMakeFiles/motor_foc.elf.dir/Control/speed.c.obj
 .text.PID_Init
                0x080012c0       0x14 CMakeFiles/motor_foc.elf.dir/Control/speed.c.obj
                0x080012c0                PID_Init
 *fill*         0x080012d4        0x4 
 .text.Speed_PID_Control
                0x080012d8      0x104 CMakeFiles/motor_foc.elf.dir/Control/speed.c.obj
                0x080012d8                Speed_PID_Control
 .text.Speed_Debug_Init
                0x080013dc       0x1c CMakeFiles/motor_foc.elf.dir/Control/speed.c.obj
                0x080013dc                Speed_Debug_Init
 .text.HAL_InitTick
                0x080013f8       0x4c CMakeFiles/motor_foc.elf.dir/Drivers/STM32F1xx_HAL_Driver/Src/stm32f1xx_hal.c.obj
                0x080013f8                HAL_InitTick
 .text.HAL_Init
                0x08001444       0x24 CMakeFiles/motor_foc.elf.dir/Drivers/STM32F1xx_HAL_Driver/Src/stm32f1xx_hal.c.obj
                0x08001444                HAL_Init
 .text.HAL_IncTick
                0x08001468       0x18 CMakeFiles/motor_foc.elf.dir/Drivers/STM32F1xx_HAL_Driver/Src/stm32f1xx_hal.c.obj
                0x08001468                HAL_IncTick
 .text.HAL_GetTick
                0x08001480        0xc CMakeFiles/motor_foc.elf.dir/Drivers/STM32F1xx_HAL_Driver/Src/stm32f1xx_hal.c.obj
                0x08001480                HAL_GetTick
 .text.HAL_Delay
                0x0800148c       0x28 CMakeFiles/motor_foc.elf.dir/Drivers/STM32F1xx_HAL_Driver/Src/stm32f1xx_hal.c.obj
                0x0800148c                HAL_Delay
 .text.__NVIC_SetPriority
                0x080014b4       0x28 CMakeFiles/motor_foc.elf.dir/Drivers/STM32F1xx_HAL_Driver/Src/stm32f1xx_hal_cortex.c.obj
 .text.NVIC_EncodePriority
                0x080014dc       0x3e CMakeFiles/motor_foc.elf.dir/Drivers/STM32F1xx_HAL_Driver/Src/stm32f1xx_hal_cortex.c.obj
 *fill*         0x0800151a        0x2 
 .text.HAL_NVIC_SetPriorityGrouping
                0x0800151c       0x24 CMakeFiles/motor_foc.elf.dir/Drivers/STM32F1xx_HAL_Driver/Src/stm32f1xx_hal_cortex.c.obj
                0x0800151c                HAL_NVIC_SetPriorityGrouping
 .text.HAL_NVIC_SetPriority
                0x08001540       0x20 CMakeFiles/motor_foc.elf.dir/Drivers/STM32F1xx_HAL_Driver/Src/stm32f1xx_hal_cortex.c.obj
                0x08001540                HAL_NVIC_SetPriority
 .text.HAL_NVIC_EnableIRQ
                0x08001560       0x1c CMakeFiles/motor_foc.elf.dir/Drivers/STM32F1xx_HAL_Driver/Src/stm32f1xx_hal_cortex.c.obj
                0x08001560                HAL_NVIC_EnableIRQ
 .text.HAL_SYSTICK_Config
                0x0800157c       0x28 CMakeFiles/motor_foc.elf.dir/Drivers/STM32F1xx_HAL_Driver/Src/stm32f1xx_hal_cortex.c.obj
                0x0800157c                HAL_SYSTICK_Config
 .text.DMA_SetConfig
                0x080015a4       0x2c CMakeFiles/motor_foc.elf.dir/Drivers/STM32F1xx_HAL_Driver/Src/stm32f1xx_hal_dma.c.obj
 .text.HAL_DMA_Init
                0x080015d0       0x68 CMakeFiles/motor_foc.elf.dir/Drivers/STM32F1xx_HAL_Driver/Src/stm32f1xx_hal_dma.c.obj
                0x080015d0                HAL_DMA_Init
 .text.HAL_DMA_Start_IT
                0x08001638       0x76 CMakeFiles/motor_foc.elf.dir/Drivers/STM32F1xx_HAL_Driver/Src/stm32f1xx_hal_dma.c.obj
                0x08001638                HAL_DMA_Start_IT
 .text.HAL_DMA_Abort
                0x080016ae       0x46 CMakeFiles/motor_foc.elf.dir/Drivers/STM32F1xx_HAL_Driver/Src/stm32f1xx_hal_dma.c.obj
                0x080016ae                HAL_DMA_Abort
 .text.HAL_DMA_Abort_IT
                0x080016f4       0x98 CMakeFiles/motor_foc.elf.dir/Drivers/STM32F1xx_HAL_Driver/Src/stm32f1xx_hal_dma.c.obj
                0x080016f4                HAL_DMA_Abort_IT
 .text.HAL_DMA_IRQHandler
                0x0800178c      0x144 CMakeFiles/motor_foc.elf.dir/Drivers/STM32F1xx_HAL_Driver/Src/stm32f1xx_hal_dma.c.obj
                0x0800178c                HAL_DMA_IRQHandler
 .text.HAL_GPIO_Init
                0x080018d0      0x21c CMakeFiles/motor_foc.elf.dir/Drivers/STM32F1xx_HAL_Driver/Src/stm32f1xx_hal_gpio.c.obj
                0x080018d0                HAL_GPIO_Init
 .text.HAL_GPIO_WritePin
                0x08001aec        0xc CMakeFiles/motor_foc.elf.dir/Drivers/STM32F1xx_HAL_Driver/Src/stm32f1xx_hal_gpio.c.obj
                0x08001aec                HAL_GPIO_WritePin
 .text.HAL_GPIO_TogglePin
                0x08001af8       0x12 CMakeFiles/motor_foc.elf.dir/Drivers/STM32F1xx_HAL_Driver/Src/stm32f1xx_hal_gpio.c.obj
                0x08001af8                HAL_GPIO_TogglePin
 *fill*         0x08001b0a        0x2 
 .text.RCC_Delay
                0x08001b0c       0x2c CMakeFiles/motor_foc.elf.dir/Drivers/STM32F1xx_HAL_Driver/Src/stm32f1xx_hal_rcc.c.obj
 .text.HAL_RCC_OscConfig
                0x08001b38      0x410 CMakeFiles/motor_foc.elf.dir/Drivers/STM32F1xx_HAL_Driver/Src/stm32f1xx_hal_rcc.c.obj
                0x08001b38                HAL_RCC_OscConfig
 .text.HAL_RCC_GetSysClockFreq
                0x08001f48       0x60 CMakeFiles/motor_foc.elf.dir/Drivers/STM32F1xx_HAL_Driver/Src/stm32f1xx_hal_rcc.c.obj
                0x08001f48                HAL_RCC_GetSysClockFreq
 .text.HAL_RCC_ClockConfig
                0x08001fa8      0x16c CMakeFiles/motor_foc.elf.dir/Drivers/STM32F1xx_HAL_Driver/Src/stm32f1xx_hal_rcc.c.obj
                0x08001fa8                HAL_RCC_ClockConfig
 .text.HAL_RCC_GetHCLKFreq
                0x08002114        0xc CMakeFiles/motor_foc.elf.dir/Drivers/STM32F1xx_HAL_Driver/Src/stm32f1xx_hal_rcc.c.obj
                0x08002114                HAL_RCC_GetHCLKFreq
 .text.HAL_RCC_GetPCLK1Freq
                0x08002120       0x20 CMakeFiles/motor_foc.elf.dir/Drivers/STM32F1xx_HAL_Driver/Src/stm32f1xx_hal_rcc.c.obj
                0x08002120                HAL_RCC_GetPCLK1Freq
 .text.HAL_RCC_GetPCLK2Freq
                0x08002140       0x20 CMakeFiles/motor_foc.elf.dir/Drivers/STM32F1xx_HAL_Driver/Src/stm32f1xx_hal_rcc.c.obj
                0x08002140                HAL_RCC_GetPCLK2Freq
 .text.SPI_WaitFlagStateUntilTimeout
                0x08002160       0xc8 CMakeFiles/motor_foc.elf.dir/Drivers/STM32F1xx_HAL_Driver/Src/stm32f1xx_hal_spi.c.obj
 .text.SPI_EndRxTxTransaction
                0x08002228       0x44 CMakeFiles/motor_foc.elf.dir/Drivers/STM32F1xx_HAL_Driver/Src/stm32f1xx_hal_spi.c.obj
 .text.HAL_SPI_Init
                0x0800226c       0xb6 CMakeFiles/motor_foc.elf.dir/Drivers/STM32F1xx_HAL_Driver/Src/stm32f1xx_hal_spi.c.obj
                0x0800226c                HAL_SPI_Init
 .text.HAL_SPI_TransmitReceive
                0x08002322      0x254 CMakeFiles/motor_foc.elf.dir/Drivers/STM32F1xx_HAL_Driver/Src/stm32f1xx_hal_spi.c.obj
                0x08002322                HAL_SPI_TransmitReceive
 *fill*         0x08002576        0x2 
 .text.TIM_OC1_SetConfig
                0x08002578       0x54 CMakeFiles/motor_foc.elf.dir/Drivers/STM32F1xx_HAL_Driver/Src/stm32f1xx_hal_tim.c.obj
 .text.TIM_OC3_SetConfig
                0x080025cc       0x5c CMakeFiles/motor_foc.elf.dir/Drivers/STM32F1xx_HAL_Driver/Src/stm32f1xx_hal_tim.c.obj
 .text.TIM_OC4_SetConfig
                0x08002628       0x48 CMakeFiles/motor_foc.elf.dir/Drivers/STM32F1xx_HAL_Driver/Src/stm32f1xx_hal_tim.c.obj
 .text.HAL_TIM_PeriodElapsedCallback
                0x08002670        0x2 CMakeFiles/motor_foc.elf.dir/Drivers/STM32F1xx_HAL_Driver/Src/stm32f1xx_hal_tim.c.obj
                0x08002670                HAL_TIM_PeriodElapsedCallback
 .text.HAL_TIM_OC_DelayElapsedCallback
                0x08002672        0x2 CMakeFiles/motor_foc.elf.dir/Drivers/STM32F1xx_HAL_Driver/Src/stm32f1xx_hal_tim.c.obj
                0x08002672                HAL_TIM_OC_DelayElapsedCallback
 .text.HAL_TIM_IC_CaptureCallback
                0x08002674        0x2 CMakeFiles/motor_foc.elf.dir/Drivers/STM32F1xx_HAL_Driver/Src/stm32f1xx_hal_tim.c.obj
                0x08002674                HAL_TIM_IC_CaptureCallback
 .text.HAL_TIM_PWM_PulseFinishedCallback
                0x08002676        0x2 CMakeFiles/motor_foc.elf.dir/Drivers/STM32F1xx_HAL_Driver/Src/stm32f1xx_hal_tim.c.obj
                0x08002676                HAL_TIM_PWM_PulseFinishedCallback
 .text.HAL_TIM_TriggerCallback
                0x08002678        0x2 CMakeFiles/motor_foc.elf.dir/Drivers/STM32F1xx_HAL_Driver/Src/stm32f1xx_hal_tim.c.obj
                0x08002678                HAL_TIM_TriggerCallback
 .text.HAL_TIM_IRQHandler
                0x0800267a      0x15e CMakeFiles/motor_foc.elf.dir/Drivers/STM32F1xx_HAL_Driver/Src/stm32f1xx_hal_tim.c.obj
                0x0800267a                HAL_TIM_IRQHandler
 .text.TIM_Base_SetConfig
                0x080027d8       0x84 CMakeFiles/motor_foc.elf.dir/Drivers/STM32F1xx_HAL_Driver/Src/stm32f1xx_hal_tim.c.obj
                0x080027d8                TIM_Base_SetConfig
 .text.HAL_TIM_PWM_Init
                0x0800285c       0x58 CMakeFiles/motor_foc.elf.dir/Drivers/STM32F1xx_HAL_Driver/Src/stm32f1xx_hal_tim.c.obj
                0x0800285c                HAL_TIM_PWM_Init
 .text.TIM_OC2_SetConfig
                0x080028b4       0x5c CMakeFiles/motor_foc.elf.dir/Drivers/STM32F1xx_HAL_Driver/Src/stm32f1xx_hal_tim.c.obj
                0x080028b4                TIM_OC2_SetConfig
 .text.HAL_TIM_PWM_ConfigChannel
                0x08002910       0xdc CMakeFiles/motor_foc.elf.dir/Drivers/STM32F1xx_HAL_Driver/Src/stm32f1xx_hal_tim.c.obj
                0x08002910                HAL_TIM_PWM_ConfigChannel
 .text.HAL_TIMEx_MasterConfigSynchronization
                0x080029ec       0x6c CMakeFiles/motor_foc.elf.dir/Drivers/STM32F1xx_HAL_Driver/Src/stm32f1xx_hal_tim_ex.c.obj
                0x080029ec                HAL_TIMEx_MasterConfigSynchronization
 .text.HAL_TIMEx_CommutCallback
                0x08002a58        0x2 CMakeFiles/motor_foc.elf.dir/Drivers/STM32F1xx_HAL_Driver/Src/stm32f1xx_hal_tim_ex.c.obj
                0x08002a58                HAL_TIMEx_CommutCallback
 .text.HAL_TIMEx_BreakCallback
                0x08002a5a        0x2 CMakeFiles/motor_foc.elf.dir/Drivers/STM32F1xx_HAL_Driver/Src/stm32f1xx_hal_tim_ex.c.obj
                0x08002a5a                HAL_TIMEx_BreakCallback
 .text.UART_EndTxTransfer
                0x08002a5c       0x20 CMakeFiles/motor_foc.elf.dir/Drivers/STM32F1xx_HAL_Driver/Src/stm32f1xx_hal_uart.c.obj
 .text.UART_EndRxTransfer
                0x08002a7c       0x5c CMakeFiles/motor_foc.elf.dir/Drivers/STM32F1xx_HAL_Driver/Src/stm32f1xx_hal_uart.c.obj
 .text.UART_Transmit_IT
                0x08002ad8       0x60 CMakeFiles/motor_foc.elf.dir/Drivers/STM32F1xx_HAL_Driver/Src/stm32f1xx_hal_uart.c.obj
 .text.UART_SetConfig
                0x08002b38       0x94 CMakeFiles/motor_foc.elf.dir/Drivers/STM32F1xx_HAL_Driver/Src/stm32f1xx_hal_uart.c.obj
 .text.HAL_UART_Init
                0x08002bcc       0x60 CMakeFiles/motor_foc.elf.dir/Drivers/STM32F1xx_HAL_Driver/Src/stm32f1xx_hal_uart.c.obj
                0x08002bcc                HAL_UART_Init
 .text.HAL_UART_Transmit_DMA
                0x08002c2c       0x84 CMakeFiles/motor_foc.elf.dir/Drivers/STM32F1xx_HAL_Driver/Src/stm32f1xx_hal_uart.c.obj
                0x08002c2c                HAL_UART_Transmit_DMA
 .text.UART_DMATransmitCplt
                0x08002cb0       0x4c CMakeFiles/motor_foc.elf.dir/Drivers/STM32F1xx_HAL_Driver/Src/stm32f1xx_hal_uart.c.obj
 .text.UART_EndTransmit_IT
                0x08002cfc       0x1a CMakeFiles/motor_foc.elf.dir/Drivers/STM32F1xx_HAL_Driver/Src/stm32f1xx_hal_uart.c.obj
 .text.HAL_UART_TxHalfCpltCallback
                0x08002d16        0x2 CMakeFiles/motor_foc.elf.dir/Drivers/STM32F1xx_HAL_Driver/Src/stm32f1xx_hal_uart.c.obj
                0x08002d16                HAL_UART_TxHalfCpltCallback
 .text.UART_DMATxHalfCplt
                0x08002d18        0xa CMakeFiles/motor_foc.elf.dir/Drivers/STM32F1xx_HAL_Driver/Src/stm32f1xx_hal_uart.c.obj
 .text.HAL_UART_RxCpltCallback
                0x08002d22        0x2 CMakeFiles/motor_foc.elf.dir/Drivers/STM32F1xx_HAL_Driver/Src/stm32f1xx_hal_uart.c.obj
                0x08002d22                HAL_UART_RxCpltCallback
 .text.HAL_UART_ErrorCallback
                0x08002d24        0x2 CMakeFiles/motor_foc.elf.dir/Drivers/STM32F1xx_HAL_Driver/Src/stm32f1xx_hal_uart.c.obj
                0x08002d24                HAL_UART_ErrorCallback
 .text.UART_DMAError
                0x08002d26       0x58 CMakeFiles/motor_foc.elf.dir/Drivers/STM32F1xx_HAL_Driver/Src/stm32f1xx_hal_uart.c.obj
 .text.UART_DMAAbortOnError
                0x08002d7e       0x10 CMakeFiles/motor_foc.elf.dir/Drivers/STM32F1xx_HAL_Driver/Src/stm32f1xx_hal_uart.c.obj
 .text.HAL_UARTEx_RxEventCallback
                0x08002d8e        0x2 CMakeFiles/motor_foc.elf.dir/Drivers/STM32F1xx_HAL_Driver/Src/stm32f1xx_hal_uart.c.obj
                0x08002d8e                HAL_UARTEx_RxEventCallback
 .text.UART_Receive_IT
                0x08002d90       0xe6 CMakeFiles/motor_foc.elf.dir/Drivers/STM32F1xx_HAL_Driver/Src/stm32f1xx_hal_uart.c.obj
 *fill*         0x08002e76        0x2 
 .text.HAL_UART_IRQHandler
                0x08002e78      0x284 CMakeFiles/motor_foc.elf.dir/Drivers/STM32F1xx_HAL_Driver/Src/stm32f1xx_hal_uart.c.obj
                0x08002e78                HAL_UART_IRQHandler
 .text.MX_DMA_Init
                0x080030fc       0x34 CMakeFiles/motor_foc.elf.dir/Src/dma.c.obj
                0x080030fc                MX_DMA_Init
 .text.MX_GPIO_Init
                0x08003130       0xbc CMakeFiles/motor_foc.elf.dir/Src/gpio.c.obj
                0x08003130                MX_GPIO_Init
 .text.Error_Handler
                0x080031ec        0x4 CMakeFiles/motor_foc.elf.dir/Src/main.c.obj
                0x080031ec                Error_Handler
 .text.SystemClock_Config
                0x080031f0       0x64 CMakeFiles/motor_foc.elf.dir/Src/main.c.obj
                0x080031f0                SystemClock_Config
 .text.main     0x08003254       0x2a CMakeFiles/motor_foc.elf.dir/Src/main.c.obj
                0x08003254                main
 *fill*         0x0800327e        0x2 
 .text.MX_SPI1_Init
                0x08003280       0x4c CMakeFiles/motor_foc.elf.dir/Src/spi.c.obj
                0x08003280                MX_SPI1_Init
 .text.HAL_SPI_MspInit
                0x080032cc       0x88 CMakeFiles/motor_foc.elf.dir/Src/spi.c.obj
                0x080032cc                HAL_SPI_MspInit
 .text.HAL_MspInit
                0x08003354       0x44 CMakeFiles/motor_foc.elf.dir/Src/stm32f1xx_hal_msp.c.obj
                0x08003354                HAL_MspInit
 .text.NMI_Handler
                0x08003398        0x2 CMakeFiles/motor_foc.elf.dir/Src/stm32f1xx_it.c.obj
                0x08003398                NMI_Handler
 .text.HardFault_Handler
                0x0800339a        0x2 CMakeFiles/motor_foc.elf.dir/Src/stm32f1xx_it.c.obj
                0x0800339a                HardFault_Handler
 .text.MemManage_Handler
                0x0800339c        0x2 CMakeFiles/motor_foc.elf.dir/Src/stm32f1xx_it.c.obj
                0x0800339c                MemManage_Handler
 .text.BusFault_Handler
                0x0800339e        0x2 CMakeFiles/motor_foc.elf.dir/Src/stm32f1xx_it.c.obj
                0x0800339e                BusFault_Handler
 .text.UsageFault_Handler
                0x080033a0        0x2 CMakeFiles/motor_foc.elf.dir/Src/stm32f1xx_it.c.obj
                0x080033a0                UsageFault_Handler
 .text.SVC_Handler
                0x080033a2        0x2 CMakeFiles/motor_foc.elf.dir/Src/stm32f1xx_it.c.obj
                0x080033a2                SVC_Handler
 .text.DebugMon_Handler
                0x080033a4        0x2 CMakeFiles/motor_foc.elf.dir/Src/stm32f1xx_it.c.obj
                0x080033a4                DebugMon_Handler
 .text.PendSV_Handler
                0x080033a6        0x2 CMakeFiles/motor_foc.elf.dir/Src/stm32f1xx_it.c.obj
                0x080033a6                PendSV_Handler
 .text.DMA1_Channel4_IRQHandler
                0x080033a8       0x10 CMakeFiles/motor_foc.elf.dir/Src/stm32f1xx_it.c.obj
                0x080033a8                DMA1_Channel4_IRQHandler
 .text.TIM2_IRQHandler
                0x080033b8       0x10 CMakeFiles/motor_foc.elf.dir/Src/stm32f1xx_it.c.obj
                0x080033b8                TIM2_IRQHandler
 .text.USART1_IRQHandler
                0x080033c8       0x10 CMakeFiles/motor_foc.elf.dir/Src/stm32f1xx_it.c.obj
                0x080033c8                USART1_IRQHandler
 .text._getpid  0x080033d8        0x4 CMakeFiles/motor_foc.elf.dir/Src/syscalls.c.obj
                0x080033d8                _getpid
 .text._kill    0x080033dc       0x10 CMakeFiles/motor_foc.elf.dir/Src/syscalls.c.obj
                0x080033dc                _kill
 .text._exit    0x080033ec        0xc CMakeFiles/motor_foc.elf.dir/Src/syscalls.c.obj
                0x080033ec                _exit
 .text._read    0x080033f8       0x20 CMakeFiles/motor_foc.elf.dir/Src/syscalls.c.obj
                0x080033f8                _read
 .text._write   0x08003418       0x1c CMakeFiles/motor_foc.elf.dir/Src/syscalls.c.obj
                0x08003418                _write
 .text._close   0x08003434        0x6 CMakeFiles/motor_foc.elf.dir/Src/syscalls.c.obj
                0x08003434                _close
 .text._fstat   0x0800343a        0xa CMakeFiles/motor_foc.elf.dir/Src/syscalls.c.obj
                0x0800343a                _fstat
 .text._isatty  0x08003444        0x4 CMakeFiles/motor_foc.elf.dir/Src/syscalls.c.obj
                0x08003444                _isatty
 .text._lseek   0x08003448        0x4 CMakeFiles/motor_foc.elf.dir/Src/syscalls.c.obj
                0x08003448                _lseek
 .text._sbrk    0x0800344c       0x48 CMakeFiles/motor_foc.elf.dir/Src/sysmem.c.obj
                0x0800344c                _sbrk
 .text.SystemInit
                0x08003494        0x2 CMakeFiles/motor_foc.elf.dir/Src/system_stm32f1xx.c.obj
                0x08003494                SystemInit
 .text.HAL_TIM_PWM_MspInit
                0x08003496       0x3a CMakeFiles/motor_foc.elf.dir/Src/tim.c.obj
                0x08003496                HAL_TIM_PWM_MspInit
 .text.HAL_TIM_MspPostInit
                0x080034d0       0x64 CMakeFiles/motor_foc.elf.dir/Src/tim.c.obj
                0x080034d0                HAL_TIM_MspPostInit
 .text.MX_TIM2_Init
                0x08003534       0x90 CMakeFiles/motor_foc.elf.dir/Src/tim.c.obj
                0x08003534                MX_TIM2_Init
 .text.MX_USART1_UART_Init
                0x080035c4       0x34 CMakeFiles/motor_foc.elf.dir/Src/usart.c.obj
                0x080035c4                MX_USART1_UART_Init
 .text.HAL_UART_MspInit
                0x080035f8       0xcc CMakeFiles/motor_foc.elf.dir/Src/usart.c.obj
                0x080035f8                HAL_UART_MspInit
 .text.Reset_Handler
                0x080036c4       0x48 CMakeFiles/motor_foc.elf.dir/Startup/startup_stm32f103cbtx.s.obj
                0x080036c4                Reset_Handler
 .text.Default_Handler
                0x0800370c        0x2 CMakeFiles/motor_foc.elf.dir/Startup/startup_stm32f103cbtx.s.obj
                0x0800370c                RTC_Alarm_IRQHandler
                0x0800370c                EXTI2_IRQHandler
                0x0800370c                TIM1_CC_IRQHandler
                0x0800370c                PVD_IRQHandler
                0x0800370c                EXTI3_IRQHandler
                0x0800370c                EXTI0_IRQHandler
                0x0800370c                I2C2_EV_IRQHandler
                0x0800370c                ADC1_2_IRQHandler
                0x0800370c                SPI1_IRQHandler
                0x0800370c                TAMPER_IRQHandler
                0x0800370c                USART3_IRQHandler
                0x0800370c                RTC_IRQHandler
                0x0800370c                DMA1_Channel7_IRQHandler
                0x0800370c                CAN1_RX1_IRQHandler
                0x0800370c                TIM4_IRQHandler
                0x0800370c                I2C1_EV_IRQHandler
                0x0800370c                DMA1_Channel6_IRQHandler
                0x0800370c                TIM3_IRQHandler
                0x0800370c                RCC_IRQHandler
                0x0800370c                TIM1_TRG_COM_IRQHandler
                0x0800370c                DMA1_Channel1_IRQHandler
                0x0800370c                Default_Handler
                0x0800370c                EXTI15_10_IRQHandler
                0x0800370c                EXTI9_5_IRQHandler
                0x0800370c                SPI2_IRQHandler
                0x0800370c                DMA1_Channel5_IRQHandler
                0x0800370c                EXTI4_IRQHandler
                0x0800370c                USB_LP_CAN1_RX0_IRQHandler
                0x0800370c                USB_HP_CAN1_TX_IRQHandler
                0x0800370c                DMA1_Channel3_IRQHandler
                0x0800370c                TIM1_UP_IRQHandler
                0x0800370c                WWDG_IRQHandler
                0x0800370c                TIM1_BRK_IRQHandler
                0x0800370c                EXTI1_IRQHandler
                0x0800370c                USART2_IRQHandler
                0x0800370c                I2C2_ER_IRQHandler
                0x0800370c                DMA1_Channel2_IRQHandler
                0x0800370c                CAN1_SCE_IRQHandler
                0x0800370c                FLASH_IRQHandler
                0x0800370c                I2C1_ER_IRQHandler
                0x0800370c                USBWakeUp_IRQHandler
 *fill*         0x0800370e        0x2 
 .text.all      0x08003710       0x84 CMakeFiles/motor_foc.elf.dir/all/start.c.obj
                0x08003710                all
 .text.SysTick_Handler
                0x08003794       0xc8 CMakeFiles/motor_foc.elf.dir/all/start.c.obj
                0x08003794                SysTick_Handler
 .text.uart1_printf
                0x0800385c       0xbc CMakeFiles/motor_foc.elf.dir/user/debug.c.obj
                0x0800385c                uart1_printf
 .text.HAL_UART_TxCpltCallback
                0x08003918       0x64 CMakeFiles/motor_foc.elf.dir/user/debug.c.obj
                0x08003918                HAL_UART_TxCpltCallback
 .text.MT6816_ReadRaw_Alt
                0x0800397c       0x88 CMakeFiles/motor_foc.elf.dir/user/mt6816.c.obj
                0x0800397c                MT6816_ReadRaw_Alt
 .text.MT6816_ReadAngleDeg_Alt
                0x08003a04       0x38 CMakeFiles/motor_foc.elf.dir/user/mt6816.c.obj
                0x08003a04                MT6816_ReadAngleDeg_Alt
 .text.Motor_MicroStep
                0x08003a3c      0x148 CMakeFiles/motor_foc.elf.dir/user/stepmotor.c.obj
                0x08003a3c                Motor_MicroStep
 .text.stdio_exit_handler
                0x08003b84       0x18 C:/PROGRA~1/JetBrains/arm-gnu-toolchain-13.3.rel1-mingw-w64-i686-arm-none-eabi/arm-gnu-toolchain-13.3.rel1-mingw-w64-i686-arm-none-eabi/bin/../lib/gcc/arm-none-eabi/13.3.1/thumb/v7-m/nofp\libg.a(libc_a-findfp.o)
 .text.cleanup_stdio
                0x08003b9c       0x40 C:/PROGRA~1/JetBrains/arm-gnu-toolchain-13.3.rel1-mingw-w64-i686-arm-none-eabi/arm-gnu-toolchain-13.3.rel1-mingw-w64-i686-arm-none-eabi/bin/../lib/gcc/arm-none-eabi/13.3.1/thumb/v7-m/nofp\libg.a(libc_a-findfp.o)
 .text.global_stdio_init.part.0
                0x08003bdc       0xf0 C:/PROGRA~1/JetBrains/arm-gnu-toolchain-13.3.rel1-mingw-w64-i686-arm-none-eabi/arm-gnu-toolchain-13.3.rel1-mingw-w64-i686-arm-none-eabi/bin/../lib/gcc/arm-none-eabi/13.3.1/thumb/v7-m/nofp\libg.a(libc_a-findfp.o)
 .text.__sinit  0x08003ccc       0x3c C:/PROGRA~1/JetBrains/arm-gnu-toolchain-13.3.rel1-mingw-w64-i686-arm-none-eabi/arm-gnu-toolchain-13.3.rel1-mingw-w64-i686-arm-none-eabi/bin/../lib/gcc/arm-none-eabi/13.3.1/thumb/v7-m/nofp\libg.a(libc_a-findfp.o)
                0x08003ccc                __sinit
 .text.__sfp_lock_acquire
                0x08003d08        0xc C:/PROGRA~1/JetBrains/arm-gnu-toolchain-13.3.rel1-mingw-w64-i686-arm-none-eabi/arm-gnu-toolchain-13.3.rel1-mingw-w64-i686-arm-none-eabi/bin/../lib/gcc/arm-none-eabi/13.3.1/thumb/v7-m/nofp\libg.a(libc_a-findfp.o)
                0x08003d08                __sfp_lock_acquire
 .text.__sfp_lock_release
                0x08003d14        0xc C:/PROGRA~1/JetBrains/arm-gnu-toolchain-13.3.rel1-mingw-w64-i686-arm-none-eabi/arm-gnu-toolchain-13.3.rel1-mingw-w64-i686-arm-none-eabi/bin/../lib/gcc/arm-none-eabi/13.3.1/thumb/v7-m/nofp\libg.a(libc_a-findfp.o)
                0x08003d14                __sfp_lock_release
 .text._fwalk_sglue
                0x08003d20       0x44 C:/PROGRA~1/JetBrains/arm-gnu-toolchain-13.3.rel1-mingw-w64-i686-arm-none-eabi/arm-gnu-toolchain-13.3.rel1-mingw-w64-i686-arm-none-eabi/bin/../lib/gcc/arm-none-eabi/13.3.1/thumb/v7-m/nofp\libg.a(libc_a-fwalk.o)
                0x08003d20                _fwalk_sglue
 .text.__sread  0x08003d64       0x24 C:/PROGRA~1/JetBrains/arm-gnu-toolchain-13.3.rel1-mingw-w64-i686-arm-none-eabi/arm-gnu-toolchain-13.3.rel1-mingw-w64-i686-arm-none-eabi/bin/../lib/gcc/arm-none-eabi/13.3.1/thumb/v7-m/nofp\libg.a(libc_a-stdio.o)
                0x08003d64                __sread
 .text.__swrite
                0x08003d88       0x40 C:/PROGRA~1/JetBrains/arm-gnu-toolchain-13.3.rel1-mingw-w64-i686-arm-none-eabi/arm-gnu-toolchain-13.3.rel1-mingw-w64-i686-arm-none-eabi/bin/../lib/gcc/arm-none-eabi/13.3.1/thumb/v7-m/nofp\libg.a(libc_a-stdio.o)
                0x08003d88                __swrite
 .text.__sseek  0x08003dc8       0x24 C:/PROGRA~1/JetBrains/arm-gnu-toolchain-13.3.rel1-mingw-w64-i686-arm-none-eabi/arm-gnu-toolchain-13.3.rel1-mingw-w64-i686-arm-none-eabi/bin/../lib/gcc/arm-none-eabi/13.3.1/thumb/v7-m/nofp\libg.a(libc_a-stdio.o)
                0x08003dc8                __sseek
 .text.__sclose
                0x08003dec        0x8 C:/PROGRA~1/JetBrains/arm-gnu-toolchain-13.3.rel1-mingw-w64-i686-arm-none-eabi/arm-gnu-toolchain-13.3.rel1-mingw-w64-i686-arm-none-eabi/bin/../lib/gcc/arm-none-eabi/13.3.1/thumb/v7-m/nofp\libg.a(libc_a-stdio.o)
                0x08003dec                __sclose
 .text.vsnprintf
                0x08003df4       0x74 C:/PROGRA~1/JetBrains/arm-gnu-toolchain-13.3.rel1-mingw-w64-i686-arm-none-eabi/arm-gnu-toolchain-13.3.rel1-mingw-w64-i686-arm-none-eabi/bin/../lib/gcc/arm-none-eabi/13.3.1/thumb/v7-m/nofp\libg.a(libc_a-vsnprintf.o)
                0x08003df4                vsnprintf
 .text.memset   0x08003e68       0xa0 C:/PROGRA~1/JetBrains/arm-gnu-toolchain-13.3.rel1-mingw-w64-i686-arm-none-eabi/arm-gnu-toolchain-13.3.rel1-mingw-w64-i686-arm-none-eabi/bin/../lib/gcc/arm-none-eabi/13.3.1/thumb/v7-m/nofp\libg.a(libc_a-memset.o)
                0x08003e68                memset
 .text._close_r
                0x08003f08       0x24 C:/PROGRA~1/JetBrains/arm-gnu-toolchain-13.3.rel1-mingw-w64-i686-arm-none-eabi/arm-gnu-toolchain-13.3.rel1-mingw-w64-i686-arm-none-eabi/bin/../lib/gcc/arm-none-eabi/13.3.1/thumb/v7-m/nofp\libg.a(libc_a-closer.o)
                0x08003f08                _close_r
 .text._lseek_r
                0x08003f2c       0x2c C:/PROGRA~1/JetBrains/arm-gnu-toolchain-13.3.rel1-mingw-w64-i686-arm-none-eabi/arm-gnu-toolchain-13.3.rel1-mingw-w64-i686-arm-none-eabi/bin/../lib/gcc/arm-none-eabi/13.3.1/thumb/v7-m/nofp\libg.a(libc_a-lseekr.o)
                0x08003f2c                _lseek_r
 .text._read_r  0x08003f58       0x2c C:/PROGRA~1/JetBrains/arm-gnu-toolchain-13.3.rel1-mingw-w64-i686-arm-none-eabi/arm-gnu-toolchain-13.3.rel1-mingw-w64-i686-arm-none-eabi/bin/../lib/gcc/arm-none-eabi/13.3.1/thumb/v7-m/nofp\libg.a(libc_a-readr.o)
                0x08003f58                _read_r
 .text._write_r
                0x08003f84       0x2c C:/PROGRA~1/JetBrains/arm-gnu-toolchain-13.3.rel1-mingw-w64-i686-arm-none-eabi/arm-gnu-toolchain-13.3.rel1-mingw-w64-i686-arm-none-eabi/bin/../lib/gcc/arm-none-eabi/13.3.1/thumb/v7-m/nofp\libg.a(libc_a-writer.o)
                0x08003f84                _write_r
 .text.__errno  0x08003fb0        0xc C:/PROGRA~1/JetBrains/arm-gnu-toolchain-13.3.rel1-mingw-w64-i686-arm-none-eabi/arm-gnu-toolchain-13.3.rel1-mingw-w64-i686-arm-none-eabi/bin/../lib/gcc/arm-none-eabi/13.3.1/thumb/v7-m/nofp\libg.a(libc_a-errno.o)
                0x08003fb0                __errno
 .text.__libc_init_array
                0x08003fbc       0x50 C:/PROGRA~1/JetBrains/arm-gnu-toolchain-13.3.rel1-mingw-w64-i686-arm-none-eabi/arm-gnu-toolchain-13.3.rel1-mingw-w64-i686-arm-none-eabi/bin/../lib/gcc/arm-none-eabi/13.3.1/thumb/v7-m/nofp\libg.a(libc_a-init.o)
                0x08003fbc                __libc_init_array
 .text.__retarget_lock_init_recursive
                0x0800400c        0x4 C:/PROGRA~1/JetBrains/arm-gnu-toolchain-13.3.rel1-mingw-w64-i686-arm-none-eabi/arm-gnu-toolchain-13.3.rel1-mingw-w64-i686-arm-none-eabi/bin/../lib/gcc/arm-none-eabi/13.3.1/thumb/v7-m/nofp\libg.a(libc_a-lock.o)
                0x0800400c                __retarget_lock_init_recursive
 .text.__retarget_lock_close_recursive
                0x08004010        0x4 C:/PROGRA~1/JetBrains/arm-gnu-toolchain-13.3.rel1-mingw-w64-i686-arm-none-eabi/arm-gnu-toolchain-13.3.rel1-mingw-w64-i686-arm-none-eabi/bin/../lib/gcc/arm-none-eabi/13.3.1/thumb/v7-m/nofp\libg.a(libc_a-lock.o)
                0x08004010                __retarget_lock_close_recursive
 .text.__retarget_lock_acquire_recursive
                0x08004014        0x4 C:/PROGRA~1/JetBrains/arm-gnu-toolchain-13.3.rel1-mingw-w64-i686-arm-none-eabi/arm-gnu-toolchain-13.3.rel1-mingw-w64-i686-arm-none-eabi/bin/../lib/gcc/arm-none-eabi/13.3.1/thumb/v7-m/nofp\libg.a(libc_a-lock.o)
                0x08004014                __retarget_lock_acquire_recursive
 .text.__retarget_lock_release_recursive
                0x08004018        0x4 C:/PROGRA~1/JetBrains/arm-gnu-toolchain-13.3.rel1-mingw-w64-i686-arm-none-eabi/arm-gnu-toolchain-13.3.rel1-mingw-w64-i686-arm-none-eabi/bin/../lib/gcc/arm-none-eabi/13.3.1/thumb/v7-m/nofp\libg.a(libc_a-lock.o)
                0x08004018                __retarget_lock_release_recursive
 .text.startup.register_fini
                0x0800401c       0x14 C:/PROGRA~1/JetBrains/arm-gnu-toolchain-13.3.rel1-mingw-w64-i686-arm-none-eabi/arm-gnu-toolchain-13.3.rel1-mingw-w64-i686-arm-none-eabi/bin/../lib/gcc/arm-none-eabi/13.3.1/thumb/v7-m/nofp\libg.a(libc_a-__call_atexit.o)
 .text.atexit   0x08004030        0xc C:/PROGRA~1/JetBrains/arm-gnu-toolchain-13.3.rel1-mingw-w64-i686-arm-none-eabi/arm-gnu-toolchain-13.3.rel1-mingw-w64-i686-arm-none-eabi/bin/../lib/gcc/arm-none-eabi/13.3.1/thumb/v7-m/nofp\libg.a(libc_a-atexit.o)
                0x08004030                atexit
 .text._malloc_trim_r
                0x0800403c       0xb8 C:/PROGRA~1/JetBrains/arm-gnu-toolchain-13.3.rel1-mingw-w64-i686-arm-none-eabi/arm-gnu-toolchain-13.3.rel1-mingw-w64-i686-arm-none-eabi/bin/../lib/gcc/arm-none-eabi/13.3.1/thumb/v7-m/nofp\libg.a(libc_a-freer.o)
                0x0800403c                _malloc_trim_r
 .text._free_r  0x080040f4      0x1f8 C:/PROGRA~1/JetBrains/arm-gnu-toolchain-13.3.rel1-mingw-w64-i686-arm-none-eabi/arm-gnu-toolchain-13.3.rel1-mingw-w64-i686-arm-none-eabi/bin/../lib/gcc/arm-none-eabi/13.3.1/thumb/v7-m/nofp\libg.a(libc_a-freer.o)
                0x080040f4                _free_r
 .text._malloc_r
                0x080042ec      0x568 C:/PROGRA~1/JetBrains/arm-gnu-toolchain-13.3.rel1-mingw-w64-i686-arm-none-eabi/arm-gnu-toolchain-13.3.rel1-mingw-w64-i686-arm-none-eabi/bin/../lib/gcc/arm-none-eabi/13.3.1/thumb/v7-m/nofp\libg.a(libc_a-mallocr.o)
                0x080042ec                _malloc_r
 .text.__malloc_lock
                0x08004854        0xc C:/PROGRA~1/JetBrains/arm-gnu-toolchain-13.3.rel1-mingw-w64-i686-arm-none-eabi/arm-gnu-toolchain-13.3.rel1-mingw-w64-i686-arm-none-eabi/bin/../lib/gcc/arm-none-eabi/13.3.1/thumb/v7-m/nofp\libg.a(libc_a-mlock.o)
                0x08004854                __malloc_lock
 .text.__malloc_unlock
                0x08004860        0xc C:/PROGRA~1/JetBrains/arm-gnu-toolchain-13.3.rel1-mingw-w64-i686-arm-none-eabi/arm-gnu-toolchain-13.3.rel1-mingw-w64-i686-arm-none-eabi/bin/../lib/gcc/arm-none-eabi/13.3.1/thumb/v7-m/nofp\libg.a(libc_a-mlock.o)
                0x08004860                __malloc_unlock
 .text._svfprintf_r
                0x0800486c     0x1b2c C:/PROGRA~1/JetBrains/arm-gnu-toolchain-13.3.rel1-mingw-w64-i686-arm-none-eabi/arm-gnu-toolchain-13.3.rel1-mingw-w64-i686-arm-none-eabi/bin/../lib/gcc/arm-none-eabi/13.3.1/thumb/v7-m/nofp\libg.a(libc_a-svfprintf.o)
                0x0800486c                _svfprintf_r
 .text.__sprint_r
                0x08006398       0x20 C:/PROGRA~1/JetBrains/arm-gnu-toolchain-13.3.rel1-mingw-w64-i686-arm-none-eabi/arm-gnu-toolchain-13.3.rel1-mingw-w64-i686-arm-none-eabi/bin/../lib/gcc/arm-none-eabi/13.3.1/thumb/v7-m/nofp\libg.a(libc_a-sprint_r.o)
                0x08006398                __sprint_r
 .text.__ssprint_r
                0x080063b8       0x58 C:/PROGRA~1/JetBrains/arm-gnu-toolchain-13.3.rel1-mingw-w64-i686-arm-none-eabi/arm-gnu-toolchain-13.3.rel1-mingw-w64-i686-arm-none-eabi/bin/../lib/gcc/arm-none-eabi/13.3.1/thumb/v7-m/nofp\libg.a(libc_a-ssprint_r.o)
                0x080063b8                __ssprint_r
 .text._fclose_r
                0x08006410       0xc0 C:/PROGRA~1/JetBrains/arm-gnu-toolchain-13.3.rel1-mingw-w64-i686-arm-none-eabi/arm-gnu-toolchain-13.3.rel1-mingw-w64-i686-arm-none-eabi/bin/../lib/gcc/arm-none-eabi/13.3.1/thumb/v7-m/nofp\libg.a(libc_a-fclose.o)
                0x08006410                _fclose_r
 .text.__sflush_r
                0x080064d0      0x128 C:/PROGRA~1/JetBrains/arm-gnu-toolchain-13.3.rel1-mingw-w64-i686-arm-none-eabi/arm-gnu-toolchain-13.3.rel1-mingw-w64-i686-arm-none-eabi/bin/../lib/gcc/arm-none-eabi/13.3.1/thumb/v7-m/nofp\libg.a(libc_a-fflush.o)
                0x080064d0                __sflush_r
 .text._fflush_r
                0x080065f8       0x54 C:/PROGRA~1/JetBrains/arm-gnu-toolchain-13.3.rel1-mingw-w64-i686-arm-none-eabi/arm-gnu-toolchain-13.3.rel1-mingw-w64-i686-arm-none-eabi/bin/../lib/gcc/arm-none-eabi/13.3.1/thumb/v7-m/nofp\libg.a(libc_a-fflush.o)
                0x080065f8                _fflush_r
 .text.__sfvwrite_r
                0x0800664c      0x2ec C:/PROGRA~1/JetBrains/arm-gnu-toolchain-13.3.rel1-mingw-w64-i686-arm-none-eabi/arm-gnu-toolchain-13.3.rel1-mingw-w64-i686-arm-none-eabi/bin/../lib/gcc/arm-none-eabi/13.3.1/thumb/v7-m/nofp\libg.a(libc_a-fvwrite.o)
                0x0800664c                __sfvwrite_r
 .text.__swsetup_r
                0x08006938       0xc4 C:/PROGRA~1/JetBrains/arm-gnu-toolchain-13.3.rel1-mingw-w64-i686-arm-none-eabi/arm-gnu-toolchain-13.3.rel1-mingw-w64-i686-arm-none-eabi/bin/../lib/gcc/arm-none-eabi/13.3.1/thumb/v7-m/nofp\libg.a(libc_a-wsetup.o)
                0x08006938                __swsetup_r
 .text.memmove  0x080069fc       0xfc C:/PROGRA~1/JetBrains/arm-gnu-toolchain-13.3.rel1-mingw-w64-i686-arm-none-eabi/arm-gnu-toolchain-13.3.rel1-mingw-w64-i686-arm-none-eabi/bin/../lib/gcc/arm-none-eabi/13.3.1/thumb/v7-m/nofp\libg.a(libc_a-memmove.o)
                0x080069fc                memmove
 .text.strncpy  0x08006af8       0x6c C:/PROGRA~1/JetBrains/arm-gnu-toolchain-13.3.rel1-mingw-w64-i686-arm-none-eabi/arm-gnu-toolchain-13.3.rel1-mingw-w64-i686-arm-none-eabi/bin/../lib/gcc/arm-none-eabi/13.3.1/thumb/v7-m/nofp\libg.a(libc_a-strncpy.o)
                0x08006af8                strncpy
 .text.__locale_mb_cur_max
                0x08006b64        0xc C:/PROGRA~1/JetBrains/arm-gnu-toolchain-13.3.rel1-mingw-w64-i686-arm-none-eabi/arm-gnu-toolchain-13.3.rel1-mingw-w64-i686-arm-none-eabi/bin/../lib/gcc/arm-none-eabi/13.3.1/thumb/v7-m/nofp\libg.a(libc_a-locale.o)
                0x08006b64                __locale_mb_cur_max
 .text._localeconv_r
                0x08006b70        0x8 C:/PROGRA~1/JetBrains/arm-gnu-toolchain-13.3.rel1-mingw-w64-i686-arm-none-eabi/arm-gnu-toolchain-13.3.rel1-mingw-w64-i686-arm-none-eabi/bin/../lib/gcc/arm-none-eabi/13.3.1/thumb/v7-m/nofp\libg.a(libc_a-localeconv.o)
                0x08006b70                _localeconv_r
 .text._sbrk_r  0x08006b78       0x24 C:/PROGRA~1/JetBrains/arm-gnu-toolchain-13.3.rel1-mingw-w64-i686-arm-none-eabi/arm-gnu-toolchain-13.3.rel1-mingw-w64-i686-arm-none-eabi/bin/../lib/gcc/arm-none-eabi/13.3.1/thumb/v7-m/nofp\libg.a(libc_a-sbrkr.o)
                0x08006b78                _sbrk_r
 .text.__libc_fini_array
                0x08006b9c       0x28 C:/PROGRA~1/JetBrains/arm-gnu-toolchain-13.3.rel1-mingw-w64-i686-arm-none-eabi/arm-gnu-toolchain-13.3.rel1-mingw-w64-i686-arm-none-eabi/bin/../lib/gcc/arm-none-eabi/13.3.1/thumb/v7-m/nofp\libg.a(libc_a-fini.o)
                0x08006b9c                __libc_fini_array
 .text.sysconf  0x08006bc4       0x1c C:/PROGRA~1/JetBrains/arm-gnu-toolchain-13.3.rel1-mingw-w64-i686-arm-none-eabi/arm-gnu-toolchain-13.3.rel1-mingw-w64-i686-arm-none-eabi/bin/../lib/gcc/arm-none-eabi/13.3.1/thumb/v7-m/nofp\libg.a(libc_a-sysconf.o)
                0x08006bc4                sysconf
 .text.memchr   0x08006be0       0x98 C:/PROGRA~1/JetBrains/arm-gnu-toolchain-13.3.rel1-mingw-w64-i686-arm-none-eabi/arm-gnu-toolchain-13.3.rel1-mingw-w64-i686-arm-none-eabi/bin/../lib/gcc/arm-none-eabi/13.3.1/thumb/v7-m/nofp\libg.a(libc_a-memchr-stub.o)
                0x08006be0                memchr
 .text.strlen   0x08006c78       0x5c C:/PROGRA~1/JetBrains/arm-gnu-toolchain-13.3.rel1-mingw-w64-i686-arm-none-eabi/arm-gnu-toolchain-13.3.rel1-mingw-w64-i686-arm-none-eabi/bin/../lib/gcc/arm-none-eabi/13.3.1/thumb/v7-m/nofp\libg.a(libc_a-strlen-stub.o)
                0x08006c78                strlen
 .text.frexp    0x08006cd4       0x6c C:/PROGRA~1/JetBrains/arm-gnu-toolchain-13.3.rel1-mingw-w64-i686-arm-none-eabi/arm-gnu-toolchain-13.3.rel1-mingw-w64-i686-arm-none-eabi/bin/../lib/gcc/arm-none-eabi/13.3.1/thumb/v7-m/nofp\libg.a(libm_a-s_frexp.o)
                0x08006cd4                frexp
 .text.__register_exitproc
                0x08006d40       0x80 C:/PROGRA~1/JetBrains/arm-gnu-toolchain-13.3.rel1-mingw-w64-i686-arm-none-eabi/arm-gnu-toolchain-13.3.rel1-mingw-w64-i686-arm-none-eabi/bin/../lib/gcc/arm-none-eabi/13.3.1/thumb/v7-m/nofp\libg.a(libc_a-__atexit.o)
                0x08006d40                __register_exitproc
 .text.quorem   0x08006dc0      0x13c C:/PROGRA~1/JetBrains/arm-gnu-toolchain-13.3.rel1-mingw-w64-i686-arm-none-eabi/arm-gnu-toolchain-13.3.rel1-mingw-w64-i686-arm-none-eabi/bin/../lib/gcc/arm-none-eabi/13.3.1/thumb/v7-m/nofp\libg.a(libc_a-dtoa.o)
 *fill*         0x08006efc        0x4 
 .text._dtoa_r  0x08006f00      0xe94 C:/PROGRA~1/JetBrains/arm-gnu-toolchain-13.3.rel1-mingw-w64-i686-arm-none-eabi/arm-gnu-toolchain-13.3.rel1-mingw-w64-i686-arm-none-eabi/bin/../lib/gcc/arm-none-eabi/13.3.1/thumb/v7-m/nofp\libg.a(libc_a-dtoa.o)
                0x08006f00                _dtoa_r
 .text.__ascii_mbtowc
                0x08007d94       0x2c C:/PROGRA~1/JetBrains/arm-gnu-toolchain-13.3.rel1-mingw-w64-i686-arm-none-eabi/arm-gnu-toolchain-13.3.rel1-mingw-w64-i686-arm-none-eabi/bin/../lib/gcc/arm-none-eabi/13.3.1/thumb/v7-m/nofp\libg.a(libc_a-mbtowc_r.o)
                0x08007d94                __ascii_mbtowc
 .text._Balloc  0x08007dc0       0x4c C:/PROGRA~1/JetBrains/arm-gnu-toolchain-13.3.rel1-mingw-w64-i686-arm-none-eabi/arm-gnu-toolchain-13.3.rel1-mingw-w64-i686-arm-none-eabi/bin/../lib/gcc/arm-none-eabi/13.3.1/thumb/v7-m/nofp\libg.a(libc_a-mprec.o)
                0x08007dc0                _Balloc
 .text._Bfree   0x08007e0c       0x14 C:/PROGRA~1/JetBrains/arm-gnu-toolchain-13.3.rel1-mingw-w64-i686-arm-none-eabi/arm-gnu-toolchain-13.3.rel1-mingw-w64-i686-arm-none-eabi/bin/../lib/gcc/arm-none-eabi/13.3.1/thumb/v7-m/nofp\libg.a(libc_a-mprec.o)
                0x08007e0c                _Bfree
 .text.__multadd
                0x08007e20       0xa4 C:/PROGRA~1/JetBrains/arm-gnu-toolchain-13.3.rel1-mingw-w64-i686-arm-none-eabi/arm-gnu-toolchain-13.3.rel1-mingw-w64-i686-arm-none-eabi/bin/../lib/gcc/arm-none-eabi/13.3.1/thumb/v7-m/nofp\libg.a(libc_a-mprec.o)
                0x08007e20                __multadd
 .text.__hi0bits
                0x08007ec4       0x44 C:/PROGRA~1/JetBrains/arm-gnu-toolchain-13.3.rel1-mingw-w64-i686-arm-none-eabi/arm-gnu-toolchain-13.3.rel1-mingw-w64-i686-arm-none-eabi/bin/../lib/gcc/arm-none-eabi/13.3.1/thumb/v7-m/nofp\libg.a(libc_a-mprec.o)
                0x08007ec4                __hi0bits
 .text.__lo0bits
                0x08007f08       0x5c C:/PROGRA~1/JetBrains/arm-gnu-toolchain-13.3.rel1-mingw-w64-i686-arm-none-eabi/arm-gnu-toolchain-13.3.rel1-mingw-w64-i686-arm-none-eabi/bin/../lib/gcc/arm-none-eabi/13.3.1/thumb/v7-m/nofp\libg.a(libc_a-mprec.o)
                0x08007f08                __lo0bits
 .text.__i2b    0x08007f64       0x5c C:/PROGRA~1/JetBrains/arm-gnu-toolchain-13.3.rel1-mingw-w64-i686-arm-none-eabi/arm-gnu-toolchain-13.3.rel1-mingw-w64-i686-arm-none-eabi/bin/../lib/gcc/arm-none-eabi/13.3.1/thumb/v7-m/nofp\libg.a(libc_a-mprec.o)
                0x08007f64                __i2b
 .text.__multiply
                0x08007fc0      0x164 C:/PROGRA~1/JetBrains/arm-gnu-toolchain-13.3.rel1-mingw-w64-i686-arm-none-eabi/arm-gnu-toolchain-13.3.rel1-mingw-w64-i686-arm-none-eabi/bin/../lib/gcc/arm-none-eabi/13.3.1/thumb/v7-m/nofp\libg.a(libc_a-mprec.o)
                0x08007fc0                __multiply
 .text.__pow5mult
                0x08008124       0xb4 C:/PROGRA~1/JetBrains/arm-gnu-toolchain-13.3.rel1-mingw-w64-i686-arm-none-eabi/arm-gnu-toolchain-13.3.rel1-mingw-w64-i686-arm-none-eabi/bin/../lib/gcc/arm-none-eabi/13.3.1/thumb/v7-m/nofp\libg.a(libc_a-mprec.o)
                0x08008124                __pow5mult
 .text.__lshift
                0x080081d8       0xec C:/PROGRA~1/JetBrains/arm-gnu-toolchain-13.3.rel1-mingw-w64-i686-arm-none-eabi/arm-gnu-toolchain-13.3.rel1-mingw-w64-i686-arm-none-eabi/bin/../lib/gcc/arm-none-eabi/13.3.1/thumb/v7-m/nofp\libg.a(libc_a-mprec.o)
                0x080081d8                __lshift
 .text.__mcmp   0x080082c4       0x40 C:/PROGRA~1/JetBrains/arm-gnu-toolchain-13.3.rel1-mingw-w64-i686-arm-none-eabi/arm-gnu-toolchain-13.3.rel1-mingw-w64-i686-arm-none-eabi/bin/../lib/gcc/arm-none-eabi/13.3.1/thumb/v7-m/nofp\libg.a(libc_a-mprec.o)
                0x080082c4                __mcmp
 .text.__mdiff  0x08008304      0x178 C:/PROGRA~1/JetBrains/arm-gnu-toolchain-13.3.rel1-mingw-w64-i686-arm-none-eabi/arm-gnu-toolchain-13.3.rel1-mingw-w64-i686-arm-none-eabi/bin/../lib/gcc/arm-none-eabi/13.3.1/thumb/v7-m/nofp\libg.a(libc_a-mprec.o)
                0x08008304                __mdiff
 .text.__d2b    0x0800847c       0xbc C:/PROGRA~1/JetBrains/arm-gnu-toolchain-13.3.rel1-mingw-w64-i686-arm-none-eabi/arm-gnu-toolchain-13.3.rel1-mingw-w64-i686-arm-none-eabi/bin/../lib/gcc/arm-none-eabi/13.3.1/thumb/v7-m/nofp\libg.a(libc_a-mprec.o)
                0x0800847c                __d2b
 .text._realloc_r
                0x08008538      0x34c C:/PROGRA~1/JetBrains/arm-gnu-toolchain-13.3.rel1-mingw-w64-i686-arm-none-eabi/arm-gnu-toolchain-13.3.rel1-mingw-w64-i686-arm-none-eabi/bin/../lib/gcc/arm-none-eabi/13.3.1/thumb/v7-m/nofp\libg.a(libc_a-reallocr.o)
                0x08008538                _realloc_r
 .text.__ascii_wctomb
                0x08008884       0x1c C:/PROGRA~1/JetBrains/arm-gnu-toolchain-13.3.rel1-mingw-w64-i686-arm-none-eabi/arm-gnu-toolchain-13.3.rel1-mingw-w64-i686-arm-none-eabi/bin/../lib/gcc/arm-none-eabi/13.3.1/thumb/v7-m/nofp\libg.a(libc_a-wctomb_r.o)
                0x08008884                __ascii_wctomb
 .text._wcrtomb_r
                0x080088a0       0x4c C:/PROGRA~1/JetBrains/arm-gnu-toolchain-13.3.rel1-mingw-w64-i686-arm-none-eabi/arm-gnu-toolchain-13.3.rel1-mingw-w64-i686-arm-none-eabi/bin/../lib/gcc/arm-none-eabi/13.3.1/thumb/v7-m/nofp\libg.a(libc_a-wcrtomb.o)
                0x080088a0                _wcrtomb_r
 .text._wcsrtombs_r
                0x080088ec       0x18 C:/PROGRA~1/JetBrains/arm-gnu-toolchain-13.3.rel1-mingw-w64-i686-arm-none-eabi/arm-gnu-toolchain-13.3.rel1-mingw-w64-i686-arm-none-eabi/bin/../lib/gcc/arm-none-eabi/13.3.1/thumb/v7-m/nofp\libg.a(libc_a-wcsrtombs.o)
                0x080088ec                _wcsrtombs_r
 .text.__ssputs_r
                0x08008904       0xc0 C:/PROGRA~1/JetBrains/arm-gnu-toolchain-13.3.rel1-mingw-w64-i686-arm-none-eabi/arm-gnu-toolchain-13.3.rel1-mingw-w64-i686-arm-none-eabi/bin/../lib/gcc/arm-none-eabi/13.3.1/thumb/v7-m/nofp\libg.a(libc_a-ssputs_r.o)
                0x08008904                __ssputs_r
 .text.__smakebuf_r
                0x080089c4       0xdc C:/PROGRA~1/JetBrains/arm-gnu-toolchain-13.3.rel1-mingw-w64-i686-arm-none-eabi/arm-gnu-toolchain-13.3.rel1-mingw-w64-i686-arm-none-eabi/bin/../lib/gcc/arm-none-eabi/13.3.1/thumb/v7-m/nofp\libg.a(libc_a-makebuf.o)
                0x080089c4                __smakebuf_r
 .text._fstat_r
                0x08008aa0       0x28 C:/PROGRA~1/JetBrains/arm-gnu-toolchain-13.3.rel1-mingw-w64-i686-arm-none-eabi/arm-gnu-toolchain-13.3.rel1-mingw-w64-i686-arm-none-eabi/bin/../lib/gcc/arm-none-eabi/13.3.1/thumb/v7-m/nofp\libg.a(libc_a-fstatr.o)
                0x08008aa0                _fstat_r
 .text._isatty_r
                0x08008ac8       0x24 C:/PROGRA~1/JetBrains/arm-gnu-toolchain-13.3.rel1-mingw-w64-i686-arm-none-eabi/arm-gnu-toolchain-13.3.rel1-mingw-w64-i686-arm-none-eabi/bin/../lib/gcc/arm-none-eabi/13.3.1/thumb/v7-m/nofp\libg.a(libc_a-isattyr.o)
                0x08008ac8                _isatty_r
 .text.__assert_func
                0x08008aec       0x40 C:/PROGRA~1/JetBrains/arm-gnu-toolchain-13.3.rel1-mingw-w64-i686-arm-none-eabi/arm-gnu-toolchain-13.3.rel1-mingw-w64-i686-arm-none-eabi/bin/../lib/gcc/arm-none-eabi/13.3.1/thumb/v7-m/nofp\libg.a(libc_a-assert.o)
                0x08008aec                __assert_func
 .text._calloc_r
                0x08008b2c       0x6c C:/PROGRA~1/JetBrains/arm-gnu-toolchain-13.3.rel1-mingw-w64-i686-arm-none-eabi/arm-gnu-toolchain-13.3.rel1-mingw-w64-i686-arm-none-eabi/bin/../lib/gcc/arm-none-eabi/13.3.1/thumb/v7-m/nofp\libg.a(libc_a-callocr.o)
                0x08008b2c                _calloc_r
 .text._wcsnrtombs_l
                0x08008b98       0xec C:/PROGRA~1/JetBrains/arm-gnu-toolchain-13.3.rel1-mingw-w64-i686-arm-none-eabi/arm-gnu-toolchain-13.3.rel1-mingw-w64-i686-arm-none-eabi/bin/../lib/gcc/arm-none-eabi/13.3.1/thumb/v7-m/nofp\libg.a(libc_a-wcsnrtombs.o)
                0x08008b98                _wcsnrtombs_l
 .text._wcsnrtombs_r
                0x08008c84       0x24 C:/PROGRA~1/JetBrains/arm-gnu-toolchain-13.3.rel1-mingw-w64-i686-arm-none-eabi/arm-gnu-toolchain-13.3.rel1-mingw-w64-i686-arm-none-eabi/bin/../lib/gcc/arm-none-eabi/13.3.1/thumb/v7-m/nofp\libg.a(libc_a-wcsnrtombs.o)
                0x08008c84                _wcsnrtombs_r
 .text.fiprintf
                0x08008ca8       0x28 C:/PROGRA~1/JetBrains/arm-gnu-toolchain-13.3.rel1-mingw-w64-i686-arm-none-eabi/arm-gnu-toolchain-13.3.rel1-mingw-w64-i686-arm-none-eabi/bin/../lib/gcc/arm-none-eabi/13.3.1/thumb/v7-m/nofp\libg.a(libc_a-fiprintf.o)
                0x08008ca8                fiprintf
 .text._vfiprintf_r
                0x08008cd0      0xeb8 C:/PROGRA~1/JetBrains/arm-gnu-toolchain-13.3.rel1-mingw-w64-i686-arm-none-eabi/arm-gnu-toolchain-13.3.rel1-mingw-w64-i686-arm-none-eabi/bin/../lib/gcc/arm-none-eabi/13.3.1/thumb/v7-m/nofp\libg.a(libc_a-vfiprintf.o)
                0x08008cd0                _vfiprintf_r
 .text.__sbprintf
                0x08009b88       0x80 C:/PROGRA~1/JetBrains/arm-gnu-toolchain-13.3.rel1-mingw-w64-i686-arm-none-eabi/arm-gnu-toolchain-13.3.rel1-mingw-w64-i686-arm-none-eabi/bin/../lib/gcc/arm-none-eabi/13.3.1/thumb/v7-m/nofp\libg.a(libc_a-vfiprintf.o)
 .text.abort    0x08009c08       0x10 C:/PROGRA~1/JetBrains/arm-gnu-toolchain-13.3.rel1-mingw-w64-i686-arm-none-eabi/arm-gnu-toolchain-13.3.rel1-mingw-w64-i686-arm-none-eabi/bin/../lib/gcc/arm-none-eabi/13.3.1/thumb/v7-m/nofp\libg.a(libc_a-abort.o)
                0x08009c08                abort
 .text.raise    0x08009c18       0x58 C:/PROGRA~1/JetBrains/arm-gnu-toolchain-13.3.rel1-mingw-w64-i686-arm-none-eabi/arm-gnu-toolchain-13.3.rel1-mingw-w64-i686-arm-none-eabi/bin/../lib/gcc/arm-none-eabi/13.3.1/thumb/v7-m/nofp\libg.a(libc_a-signal.o)
                0x08009c18                raise
 .text._kill_r  0x08009c70       0x28 C:/PROGRA~1/JetBrains/arm-gnu-toolchain-13.3.rel1-mingw-w64-i686-arm-none-eabi/arm-gnu-toolchain-13.3.rel1-mingw-w64-i686-arm-none-eabi/bin/../lib/gcc/arm-none-eabi/13.3.1/thumb/v7-m/nofp\libg.a(libc_a-signalr.o)
                0x08009c70                _kill_r
 .text._getpid_r
                0x08009c98        0x4 C:/PROGRA~1/JetBrains/arm-gnu-toolchain-13.3.rel1-mingw-w64-i686-arm-none-eabi/arm-gnu-toolchain-13.3.rel1-mingw-w64-i686-arm-none-eabi/bin/../lib/gcc/arm-none-eabi/13.3.1/thumb/v7-m/nofp\libg.a(libc_a-signalr.o)
                0x08009c98                _getpid_r
 *(.glue_7)
 .glue_7        0x08009c9c        0x0 linker stubs
 *(.glue_7t)
 .glue_7t       0x08009c9c        0x0 linker stubs
 *(.eh_frame)
 .eh_frame      0x08009c9c        0x0 C:/PROGRA~1/JetBrains/arm-gnu-toolchain-13.3.rel1-mingw-w64-i686-arm-none-eabi/arm-gnu-toolchain-13.3.rel1-mingw-w64-i686-arm-none-eabi/bin/../lib/gcc/arm-none-eabi/13.3.1/thumb/v7-m/nofp/crtbegin.o
 *(.init)
 .init          0x08009c9c        0x4 C:/PROGRA~1/JetBrains/arm-gnu-toolchain-13.3.rel1-mingw-w64-i686-arm-none-eabi/arm-gnu-toolchain-13.3.rel1-mingw-w64-i686-arm-none-eabi/bin/../lib/gcc/arm-none-eabi/13.3.1/thumb/v7-m/nofp/crti.o
                0x08009c9c                _init
 .init          0x08009ca0        0x8 C:/PROGRA~1/JetBrains/arm-gnu-toolchain-13.3.rel1-mingw-w64-i686-arm-none-eabi/arm-gnu-toolchain-13.3.rel1-mingw-w64-i686-arm-none-eabi/bin/../lib/gcc/arm-none-eabi/13.3.1/thumb/v7-m/nofp/crtn.o
 *(.fini)
 .fini          0x08009ca8        0x4 C:/PROGRA~1/JetBrains/arm-gnu-toolchain-13.3.rel1-mingw-w64-i686-arm-none-eabi/arm-gnu-toolchain-13.3.rel1-mingw-w64-i686-arm-none-eabi/bin/../lib/gcc/arm-none-eabi/13.3.1/thumb/v7-m/nofp/crti.o
                0x08009ca8                _fini
 .fini          0x08009cac        0x8 C:/PROGRA~1/JetBrains/arm-gnu-toolchain-13.3.rel1-mingw-w64-i686-arm-none-eabi/arm-gnu-toolchain-13.3.rel1-mingw-w64-i686-arm-none-eabi/bin/../lib/gcc/arm-none-eabi/13.3.1/thumb/v7-m/nofp/crtn.o
                0x08009cb4                        . = ALIGN (0x4)
                0x08009cb4                        _etext = .

.vfp11_veneer   0x08009cb4        0x0
 .vfp11_veneer  0x08009cb4        0x0 linker stubs

.v4_bx          0x08009cb4        0x0
 .v4_bx         0x08009cb4        0x0 linker stubs

.iplt           0x08009cb4        0x0
 .iplt          0x08009cb4        0x0 C:/PROGRA~1/JetBrains/arm-gnu-toolchain-13.3.rel1-mingw-w64-i686-arm-none-eabi/arm-gnu-toolchain-13.3.rel1-mingw-w64-i686-arm-none-eabi/bin/../lib/gcc/arm-none-eabi/13.3.1/thumb/v7-m/nofp/crtbegin.o

.rodata         0x08009cb8      0xc34
                0x08009cb8                        . = ALIGN (0x4)
 *(.rodata)
 *(.rodata*)
 .rodata.aPredivFactorTable.0
                0x08009cb8        0x2 CMakeFiles/motor_foc.elf.dir/Drivers/STM32F1xx_HAL_Driver/Src/stm32f1xx_hal_rcc.c.obj
 *fill*         0x08009cba        0x2 
 .rodata.aPLLMULFactorTable.1
                0x08009cbc       0x10 CMakeFiles/motor_foc.elf.dir/Drivers/STM32F1xx_HAL_Driver/Src/stm32f1xx_hal_rcc.c.obj
 .rodata.sin_pi_m2
                0x08009ccc      0x802 CMakeFiles/motor_foc.elf.dir/Src/sin.c.obj
                0x08009ccc                sin_pi_m2
 *fill*         0x0800a4ce        0x2 
 .rodata.APBPrescTable
                0x0800a4d0        0x8 CMakeFiles/motor_foc.elf.dir/Src/system_stm32f1xx.c.obj
                0x0800a4d0                APBPrescTable
 .rodata.AHBPrescTable
                0x0800a4d8       0x10 CMakeFiles/motor_foc.elf.dir/Src/system_stm32f1xx.c.obj
                0x0800a4d8                AHBPrescTable
 .rodata.SysTick_Handler.str1.4
                0x0800a4e8      0x1c3 CMakeFiles/motor_foc.elf.dir/all/start.c.obj
                                 0x1b (size before relaxing)
 .rodata._svfprintf_r.str1.4
                0x0800a6ab       0x42 C:/PROGRA~1/JetBrains/arm-gnu-toolchain-13.3.rel1-mingw-w64-i686-arm-none-eabi/arm-gnu-toolchain-13.3.rel1-mingw-w64-i686-arm-none-eabi/bin/../lib/gcc/arm-none-eabi/13.3.1/thumb/v7-m/nofp\libg.a(libc_a-svfprintf.o)
 *fill*         0x0800a6ab        0x1 
 .rodata.zeroes.0
                0x0800a6ac       0x10 C:/PROGRA~1/JetBrains/arm-gnu-toolchain-13.3.rel1-mingw-w64-i686-arm-none-eabi/arm-gnu-toolchain-13.3.rel1-mingw-w64-i686-arm-none-eabi/bin/../lib/gcc/arm-none-eabi/13.3.1/thumb/v7-m/nofp\libg.a(libc_a-svfprintf.o)
 .rodata.blanks.1
                0x0800a6bc       0x10 C:/PROGRA~1/JetBrains/arm-gnu-toolchain-13.3.rel1-mingw-w64-i686-arm-none-eabi/arm-gnu-toolchain-13.3.rel1-mingw-w64-i686-arm-none-eabi/bin/../lib/gcc/arm-none-eabi/13.3.1/thumb/v7-m/nofp\libg.a(libc_a-svfprintf.o)
 .rodata.str1.4
                0x0800a6cc       0x4c C:/PROGRA~1/JetBrains/arm-gnu-toolchain-13.3.rel1-mingw-w64-i686-arm-none-eabi/arm-gnu-toolchain-13.3.rel1-mingw-w64-i686-arm-none-eabi/bin/../lib/gcc/arm-none-eabi/13.3.1/thumb/v7-m/nofp\libg.a(libc_a-locale.o)
 .rodata._dtoa_r.str1.4
                0x0800a6cc       0x81 C:/PROGRA~1/JetBrains/arm-gnu-toolchain-13.3.rel1-mingw-w64-i686-arm-none-eabi/arm-gnu-toolchain-13.3.rel1-mingw-w64-i686-arm-none-eabi/bin/../lib/gcc/arm-none-eabi/13.3.1/thumb/v7-m/nofp\libg.a(libc_a-dtoa.o)
 .rodata.__multadd.str1.4
                0x0800a6cc       0x6e C:/PROGRA~1/JetBrains/arm-gnu-toolchain-13.3.rel1-mingw-w64-i686-arm-none-eabi/arm-gnu-toolchain-13.3.rel1-mingw-w64-i686-arm-none-eabi/bin/../lib/gcc/arm-none-eabi/13.3.1/thumb/v7-m/nofp\libg.a(libc_a-mprec.o)
 .rodata.p05.0  0x0800a6cc        0xc C:/PROGRA~1/JetBrains/arm-gnu-toolchain-13.3.rel1-mingw-w64-i686-arm-none-eabi/arm-gnu-toolchain-13.3.rel1-mingw-w64-i686-arm-none-eabi/bin/../lib/gcc/arm-none-eabi/13.3.1/thumb/v7-m/nofp\libg.a(libc_a-mprec.o)
 .rodata.__mprec_bigtens
                0x0800a6d8       0x28 C:/PROGRA~1/JetBrains/arm-gnu-toolchain-13.3.rel1-mingw-w64-i686-arm-none-eabi/arm-gnu-toolchain-13.3.rel1-mingw-w64-i686-arm-none-eabi/bin/../lib/gcc/arm-none-eabi/13.3.1/thumb/v7-m/nofp\libg.a(libc_a-mprec.o)
                0x0800a6d8                __mprec_bigtens
 .rodata.__mprec_tens
                0x0800a700       0xc8 C:/PROGRA~1/JetBrains/arm-gnu-toolchain-13.3.rel1-mingw-w64-i686-arm-none-eabi/arm-gnu-toolchain-13.3.rel1-mingw-w64-i686-arm-none-eabi/bin/../lib/gcc/arm-none-eabi/13.3.1/thumb/v7-m/nofp\libg.a(libc_a-mprec.o)
                0x0800a700                __mprec_tens
 .rodata._ctype_
                0x0800a7c8      0x101 C:/PROGRA~1/JetBrains/arm-gnu-toolchain-13.3.rel1-mingw-w64-i686-arm-none-eabi/arm-gnu-toolchain-13.3.rel1-mingw-w64-i686-arm-none-eabi/bin/../lib/gcc/arm-none-eabi/13.3.1/thumb/v7-m/nofp\libg.a(libc_a-ctype_.o)
                0x0800a7c8                _ctype_
 .rodata.__assert_func.str1.4
                0x0800a8c9       0x43 C:/PROGRA~1/JetBrains/arm-gnu-toolchain-13.3.rel1-mingw-w64-i686-arm-none-eabi/arm-gnu-toolchain-13.3.rel1-mingw-w64-i686-arm-none-eabi/bin/../lib/gcc/arm-none-eabi/13.3.1/thumb/v7-m/nofp\libg.a(libc_a-assert.o)
 .rodata._vfiprintf_r.str1.4
                0x0800a8c9       0x2f C:/PROGRA~1/JetBrains/arm-gnu-toolchain-13.3.rel1-mingw-w64-i686-arm-none-eabi/arm-gnu-toolchain-13.3.rel1-mingw-w64-i686-arm-none-eabi/bin/../lib/gcc/arm-none-eabi/13.3.1/thumb/v7-m/nofp\libg.a(libc_a-vfiprintf.o)
 *fill*         0x0800a8c9        0x3 
 .rodata.zeroes.0
                0x0800a8cc       0x10 C:/PROGRA~1/JetBrains/arm-gnu-toolchain-13.3.rel1-mingw-w64-i686-arm-none-eabi/arm-gnu-toolchain-13.3.rel1-mingw-w64-i686-arm-none-eabi/bin/../lib/gcc/arm-none-eabi/13.3.1/thumb/v7-m/nofp\libg.a(libc_a-vfiprintf.o)
 .rodata.blanks.1
                0x0800a8dc       0x10 C:/PROGRA~1/JetBrains/arm-gnu-toolchain-13.3.rel1-mingw-w64-i686-arm-none-eabi/arm-gnu-toolchain-13.3.rel1-mingw-w64-i686-arm-none-eabi/bin/../lib/gcc/arm-none-eabi/13.3.1/thumb/v7-m/nofp\libg.a(libc_a-vfiprintf.o)
                0x0800a8ec                        . = ALIGN (0x4)

.ARM.extab      0x0800a8ec        0x0
                0x0800a8ec                        . = ALIGN (0x4)
 *(.ARM.extab* .gnu.linkonce.armextab.*)
                0x0800a8ec                        . = ALIGN (0x4)

.ARM            0x0800a8ec        0x8
                0x0800a8ec                        . = ALIGN (0x4)
                0x0800a8ec                        __exidx_start = .
 *(.ARM.exidx*)
 .ARM.exidx     0x0800a8ec        0x8 C:/PROGRA~1/JetBrains/arm-gnu-toolchain-13.3.rel1-mingw-w64-i686-arm-none-eabi/arm-gnu-toolchain-13.3.rel1-mingw-w64-i686-arm-none-eabi/bin/../lib/gcc/arm-none-eabi/13.3.1/thumb/v7-m/nofp\libg.a(libc_a-memcpy.o)
                0x0800a8f4                        __exidx_end = .
                0x0800a8f4                        . = ALIGN (0x4)

.preinit_array  0x0800a8f4        0x0
                0x0800a8f4                        . = ALIGN (0x4)
                0x0800a8f4                        PROVIDE (__preinit_array_start = .)
 *(.preinit_array*)
                0x0800a8f4                        PROVIDE (__preinit_array_end = .)
                0x0800a8f4                        . = ALIGN (0x4)

.init_array     0x0800a8f4        0x8
                0x0800a8f4                        . = ALIGN (0x4)
                0x0800a8f4                        PROVIDE (__init_array_start = .)
 *(SORT_BY_NAME(.init_array.*))
 .init_array.00000
                0x0800a8f4        0x4 C:/PROGRA~1/JetBrains/arm-gnu-toolchain-13.3.rel1-mingw-w64-i686-arm-none-eabi/arm-gnu-toolchain-13.3.rel1-mingw-w64-i686-arm-none-eabi/bin/../lib/gcc/arm-none-eabi/13.3.1/thumb/v7-m/nofp\libg.a(libc_a-__call_atexit.o)
 *(.init_array*)
 .init_array    0x0800a8f8        0x4 C:/PROGRA~1/JetBrains/arm-gnu-toolchain-13.3.rel1-mingw-w64-i686-arm-none-eabi/arm-gnu-toolchain-13.3.rel1-mingw-w64-i686-arm-none-eabi/bin/../lib/gcc/arm-none-eabi/13.3.1/thumb/v7-m/nofp/crtbegin.o
                0x0800a8fc                        PROVIDE (__init_array_end = .)
                0x0800a8fc                        . = ALIGN (0x4)

.fini_array     0x0800a8fc        0x4
                0x0800a8fc                        . = ALIGN (0x4)
                0x0800a8fc                        PROVIDE (__fini_array_start = .)
 *(SORT_BY_NAME(.fini_array.*))
 *(.fini_array*)
 .fini_array    0x0800a8fc        0x4 C:/PROGRA~1/JetBrains/arm-gnu-toolchain-13.3.rel1-mingw-w64-i686-arm-none-eabi/arm-gnu-toolchain-13.3.rel1-mingw-w64-i686-arm-none-eabi/bin/../lib/gcc/arm-none-eabi/13.3.1/thumb/v7-m/nofp/crtbegin.o
                0x0800a900                        PROVIDE (__fini_array_end = .)
                0x0800a900                        . = ALIGN (0x4)
                0x0800a900                        _sidata = LOADADDR (.data)

.rel.dyn        0x0800a900        0x0
 .rel.iplt      0x0800a900        0x0 C:/PROGRA~1/JetBrains/arm-gnu-toolchain-13.3.rel1-mingw-w64-i686-arm-none-eabi/arm-gnu-toolchain-13.3.rel1-mingw-w64-i686-arm-none-eabi/bin/../lib/gcc/arm-none-eabi/13.3.1/thumb/v7-m/nofp/crtbegin.o

.data           0x20000000      0x6e4 load address 0x0800a900
                0x20000000                        . = ALIGN (0x4)
                0x20000000                        _sdata = .
 *(.data)
 *(.data*)
 .data.uwTickFreq
                0x20000000        0x1 CMakeFiles/motor_foc.elf.dir/Drivers/STM32F1xx_HAL_Driver/Src/stm32f1xx_hal.c.obj
                0x20000000                uwTickFreq
 *fill*         0x20000001        0x3 
 .data.uwTickPrio
                0x20000004        0x4 CMakeFiles/motor_foc.elf.dir/Drivers/STM32F1xx_HAL_Driver/Src/stm32f1xx_hal.c.obj
                0x20000004                uwTickPrio
 .data.SystemCoreClock
                0x20000008        0x4 CMakeFiles/motor_foc.elf.dir/Src/system_stm32f1xx.c.obj
                0x20000008                SystemCoreClock
 .data.__sglue  0x2000000c        0xc C:/PROGRA~1/JetBrains/arm-gnu-toolchain-13.3.rel1-mingw-w64-i686-arm-none-eabi/arm-gnu-toolchain-13.3.rel1-mingw-w64-i686-arm-none-eabi/bin/../lib/gcc/arm-none-eabi/13.3.1/thumb/v7-m/nofp\libg.a(libc_a-findfp.o)
                0x2000000c                __sglue
 .data._impure_ptr
                0x20000018        0x4 C:/PROGRA~1/JetBrains/arm-gnu-toolchain-13.3.rel1-mingw-w64-i686-arm-none-eabi/arm-gnu-toolchain-13.3.rel1-mingw-w64-i686-arm-none-eabi/bin/../lib/gcc/arm-none-eabi/13.3.1/thumb/v7-m/nofp\libg.a(libc_a-impure.o)
                0x20000018                _impure_ptr
 *fill*         0x2000001c        0x4 
 .data._impure_data
                0x20000020      0x140 C:/PROGRA~1/JetBrains/arm-gnu-toolchain-13.3.rel1-mingw-w64-i686-arm-none-eabi/arm-gnu-toolchain-13.3.rel1-mingw-w64-i686-arm-none-eabi/bin/../lib/gcc/arm-none-eabi/13.3.1/thumb/v7-m/nofp\libg.a(libc_a-impure.o)
                0x20000020                _impure_data
 .data.__atexit_recursive_mutex
                0x20000160        0x4 C:/PROGRA~1/JetBrains/arm-gnu-toolchain-13.3.rel1-mingw-w64-i686-arm-none-eabi/arm-gnu-toolchain-13.3.rel1-mingw-w64-i686-arm-none-eabi/bin/../lib/gcc/arm-none-eabi/13.3.1/thumb/v7-m/nofp\libg.a(libc_a-__call_atexit.o)
                0x20000160                __atexit_recursive_mutex
 .data.__malloc_sbrk_base
                0x20000164        0x4 C:/PROGRA~1/JetBrains/arm-gnu-toolchain-13.3.rel1-mingw-w64-i686-arm-none-eabi/arm-gnu-toolchain-13.3.rel1-mingw-w64-i686-arm-none-eabi/bin/../lib/gcc/arm-none-eabi/13.3.1/thumb/v7-m/nofp\libg.a(libc_a-mallocr.o)
                0x20000164                __malloc_sbrk_base
 .data.__malloc_trim_threshold
                0x20000168        0x4 C:/PROGRA~1/JetBrains/arm-gnu-toolchain-13.3.rel1-mingw-w64-i686-arm-none-eabi/arm-gnu-toolchain-13.3.rel1-mingw-w64-i686-arm-none-eabi/bin/../lib/gcc/arm-none-eabi/13.3.1/thumb/v7-m/nofp\libg.a(libc_a-mallocr.o)
                0x20000168                __malloc_trim_threshold
 *fill*         0x2000016c        0x4 
 .data.__malloc_av_
                0x20000170      0x408 C:/PROGRA~1/JetBrains/arm-gnu-toolchain-13.3.rel1-mingw-w64-i686-arm-none-eabi/arm-gnu-toolchain-13.3.rel1-mingw-w64-i686-arm-none-eabi/bin/../lib/gcc/arm-none-eabi/13.3.1/thumb/v7-m/nofp\libg.a(libc_a-mallocr.o)
                0x20000170                __malloc_av_
 .data.__global_locale
                0x20000578      0x16c C:/PROGRA~1/JetBrains/arm-gnu-toolchain-13.3.rel1-mingw-w64-i686-arm-none-eabi/arm-gnu-toolchain-13.3.rel1-mingw-w64-i686-arm-none-eabi/bin/../lib/gcc/arm-none-eabi/13.3.1/thumb/v7-m/nofp\libg.a(libc_a-locale.o)
                0x20000578                __global_locale
 *(.RamFunc)
 *(.RamFunc*)
                0x200006e4                        . = ALIGN (0x4)
                0x200006e4                        _edata = .

.tm_clone_table
                0x200006e4        0x0 load address 0x0800afe4
 .tm_clone_table
                0x200006e4        0x0 C:/PROGRA~1/JetBrains/arm-gnu-toolchain-13.3.rel1-mingw-w64-i686-arm-none-eabi/arm-gnu-toolchain-13.3.rel1-mingw-w64-i686-arm-none-eabi/bin/../lib/gcc/arm-none-eabi/13.3.1/thumb/v7-m/nofp/crtbegin.o
 .tm_clone_table
                0x200006e4        0x0 C:/PROGRA~1/JetBrains/arm-gnu-toolchain-13.3.rel1-mingw-w64-i686-arm-none-eabi/arm-gnu-toolchain-13.3.rel1-mingw-w64-i686-arm-none-eabi/bin/../lib/gcc/arm-none-eabi/13.3.1/thumb/v7-m/nofp/crtend.o

.igot.plt       0x200006e4        0x0 load address 0x0800afe4
 .igot.plt      0x200006e4        0x0 C:/PROGRA~1/JetBrains/arm-gnu-toolchain-13.3.rel1-mingw-w64-i686-arm-none-eabi/arm-gnu-toolchain-13.3.rel1-mingw-w64-i686-arm-none-eabi/bin/../lib/gcc/arm-none-eabi/13.3.1/thumb/v7-m/nofp/crtbegin.o
                0x200006e4                        . = ALIGN (0x4)

.bss            0x200006e4      0x6cc load address 0x0800afe4
                0x200006e4                        _sbss = .
                0x200006e4                        __bss_start__ = _sbss
 *(.bss)
 *(.bss*)
 .bss.completed.1
                0x200006e4        0x1 C:/PROGRA~1/JetBrains/arm-gnu-toolchain-13.3.rel1-mingw-w64-i686-arm-none-eabi/arm-gnu-toolchain-13.3.rel1-mingw-w64-i686-arm-none-eabi/bin/../lib/gcc/arm-none-eabi/13.3.1/thumb/v7-m/nofp/crtbegin.o
 *fill*         0x200006e5        0x3 
 .bss.object.0  0x200006e8       0x18 C:/PROGRA~1/JetBrains/arm-gnu-toolchain-13.3.rel1-mingw-w64-i686-arm-none-eabi/arm-gnu-toolchain-13.3.rel1-mingw-w64-i686-arm-none-eabi/bin/../lib/gcc/arm-none-eabi/13.3.1/thumb/v7-m/nofp/crtbegin.o
 .bss.speed_deg_s.0
                0x20000700        0x4 CMakeFiles/motor_foc.elf.dir/Control/speed.c.obj
 .bss.sample_cnt.1
                0x20000704        0x1 CMakeFiles/motor_foc.elf.dir/Control/speed.c.obj
 *fill*         0x20000705        0x3 
 .bss.win_ms.2  0x20000708        0x4 CMakeFiles/motor_foc.elf.dir/Control/speed.c.obj
 .bss.diff_sum_cnt.3
                0x2000070c        0x4 CMakeFiles/motor_foc.elf.dir/Control/speed.c.obj
 .bss.speed_err_sum.4
                0x20000710        0x4 CMakeFiles/motor_foc.elf.dir/Control/speed.c.obj
 .bss.speed_err.5
                0x20000714        0x4 CMakeFiles/motor_foc.elf.dir/Control/speed.c.obj
 .bss.angle_date_last.6
                0x20000718        0x2 CMakeFiles/motor_foc.elf.dir/Control/speed.c.obj
 *fill*         0x2000071a        0x2 
 .bss.last_time.7
                0x2000071c        0x4 CMakeFiles/motor_foc.elf.dir/Control/speed.c.obj
 .bss.now_time.8
                0x20000720        0x4 CMakeFiles/motor_foc.elf.dir/Control/speed.c.obj
 .bss.PID       0x20000724       0x18 CMakeFiles/motor_foc.elf.dir/Control/speed.c.obj
                0x20000724                PID
 .bss.uwTick    0x2000073c        0x4 CMakeFiles/motor_foc.elf.dir/Drivers/STM32F1xx_HAL_Driver/Src/stm32f1xx_hal.c.obj
                0x2000073c                uwTick
 .bss.hspi1     0x20000740       0x58 CMakeFiles/motor_foc.elf.dir/Src/spi.c.obj
                0x20000740                hspi1
 .bss.__sbrk_heap_end
                0x20000798        0x4 CMakeFiles/motor_foc.elf.dir/Src/sysmem.c.obj
 .bss.htim2     0x2000079c       0x48 CMakeFiles/motor_foc.elf.dir/Src/tim.c.obj
                0x2000079c                htim2
 .bss.hdma_usart1_tx
                0x200007e4       0x44 CMakeFiles/motor_foc.elf.dir/Src/usart.c.obj
                0x200007e4                hdma_usart1_tx
 .bss.huart1    0x20000828       0x48 CMakeFiles/motor_foc.elf.dir/Src/usart.c.obj
                0x20000828                huart1
 .bss.cnt_100ms.0
                0x20000870        0x1 CMakeFiles/motor_foc.elf.dir/all/start.c.obj
 .bss.cnt_10ms.1
                0x20000871        0x1 CMakeFiles/motor_foc.elf.dir/all/start.c.obj
 .bss.cnt_1ms.2
                0x20000872        0x1 CMakeFiles/motor_foc.elf.dir/all/start.c.obj
 *fill*         0x20000873        0x1 
 .bss.micro_idx
                0x20000874        0x4 CMakeFiles/motor_foc.elf.dir/all/start.c.obj
                0x20000874                micro_idx
 .bss.flag_100ms
                0x20000878        0x1 CMakeFiles/motor_foc.elf.dir/all/start.c.obj
                0x20000878                flag_100ms
 .bss.flag_10ms
                0x20000879        0x1 CMakeFiles/motor_foc.elf.dir/all/start.c.obj
                0x20000879                flag_10ms
 .bss.flag_1ms  0x2000087a        0x1 CMakeFiles/motor_foc.elf.dir/all/start.c.obj
                0x2000087a                flag_1ms
 .bss.dma_busy  0x2000087b        0x1 CMakeFiles/motor_foc.elf.dir/user/debug.c.obj
 .bss.rd_idx    0x2000087c        0x2 CMakeFiles/motor_foc.elf.dir/user/debug.c.obj
 .bss.wr_idx    0x2000087e        0x2 CMakeFiles/motor_foc.elf.dir/user/debug.c.obj
 .bss.tx_fifo   0x20000880      0x200 CMakeFiles/motor_foc.elf.dir/user/debug.c.obj
 .bss.dac_max   0x20000a80        0x4 CMakeFiles/motor_foc.elf.dir/user/stepmotor.c.obj
                0x20000a80                dac_max
 .bss.coil_b    0x20000a84        0xc CMakeFiles/motor_foc.elf.dir/user/stepmotor.c.obj
                0x20000a84                coil_b
 .bss.coil_a    0x20000a90        0xc CMakeFiles/motor_foc.elf.dir/user/stepmotor.c.obj
                0x20000a90                coil_a
 .bss.__sf      0x20000a9c      0x138 C:/PROGRA~1/JetBrains/arm-gnu-toolchain-13.3.rel1-mingw-w64-i686-arm-none-eabi/arm-gnu-toolchain-13.3.rel1-mingw-w64-i686-arm-none-eabi/bin/../lib/gcc/arm-none-eabi/13.3.1/thumb/v7-m/nofp\libg.a(libc_a-findfp.o)
                0x20000a9c                __sf
 .bss.__stdio_exit_handler
                0x20000bd4        0x4 C:/PROGRA~1/JetBrains/arm-gnu-toolchain-13.3.rel1-mingw-w64-i686-arm-none-eabi/arm-gnu-toolchain-13.3.rel1-mingw-w64-i686-arm-none-eabi/bin/../lib/gcc/arm-none-eabi/13.3.1/thumb/v7-m/nofp\libg.a(libc_a-findfp.o)
                0x20000bd4                __stdio_exit_handler
 .bss.errno     0x20000bd8        0x4 C:/PROGRA~1/JetBrains/arm-gnu-toolchain-13.3.rel1-mingw-w64-i686-arm-none-eabi/arm-gnu-toolchain-13.3.rel1-mingw-w64-i686-arm-none-eabi/bin/../lib/gcc/arm-none-eabi/13.3.1/thumb/v7-m/nofp\libg.a(libc_a-reent.o)
                0x20000bd8                errno
 .bss.__lock___malloc_recursive_mutex
                0x20000bdc        0x1 C:/PROGRA~1/JetBrains/arm-gnu-toolchain-13.3.rel1-mingw-w64-i686-arm-none-eabi/arm-gnu-toolchain-13.3.rel1-mingw-w64-i686-arm-none-eabi/bin/../lib/gcc/arm-none-eabi/13.3.1/thumb/v7-m/nofp\libg.a(libc_a-lock.o)
                0x20000bdc                __lock___malloc_recursive_mutex
 *fill*         0x20000bdd        0x3 
 .bss.__lock___atexit_recursive_mutex
                0x20000be0        0x1 C:/PROGRA~1/JetBrains/arm-gnu-toolchain-13.3.rel1-mingw-w64-i686-arm-none-eabi/arm-gnu-toolchain-13.3.rel1-mingw-w64-i686-arm-none-eabi/bin/../lib/gcc/arm-none-eabi/13.3.1/thumb/v7-m/nofp\libg.a(libc_a-lock.o)
                0x20000be0                __lock___atexit_recursive_mutex
 *fill*         0x20000be1        0x3 
 .bss.__lock___sfp_recursive_mutex
                0x20000be4        0x1 C:/PROGRA~1/JetBrains/arm-gnu-toolchain-13.3.rel1-mingw-w64-i686-arm-none-eabi/arm-gnu-toolchain-13.3.rel1-mingw-w64-i686-arm-none-eabi/bin/../lib/gcc/arm-none-eabi/13.3.1/thumb/v7-m/nofp\libg.a(libc_a-lock.o)
                0x20000be4                __lock___sfp_recursive_mutex
 *fill*         0x20000be5        0x3 
 .bss.__atexit  0x20000be8        0x4 C:/PROGRA~1/JetBrains/arm-gnu-toolchain-13.3.rel1-mingw-w64-i686-arm-none-eabi/arm-gnu-toolchain-13.3.rel1-mingw-w64-i686-arm-none-eabi/bin/../lib/gcc/arm-none-eabi/13.3.1/thumb/v7-m/nofp\libg.a(libc_a-__call_atexit.o)
                0x20000be8                __atexit
 .bss.__malloc_current_mallinfo
                0x20000bec       0x28 C:/PROGRA~1/JetBrains/arm-gnu-toolchain-13.3.rel1-mingw-w64-i686-arm-none-eabi/arm-gnu-toolchain-13.3.rel1-mingw-w64-i686-arm-none-eabi/bin/../lib/gcc/arm-none-eabi/13.3.1/thumb/v7-m/nofp\libg.a(libc_a-mallocr.o)
                0x20000bec                __malloc_current_mallinfo
 .bss.__malloc_max_total_mem
                0x20000c14        0x4 C:/PROGRA~1/JetBrains/arm-gnu-toolchain-13.3.rel1-mingw-w64-i686-arm-none-eabi/arm-gnu-toolchain-13.3.rel1-mingw-w64-i686-arm-none-eabi/bin/../lib/gcc/arm-none-eabi/13.3.1/thumb/v7-m/nofp\libg.a(libc_a-mallocr.o)
                0x20000c14                __malloc_max_total_mem
 .bss.__malloc_max_sbrked_mem
                0x20000c18        0x4 C:/PROGRA~1/JetBrains/arm-gnu-toolchain-13.3.rel1-mingw-w64-i686-arm-none-eabi/arm-gnu-toolchain-13.3.rel1-mingw-w64-i686-arm-none-eabi/bin/../lib/gcc/arm-none-eabi/13.3.1/thumb/v7-m/nofp\libg.a(libc_a-mallocr.o)
                0x20000c18                __malloc_max_sbrked_mem
 .bss.__malloc_top_pad
                0x20000c1c        0x4 C:/PROGRA~1/JetBrains/arm-gnu-toolchain-13.3.rel1-mingw-w64-i686-arm-none-eabi/arm-gnu-toolchain-13.3.rel1-mingw-w64-i686-arm-none-eabi/bin/../lib/gcc/arm-none-eabi/13.3.1/thumb/v7-m/nofp\libg.a(libc_a-mallocr.o)
                0x20000c1c                __malloc_top_pad
 .bss.__atexit0
                0x20000c20      0x190 C:/PROGRA~1/JetBrains/arm-gnu-toolchain-13.3.rel1-mingw-w64-i686-arm-none-eabi/arm-gnu-toolchain-13.3.rel1-mingw-w64-i686-arm-none-eabi/bin/../lib/gcc/arm-none-eabi/13.3.1/thumb/v7-m/nofp\libg.a(libc_a-__atexit.o)
                0x20000c20                __atexit0
 *(COMMON)
                0x20000db0                        . = ALIGN (0x4)
                0x20000db0                        _ebss = .
                0x20000db0                        __bss_end__ = _ebss

._user_heap_stack
                0x20000db0      0x600 load address 0x0800afe4
                0x20000db0                        . = ALIGN (0x8)
                [!provide]                        PROVIDE (end = .)
                0x20000db0                        PROVIDE (_end = .)
                0x20000fb0                        . = (. + _Min_Heap_Size)
 *fill*         0x20000db0      0x200 
                0x200013b0                        . = (. + _Min_Stack_Size)
 *fill*         0x20000fb0      0x400 
                0x200013b0                        . = ALIGN (0x8)

/DISCARD/
 libc.a(*)
 libm.a(*)
 libgcc.a(*)

.ARM.attributes
                0x00000000       0x29
 *(.ARM.attributes)
 .ARM.attributes
                0x00000000       0x1d C:/PROGRA~1/JetBrains/arm-gnu-toolchain-13.3.rel1-mingw-w64-i686-arm-none-eabi/arm-gnu-toolchain-13.3.rel1-mingw-w64-i686-arm-none-eabi/bin/../lib/gcc/arm-none-eabi/13.3.1/thumb/v7-m/nofp/crti.o
 .ARM.attributes
                0x0000001d       0x2d C:/PROGRA~1/JetBrains/arm-gnu-toolchain-13.3.rel1-mingw-w64-i686-arm-none-eabi/arm-gnu-toolchain-13.3.rel1-mingw-w64-i686-arm-none-eabi/bin/../lib/gcc/arm-none-eabi/13.3.1/thumb/v7-m/nofp/crtbegin.o
 .ARM.attributes
                0x0000004a       0x2d CMakeFiles/motor_foc.elf.dir/Control/speed.c.obj
 .ARM.attributes
                0x00000077       0x2d CMakeFiles/motor_foc.elf.dir/Drivers/STM32F1xx_HAL_Driver/Src/stm32f1xx_hal.c.obj
 .ARM.attributes
                0x000000a4       0x2d CMakeFiles/motor_foc.elf.dir/Drivers/STM32F1xx_HAL_Driver/Src/stm32f1xx_hal_cortex.c.obj
 .ARM.attributes
                0x000000d1       0x2d CMakeFiles/motor_foc.elf.dir/Drivers/STM32F1xx_HAL_Driver/Src/stm32f1xx_hal_dma.c.obj
 .ARM.attributes
                0x000000fe       0x2d CMakeFiles/motor_foc.elf.dir/Drivers/STM32F1xx_HAL_Driver/Src/stm32f1xx_hal_gpio.c.obj
 .ARM.attributes
                0x0000012b       0x2d CMakeFiles/motor_foc.elf.dir/Drivers/STM32F1xx_HAL_Driver/Src/stm32f1xx_hal_rcc.c.obj
 .ARM.attributes
                0x00000158       0x2d CMakeFiles/motor_foc.elf.dir/Drivers/STM32F1xx_HAL_Driver/Src/stm32f1xx_hal_spi.c.obj
 .ARM.attributes
                0x00000185       0x2d CMakeFiles/motor_foc.elf.dir/Drivers/STM32F1xx_HAL_Driver/Src/stm32f1xx_hal_tim.c.obj
 .ARM.attributes
                0x000001b2       0x2d CMakeFiles/motor_foc.elf.dir/Drivers/STM32F1xx_HAL_Driver/Src/stm32f1xx_hal_tim_ex.c.obj
 .ARM.attributes
                0x000001df       0x2d CMakeFiles/motor_foc.elf.dir/Drivers/STM32F1xx_HAL_Driver/Src/stm32f1xx_hal_uart.c.obj
 .ARM.attributes
                0x0000020c       0x2d CMakeFiles/motor_foc.elf.dir/Src/dma.c.obj
 .ARM.attributes
                0x00000239       0x2d CMakeFiles/motor_foc.elf.dir/Src/gpio.c.obj
 .ARM.attributes
                0x00000266       0x2d CMakeFiles/motor_foc.elf.dir/Src/main.c.obj
 .ARM.attributes
                0x00000293       0x2d CMakeFiles/motor_foc.elf.dir/Src/sin.c.obj
 .ARM.attributes
                0x000002c0       0x2d CMakeFiles/motor_foc.elf.dir/Src/spi.c.obj
 .ARM.attributes
                0x000002ed       0x2d CMakeFiles/motor_foc.elf.dir/Src/stm32f1xx_hal_msp.c.obj
 .ARM.attributes
                0x0000031a       0x2d CMakeFiles/motor_foc.elf.dir/Src/stm32f1xx_it.c.obj
 .ARM.attributes
                0x00000347       0x2d CMakeFiles/motor_foc.elf.dir/Src/syscalls.c.obj
 .ARM.attributes
                0x00000374       0x2d CMakeFiles/motor_foc.elf.dir/Src/sysmem.c.obj
 .ARM.attributes
                0x000003a1       0x2d CMakeFiles/motor_foc.elf.dir/Src/system_stm32f1xx.c.obj
 .ARM.attributes
                0x000003ce       0x2d CMakeFiles/motor_foc.elf.dir/Src/tim.c.obj
 .ARM.attributes
                0x000003fb       0x2d CMakeFiles/motor_foc.elf.dir/Src/usart.c.obj
 .ARM.attributes
                0x00000428       0x21 CMakeFiles/motor_foc.elf.dir/Startup/startup_stm32f103cbtx.s.obj
 .ARM.attributes
                0x00000449       0x2d CMakeFiles/motor_foc.elf.dir/all/start.c.obj
 .ARM.attributes
                0x00000476       0x2d CMakeFiles/motor_foc.elf.dir/user/debug.c.obj
 .ARM.attributes
                0x000004a3       0x2d CMakeFiles/motor_foc.elf.dir/user/mt6816.c.obj
 .ARM.attributes
                0x000004d0       0x2d CMakeFiles/motor_foc.elf.dir/user/stepmotor.c.obj
 .ARM.attributes
                0x000004fd       0x1d C:/PROGRA~1/JetBrains/arm-gnu-toolchain-13.3.rel1-mingw-w64-i686-arm-none-eabi/arm-gnu-toolchain-13.3.rel1-mingw-w64-i686-arm-none-eabi/bin/../lib/gcc/arm-none-eabi/13.3.1/thumb/v7-m/nofp\libgcc.a(_arm_addsubdf3.o)
 .ARM.attributes
                0x0000051a       0x1d C:/PROGRA~1/JetBrains/arm-gnu-toolchain-13.3.rel1-mingw-w64-i686-arm-none-eabi/arm-gnu-toolchain-13.3.rel1-mingw-w64-i686-arm-none-eabi/bin/../lib/gcc/arm-none-eabi/13.3.1/thumb/v7-m/nofp\libgcc.a(_arm_truncdfsf2.o)
 .ARM.attributes
                0x00000537       0x1d C:/PROGRA~1/JetBrains/arm-gnu-toolchain-13.3.rel1-mingw-w64-i686-arm-none-eabi/arm-gnu-toolchain-13.3.rel1-mingw-w64-i686-arm-none-eabi/bin/../lib/gcc/arm-none-eabi/13.3.1/thumb/v7-m/nofp\libgcc.a(_arm_addsubsf3.o)
 .ARM.attributes
                0x00000554       0x1d C:/PROGRA~1/JetBrains/arm-gnu-toolchain-13.3.rel1-mingw-w64-i686-arm-none-eabi/arm-gnu-toolchain-13.3.rel1-mingw-w64-i686-arm-none-eabi/bin/../lib/gcc/arm-none-eabi/13.3.1/thumb/v7-m/nofp\libgcc.a(_arm_muldivsf3.o)
 .ARM.attributes
                0x00000571       0x1d C:/PROGRA~1/JetBrains/arm-gnu-toolchain-13.3.rel1-mingw-w64-i686-arm-none-eabi/arm-gnu-toolchain-13.3.rel1-mingw-w64-i686-arm-none-eabi/bin/../lib/gcc/arm-none-eabi/13.3.1/thumb/v7-m/nofp\libgcc.a(_arm_cmpsf2.o)
 .ARM.attributes
                0x0000058e       0x1d C:/PROGRA~1/JetBrains/arm-gnu-toolchain-13.3.rel1-mingw-w64-i686-arm-none-eabi/arm-gnu-toolchain-13.3.rel1-mingw-w64-i686-arm-none-eabi/bin/../lib/gcc/arm-none-eabi/13.3.1/thumb/v7-m/nofp\libgcc.a(_arm_fixunssfsi.o)
 .ARM.attributes
                0x000005ab       0x2d C:/PROGRA~1/JetBrains/arm-gnu-toolchain-13.3.rel1-mingw-w64-i686-arm-none-eabi/arm-gnu-toolchain-13.3.rel1-mingw-w64-i686-arm-none-eabi/bin/../lib/gcc/arm-none-eabi/13.3.1/thumb/v7-m/nofp\libg.a(libc_a-findfp.o)
 .ARM.attributes
                0x000005d8       0x2d C:/PROGRA~1/JetBrains/arm-gnu-toolchain-13.3.rel1-mingw-w64-i686-arm-none-eabi/arm-gnu-toolchain-13.3.rel1-mingw-w64-i686-arm-none-eabi/bin/../lib/gcc/arm-none-eabi/13.3.1/thumb/v7-m/nofp\libg.a(libc_a-fwalk.o)
 .ARM.attributes
                0x00000605       0x2d C:/PROGRA~1/JetBrains/arm-gnu-toolchain-13.3.rel1-mingw-w64-i686-arm-none-eabi/arm-gnu-toolchain-13.3.rel1-mingw-w64-i686-arm-none-eabi/bin/../lib/gcc/arm-none-eabi/13.3.1/thumb/v7-m/nofp\libg.a(libc_a-stdio.o)
 .ARM.attributes
                0x00000632       0x2d C:/PROGRA~1/JetBrains/arm-gnu-toolchain-13.3.rel1-mingw-w64-i686-arm-none-eabi/arm-gnu-toolchain-13.3.rel1-mingw-w64-i686-arm-none-eabi/bin/../lib/gcc/arm-none-eabi/13.3.1/thumb/v7-m/nofp\libg.a(libc_a-vsnprintf.o)
 .ARM.attributes
                0x0000065f       0x2d C:/PROGRA~1/JetBrains/arm-gnu-toolchain-13.3.rel1-mingw-w64-i686-arm-none-eabi/arm-gnu-toolchain-13.3.rel1-mingw-w64-i686-arm-none-eabi/bin/../lib/gcc/arm-none-eabi/13.3.1/thumb/v7-m/nofp\libg.a(libc_a-memset.o)
 .ARM.attributes
                0x0000068c       0x2d C:/PROGRA~1/JetBrains/arm-gnu-toolchain-13.3.rel1-mingw-w64-i686-arm-none-eabi/arm-gnu-toolchain-13.3.rel1-mingw-w64-i686-arm-none-eabi/bin/../lib/gcc/arm-none-eabi/13.3.1/thumb/v7-m/nofp\libg.a(libc_a-closer.o)
 .ARM.attributes
                0x000006b9       0x2d C:/PROGRA~1/JetBrains/arm-gnu-toolchain-13.3.rel1-mingw-w64-i686-arm-none-eabi/arm-gnu-toolchain-13.3.rel1-mingw-w64-i686-arm-none-eabi/bin/../lib/gcc/arm-none-eabi/13.3.1/thumb/v7-m/nofp\libg.a(libc_a-reent.o)
 .ARM.attributes
                0x000006e6       0x2d C:/PROGRA~1/JetBrains/arm-gnu-toolchain-13.3.rel1-mingw-w64-i686-arm-none-eabi/arm-gnu-toolchain-13.3.rel1-mingw-w64-i686-arm-none-eabi/bin/../lib/gcc/arm-none-eabi/13.3.1/thumb/v7-m/nofp\libg.a(libc_a-impure.o)
 .ARM.attributes
                0x00000713       0x2d C:/PROGRA~1/JetBrains/arm-gnu-toolchain-13.3.rel1-mingw-w64-i686-arm-none-eabi/arm-gnu-toolchain-13.3.rel1-mingw-w64-i686-arm-none-eabi/bin/../lib/gcc/arm-none-eabi/13.3.1/thumb/v7-m/nofp\libg.a(libc_a-lseekr.o)
 .ARM.attributes
                0x00000740       0x2d C:/PROGRA~1/JetBrains/arm-gnu-toolchain-13.3.rel1-mingw-w64-i686-arm-none-eabi/arm-gnu-toolchain-13.3.rel1-mingw-w64-i686-arm-none-eabi/bin/../lib/gcc/arm-none-eabi/13.3.1/thumb/v7-m/nofp\libg.a(libc_a-readr.o)
 .ARM.attributes
                0x0000076d       0x2d C:/PROGRA~1/JetBrains/arm-gnu-toolchain-13.3.rel1-mingw-w64-i686-arm-none-eabi/arm-gnu-toolchain-13.3.rel1-mingw-w64-i686-arm-none-eabi/bin/../lib/gcc/arm-none-eabi/13.3.1/thumb/v7-m/nofp\libg.a(libc_a-writer.o)
 .ARM.attributes
                0x0000079a       0x2d C:/PROGRA~1/JetBrains/arm-gnu-toolchain-13.3.rel1-mingw-w64-i686-arm-none-eabi/arm-gnu-toolchain-13.3.rel1-mingw-w64-i686-arm-none-eabi/bin/../lib/gcc/arm-none-eabi/13.3.1/thumb/v7-m/nofp\libg.a(libc_a-errno.o)
 .ARM.attributes