Archive member included to satisfy reference by file (symbol)

C:/PROGRA~1/JetBrains/arm-gnu-toolchain-13.3.rel1-mingw-w64-i686-arm-none-eabi/arm-gnu-toolchain-13.3.rel1-mingw-w64-i686-arm-none-eabi/bin/../lib/gcc/arm-none-eabi/13.3.1/thumb/v7-m/nofp\libgcc.a(_arm_mulsf3.o)
                              CMakeFiles/motor_foc.elf.dir/Control/speed.c.obj (__aeabi_fmul)
C:/PROGRA~1/JetBrains/arm-gnu-toolchain-13.3.rel1-mingw-w64-i686-arm-none-eabi/arm-gnu-toolchain-13.3.rel1-mingw-w64-i686-arm-none-eabi/bin/../lib/gcc/arm-none-eabi/13.3.1/thumb/v7-m/nofp\libgcc.a(_arm_addsubdf3.o)
                              CMakeFiles/motor_foc.elf.dir/all/start.c.obj (__aeabi_f2d)
C:/PROGRA~1/JetBrains/arm-gnu-toolchain-13.3.rel1-mingw-w64-i686-arm-none-eabi/arm-gnu-toolchain-13.3.rel1-mingw-w64-i686-arm-none-eabi/bin/../lib/gcc/arm-none-eabi/13.3.1/thumb/v7-m/nofp\libgcc.a(_arm_addsubsf3.o)
                              CMakeFiles/motor_foc.elf.dir/Control/speed.c.obj (__aeabi_fsub)
C:/PROGRA~1/JetBrains/arm-gnu-toolchain-13.3.rel1-mingw-w64-i686-arm-none-eabi/arm-gnu-toolchain-13.3.rel1-mingw-w64-i686-arm-none-eabi/bin/../lib/gcc/arm-none-eabi/13.3.1/thumb/v7-m/nofp\libgcc.a(_arm_muldivsf3.o)
                              CMakeFiles/motor_foc.elf.dir/Control/speed.c.obj (__aeabi_fdiv)
C:/PROGRA~1/JetBrains/arm-gnu-toolchain-13.3.rel1-mingw-w64-i686-arm-none-eabi/arm-gnu-toolchain-13.3.rel1-mingw-w64-i686-arm-none-eabi/bin/../lib/gcc/arm-none-eabi/13.3.1/thumb/v7-m/nofp\libgcc.a(_arm_cmpsf2.o)
                              CMakeFiles/motor_foc.elf.dir/Control/speed.c.obj (__aeabi_fcmplt)
C:/PROGRA~1/JetBrains/arm-gnu-toolchain-13.3.rel1-mingw-w64-i686-arm-none-eabi/arm-gnu-toolchain-13.3.rel1-mingw-w64-i686-arm-none-eabi/bin/../lib/gcc/arm-none-eabi/13.3.1/thumb/v7-m/nofp\libgcc.a(_arm_fixsfsi.o)
                              CMakeFiles/motor_foc.elf.dir/Control/speed.c.obj (__aeabi_f2iz)
C:/PROGRA~1/JetBrains/arm-gnu-toolchain-13.3.rel1-mingw-w64-i686-arm-none-eabi/arm-gnu-toolchain-13.3.rel1-mingw-w64-i686-arm-none-eabi/bin/../lib/gcc/arm-none-eabi/13.3.1/thumb/v7-m/nofp\libg.a(libc_a-exit.o)
                              C:/PROGRA~1/JetBrains/arm-gnu-toolchain-13.3.rel1-mingw-w64-i686-arm-none-eabi/arm-gnu-toolchain-13.3.rel1-mingw-w64-i686-arm-none-eabi/bin/../lib/gcc/arm-none-eabi/13.3.1/thumb/v7-m/nofp/crt0.o (exit)
C:/PROGRA~1/JetBrains/arm-gnu-toolchain-13.3.rel1-mingw-w64-i686-arm-none-eabi/arm-gnu-toolchain-13.3.rel1-mingw-w64-i686-arm-none-eabi/bin/../lib/gcc/arm-none-eabi/13.3.1/thumb/v7-m/nofp\libg.a(libc_a-findfp.o)
                              C:/PROGRA~1/JetBrains/arm-gnu-toolchain-13.3.rel1-mingw-w64-i686-arm-none-eabi/arm-gnu-toolchain-13.3.rel1-mingw-w64-i686-arm-none-eabi/bin/../lib/gcc/arm-none-eabi/13.3.1/thumb/v7-m/nofp\libg.a(libc_a-exit.o) (__stdio_exit_handler)
C:/PROGRA~1/JetBrains/arm-gnu-toolchain-13.3.rel1-mingw-w64-i686-arm-none-eabi/arm-gnu-toolchain-13.3.rel1-mingw-w64-i686-arm-none-eabi/bin/../lib/gcc/arm-none-eabi/13.3.1/thumb/v7-m/nofp\libg.a(libc_a-fwalk.o)
                              C:/PROGRA~1/JetBrains/arm-gnu-toolchain-13.3.rel1-mingw-w64-i686-arm-none-eabi/arm-gnu-toolchain-13.3.rel1-mingw-w64-i686-arm-none-eabi/bin/../lib/gcc/arm-none-eabi/13.3.1/thumb/v7-m/nofp\libg.a(libc_a-findfp.o) (_fwalk_sglue)
C:/PROGRA~1/JetBrains/arm-gnu-toolchain-13.3.rel1-mingw-w64-i686-arm-none-eabi/arm-gnu-toolchain-13.3.rel1-mingw-w64-i686-arm-none-eabi/bin/../lib/gcc/arm-none-eabi/13.3.1/thumb/v7-m/nofp\libg.a(libc_a-printf.o)
                              CMakeFiles/motor_foc.elf.dir/user/stepmotor_utils.c.obj (printf)
C:/PROGRA~1/JetBrains/arm-gnu-toolchain-13.3.rel1-mingw-w64-i686-arm-none-eabi/arm-gnu-toolchain-13.3.rel1-mingw-w64-i686-arm-none-eabi/bin/../lib/gcc/arm-none-eabi/13.3.1/thumb/v7-m/nofp\libg.a(libc_a-sscanf.o)
                              CMakeFiles/motor_foc.elf.dir/user/debug.c.obj (sscanf)
C:/PROGRA~1/JetBrains/arm-gnu-toolchain-13.3.rel1-mingw-w64-i686-arm-none-eabi/arm-gnu-toolchain-13.3.rel1-mingw-w64-i686-arm-none-eabi/bin/../lib/gcc/arm-none-eabi/13.3.1/thumb/v7-m/nofp\libg.a(libc_a-stdio.o)
                              C:/PROGRA~1/JetBrains/arm-gnu-toolchain-13.3.rel1-mingw-w64-i686-arm-none-eabi/arm-gnu-toolchain-13.3.rel1-mingw-w64-i686-arm-none-eabi/bin/../lib/gcc/arm-none-eabi/13.3.1/thumb/v7-m/nofp\libg.a(libc_a-findfp.o) (__sread)
C:/PROGRA~1/JetBrains/arm-gnu-toolchain-13.3.rel1-mingw-w64-i686-arm-none-eabi/arm-gnu-toolchain-13.3.rel1-mingw-w64-i686-arm-none-eabi/bin/../lib/gcc/arm-none-eabi/13.3.1/thumb/v7-m/nofp\libg.a(libc_a-vsnprintf.o)
                              CMakeFiles/motor_foc.elf.dir/user/debug.c.obj (vsnprintf)
C:/PROGRA~1/JetBrains/arm-gnu-toolchain-13.3.rel1-mingw-w64-i686-arm-none-eabi/arm-gnu-toolchain-13.3.rel1-mingw-w64-i686-arm-none-eabi/bin/../lib/gcc/arm-none-eabi/13.3.1/thumb/v7-m/nofp\libg.a(libc_a-memset.o)
[...]
Memory Configuration

Name             Origin             Length             Attributes
RAM              0x20000000         0x00005000         xrw
FLASH            0x08000000         0x00020000         xr
*default*        0x00000000         0xffffffff

Linker script and memory map

LOAD C:/PROGRA~1/JetBrains/arm-gnu-toolchain-13.3.rel1-mingw-w64-i686-arm-none-eabi/arm-gnu-toolchain-13.3.rel1-mingw-w64-i686-arm-none-eabi/bin/../lib/gcc/arm-none-eabi/13.3.1/thumb/v7-m/nofp/crti.o
LOAD C:/PROGRA~1/JetBrains/arm-gnu-toolchain-13.3.rel1-mingw-w64-i686-arm-none-eabi/arm-gnu-toolchain-13.3.rel1-mingw-w64-i686-arm-none-eabi/bin/../lib/gcc/arm-none-eabi/13.3.1/thumb/v7-m/nofp/crtbegin.o
LOAD C:/PROGRA~1/JetBrains/arm-gnu-toolchain-13.3.rel1-mingw-w64-i686-arm-none-eabi/arm-gnu-toolchain-13.3.rel1-mingw-w64-i686-arm-none-eabi/bin/../lib/gcc/arm-none-eabi/13.3.1/thumb/v7-m/nofp/crt0.o
LOAD CMakeFiles/motor_foc.elf.dir/Control/foc.c.obj
LOAD CMakeFiles/motor_foc.elf.dir/Control/speed.c.obj
LOAD CMakeFiles/motor_foc.elf.dir/Drivers/STM32F1xx_HAL_Driver/Src/stm32f1xx_hal.c.obj
LOAD CMakeFiles/motor_foc.elf.dir/Drivers/STM32F1xx_HAL_Driver/Src/stm32f1xx_hal_cortex.c.obj
LOAD CMakeFiles/motor_foc.elf.dir/Drivers/STM32F1xx_HAL_Driver/Src/stm32f1xx_hal_dma.c.obj
LOAD CMakeFiles/motor_foc.elf.dir/Drivers/STM32F1xx_HAL_Driver/Src/stm32f1xx_hal_exti.c.obj
LOAD CMakeFiles/motor_foc.elf.dir/Drivers/STM32F1xx_HAL_Driver/Src/stm32f1xx_hal_flash.c.obj
LOAD CMakeFiles/motor_foc.elf.dir/Drivers/STM32F1xx_HAL_Driver/Src/stm32f1xx_hal_flash_ex.c.obj
LOAD CMakeFiles/motor_foc.elf.dir/Drivers/STM32F1xx_HAL_Driver/Src/stm32f1xx_hal_gpio.c.obj
LOAD CMakeFiles/motor_foc.elf.dir/Drivers/STM32F1xx_HAL_Driver/Src/stm32f1xx_hal_gpio_ex.c.obj
LOAD CMakeFiles/motor_foc.elf.dir/Drivers/STM32F1xx_HAL_Driver/Src/stm32f1xx_hal_pwr.c.obj
LOAD CMakeFiles/motor_foc.elf.dir/Drivers/STM32F1xx_HAL_Driver/Src/stm32f1xx_hal_rcc.c.obj
LOAD CMakeFiles/motor_foc.elf.dir/Drivers/STM32F1xx_HAL_Driver/Src/stm32f1xx_hal_rcc_ex.c.obj
LOAD CMakeFiles/motor_foc.elf.dir/Drivers/STM32F1xx_HAL_Driver/Src/stm32f1xx_hal_spi.c.obj
LOAD CMakeFiles/motor_foc.elf.dir/Drivers/STM32F1xx_HAL_Driver/Src/stm32f1xx_hal_tim.c.obj
LOAD CMakeFiles/motor_foc.elf.dir/Drivers/STM32F1xx_HAL_Driver/Src/stm32f1xx_hal_tim_ex.c.obj
LOAD CMakeFiles/motor_foc.elf.dir/Drivers/STM32F1xx_HAL_Driver/Src/stm32f1xx_hal_uart.c.obj
LOAD CMakeFiles/motor_foc.elf.dir/Src/dma.c.obj
LOAD CMakeFiles/motor_foc.elf.dir/Src/gpio.c.obj
LOAD CMakeFiles/motor_foc.elf.dir/Src/main.c.obj
LOAD CMakeFiles/motor_foc.elf.dir/Src/sin.c.obj
LOAD CMakeFiles/motor_foc.elf.dir/Src/spi.c.obj
LOAD CMakeFiles/motor_foc.elf.dir/Src/stm32f1xx_hal_msp.c.obj
LOAD CMakeFiles/motor_foc.elf.dir/Src/stm32f1xx_it.c.obj
LOAD CMakeFiles/motor_foc.elf.dir/Src/syscalls.c.obj
LOAD CMakeFiles/motor_foc.elf.dir/Src/sysmem.c.obj
LOAD CMakeFiles/motor_foc.elf.dir/Src/system_stm32f1xx.c.obj
LOAD CMakeFiles/motor_foc.elf.dir/Src/tim.c.obj
LOAD CMakeFiles/motor_foc.elf.dir/Src/usart.c.obj
LOAD CMakeFiles/motor_foc.elf.dir/Startup/startup_stm32f103cbtx.s.obj
LOAD CMakeFiles/motor_foc.elf.dir/all/start.c.obj
LOAD CMakeFiles/motor_foc.elf.dir/user/debug.c.obj
LOAD CMakeFiles/motor_foc.elf.dir/user/flash.c.obj
LOAD CMakeFiles/motor_foc.elf.dir/user/key.c.obj
LOAD CMakeFiles/motor_foc.elf.dir/user/mt6816.c.obj
LOAD CMakeFiles/motor_foc.elf.dir/user/stepmotor.c.obj
LOAD CMakeFiles/motor_foc.elf.dir/user/stepmotor_utils.c.obj
START GROUP
LOAD C:/PROGRA~1/JetBrains/arm-gnu-toolchain-13.3.rel1-mingw-w64-i686-arm-none-eabi/arm-gnu-toolchain-13.3.rel1-mingw-w64-i686-arm-none-eabi/bin/../lib/gcc/arm-none-eabi/13.3.1/thumb/v7-m/nofp\libgcc.a
LOAD C:/PROGRA~1/JetBrains/arm-gnu-toolchain-13.3.rel1-mingw-w64-i686-arm-none-eabi/arm-gnu-toolchain-13.3.rel1-mingw-w64-i686-arm-none-eabi/bin/../lib/gcc/arm-none-eabi/13.3.1/thumb/v7-m/nofp\libg.a
LOAD C:/PROGRA~1/JetBrains/arm-gnu-toolchain-13.3.rel1-mingw-w64-i686-arm-none-eabi/arm-gnu-toolchain-13.3.rel1-mingw-w64-i686-arm-none-eabi/bin/../lib/gcc/arm-none-eabi/13.3.1/thumb/v7-m/nofp\libc.a
END GROUP
LOAD C:/PROGRA~1/JetBrains/arm-gnu-toolchain-13.3.rel1-mingw-w64-i686-arm-none-eabi/arm-gnu-toolchain-13.3.rel1-mingw-w64-i686-arm-none-eabi/bin/../lib/gcc/arm-none-eabi/13.3.1/thumb/v7-m/nofp/crtend.o
LOAD C:/PROGRA~1/JetBrains/arm-gnu-toolchain-13.3.rel1-mingw-w64-i686-arm-none-eabi/arm-gnu-toolchain-13.3.rel1-mingw-w64-i686-arm-none-eabi/bin/../lib/gcc/arm-none-eabi/13.3.1/thumb/v7-m/nofp/crtn.o
                0x20005000                        _estack = (ORIGIN (RAM) + LENGTH (RAM))
                0x00000200                        _Min_Heap_Size = 0x200
                0x00000400                        _Min_Stack_Size = 0x400

.isr_vector     0x08000000      0x10c
                0x08000000                        . = ALIGN (0x4)
 *(.isr_vector)
 .isr_vector    0x08000000      0x10c CMakeFiles/motor_foc.elf.dir/Startup/startup_stm32f103cbtx.s.obj
                0x08000000                g_pfnVectors
                0x0800010c                        . = ALIGN (0x4)

.text           0x08000110     0xea6c
                0x08000110                        . = ALIGN (0x4)
 *(.text)
 .text          0x08000110      0x378 C:/PROGRA~1/JetBrains/arm-gnu-toolchain-13.3.rel1-mingw-w64-i686-arm-none-eabi/arm-gnu-toolchain-13.3.rel1-mingw-w64-i686-arm-none-eabi/bin/../lib/gcc/arm-none-eabi/13.3.1/thumb/v7-m/nofp\libgcc.a(_arm_addsubdf3.o)
                0x08000110                __aeabi_drsub
                0x08000118                __aeabi_dsub
                0x08000118                __subdf3
                0x0800011c                __aeabi_dadd
                0x0800011c                __adddf3
                0x08000394                __floatunsidf
                0x08000394                __aeabi_ui2d
                0x080003b4                __floatsidf
                0x080003b4                __aeabi_i2d
                0x080003d8                __aeabi_f2d
                0x080003d8                __extendsfdf2
                0x0800041c                __floatundidf
                0x0800041c                __aeabi_ul2d
                0x0800042c                __floatdidf
                0x0800042c                __aeabi_l2d
 .text          0x08000488      0x21c C:/PROGRA~1/JetBrains/arm-gnu-toolchain-13.3.rel1-mingw-w64-i686-arm-none-eabi/arm-gnu-toolchain-13.3.rel1-mingw-w64-i686-arm-none-eabi/bin/../lib/gcc/arm-none-eabi/13.3.1/thumb/v7-m/nofp\libgcc.a(_arm_addsubsf3.o)
                0x08000488                __aeabi_frsub
                0x08000490                __subsf3
                0x08000490                __aeabi_fsub
                0x08000494                __aeabi_fadd
                0x08000494                __addsf3
                0x080005f4                __aeabi_ui2f
                0x080005f4                __floatunsisf
                0x080005fc                __aeabi_i2f
                0x080005fc                __floatsisf
                0x08000618                __aeabi_ul2f
                0x08000618                __floatundisf
                0x08000628                __aeabi_l2f
                0x08000628                __floatdisf
 .text          0x080006a4      0x2a0 C:/PROGRA~1/JetBrains/arm-gnu-toolchain-13.3.rel1-mingw-w64-i686-arm-none-eabi/arm-gnu-toolchain-13.3.rel1-mingw-w64-i686-arm-none-eabi/bin/../lib/gcc/arm-none-eabi/13.3.1/thumb/v7-m/nofp\libgcc.a(_arm_muldivsf3.o)
                0x080006a4                __mulsf3
                0x080006a4                __aeabi_fmul
                0x0800080c                __aeabi_fdiv
                0x0800080c                __divsf3
 .text          0x08000944       0xec C:/PROGRA~1/JetBrains/arm-gnu-toolchain-13.3.rel1-mingw-w64-i686-arm-none-eabi/arm-gnu-toolchain-13.3.rel1-mingw-w64-i686-arm-none-eabi/bin/../lib/gcc/arm-none-eabi/13.3.1/thumb/v7-m/nofp\libgcc.a(_arm_cmpsf2.o)
                0x08000944                __gesf2
                0x08000944                __gtsf2
                0x0800094c                __lesf2
                0x0800094c                __ltsf2
                0x08000954                __nesf2
                0x08000954                __eqsf2
                0x08000954                __cmpsf2
                0x080009b4                __aeabi_cfrcmple
                0x080009bc                __aeabi_cfcmpeq
                0x080009bc                __aeabi_cfcmple
                0x080009cc                __aeabi_fcmpeq
                0x080009e0                __aeabi_fcmplt
                0x080009f4                __aeabi_fcmple
                0x08000a08                __aeabi_fcmpge
                0x08000a1c                __aeabi_fcmpgt
 .text          0x08000a30       0x4c C:/PROGRA~1/JetBrains/arm-gnu-toolchain-13.3.rel1-mingw-w64-i686-arm-none-eabi/arm-gnu-toolchain-13.3.rel1-mingw-w64-i686-arm-none-eabi/bin/../lib/gcc/arm-none-eabi/13.3.1/thumb/v7-m/nofp\libgcc.a(_arm_fixsfsi.o)
                0x08000a30                __aeabi_f2iz
                0x08000a30                __fixsfsi
 .text          0x08000a7c      0x1bc C:/PROGRA~1/JetBrains/arm-gnu-toolchain-13.3.rel1-mingw-w64-i686-arm-none-eabi/arm-gnu-toolchain-13.3.rel1-mingw-w64-i686-arm-none-eabi/bin/../lib/gcc/arm-none-eabi/13.3.1/thumb/v7-m/nofp\libg.a(libc_a-strcmp.o)
                0x08000a7c                strcmp
 .text          0x08000c38       0xec C:/PROGRA~1/JetBrains/arm-gnu-toolchain-13.3.rel1-mingw-w64-i686-arm-none-eabi/arm-gnu-toolchain-13.3.rel1-mingw-w64-i686-arm-none-eabi/bin/../lib/gcc/arm-none-eabi/13.3.1/thumb/v7-m/nofp\libg.a(libc_a-memcpy.o)
                0x08000c38                memcpy
 .text          0x08000d24      0x424 C:/PROGRA~1/JetBrains/arm-gnu-toolchain-13.3.rel1-mingw-w64-i686-arm-none-eabi/arm-gnu-toolchain-13.3.rel1-mingw-w64-i686-arm-none-eabi/bin/../lib/gcc/arm-none-eabi/13.3.1/thumb/v7-m/nofp\libgcc.a(_arm_muldivdf3.o)
                0x08000d24                __aeabi_dmul
                0x08000d24                __muldf3
                0x08000f78                __divdf3
                0x08000f78                __aeabi_ddiv
 .text          0x08001148      0x110 C:/PROGRA~1/JetBrains/arm-gnu-toolchain-13.3.rel1-mingw-w64-i686-arm-none-eabi/arm-gnu-toolchain-13.3.rel1-mingw-w64-i686-arm-none-eabi/bin/../lib/gcc/arm-none-eabi/13.3.1/thumb/v7-m/nofp\libgcc.a(_arm_cmpdf2.o)
                0x08001148                __gtdf2
                0x08001148                __gedf2
                0x08001150                __ltdf2
                0x08001150                __ledf2
                0x08001158                __nedf2
                0x08001158                __eqdf2
                0x08001158                __cmpdf2
                0x080011d4                __aeabi_cdrcmple
                0x080011e4                __aeabi_cdcmpeq
                0x080011e4                __aeabi_cdcmple
                0x080011f4                __aeabi_dcmpeq
                0x08001208                __aeabi_dcmplt
                0x0800121c                __aeabi_dcmple
                0x08001230                __aeabi_dcmpge
                0x08001244                __aeabi_dcmpgt
 .text          0x08001258       0x2c C:/PROGRA~1/JetBrains/arm-gnu-toolchain-13.3.rel1-mingw-w64-i686-arm-none-eabi/arm-gnu-toolchain-13.3.rel1-mingw-w64-i686-arm-none-eabi/bin/../lib/gcc/arm-none-eabi/13.3.1/thumb/v7-m/nofp\libgcc.a(_arm_unorddf2.o)
                0x08001258                __unorddf2
                0x08001258                __aeabi_dcmpun
 .text          0x08001284       0x50 C:/PROGRA~1/JetBrains/arm-gnu-toolchain-13.3.rel1-mingw-w64-i686-arm-none-eabi/arm-gnu-toolchain-13.3.rel1-mingw-w64-i686-arm-none-eabi/bin/../lib/gcc/arm-none-eabi/13.3.1/thumb/v7-m/nofp\libgcc.a(_arm_fixdfsi.o)
                0x08001284                __aeabi_d2iz
                0x08001284                __fixdfsi
 .text          0x080012d4       0x40 C:/PROGRA~1/JetBrains/arm-gnu-toolchain-13.3.rel1-mingw-w64-i686-arm-none-eabi/arm-gnu-toolchain-13.3.rel1-mingw-w64-i686-arm-none-eabi/bin/../lib/gcc/arm-none-eabi/13.3.1/thumb/v7-m/nofp\libgcc.a(_arm_fixunsdfsi.o)
                0x080012d4                __aeabi_d2uiz
                0x080012d4                __fixunsdfsi
 .text          0x08001314       0xa0 C:/PROGRA~1/JetBrains/arm-gnu-toolchain-13.3.rel1-mingw-w64-i686-arm-none-eabi/arm-gnu-toolchain-13.3.rel1-mingw-w64-i686-arm-none-eabi/bin/../lib/gcc/arm-none-eabi/13.3.1/thumb/v7-m/nofp\libgcc.a(_arm_truncdfsf2.o)
                0x08001314                __truncdfsf2
                0x08001314                __aeabi_d2f
 .text          0x080013b4       0x30 C:/PROGRA~1/JetBrains/arm-gnu-toolchain-13.3.rel1-mingw-w64-i686-arm-none-eabi/arm-gnu-toolchain-13.3.rel1-mingw-w64-i686-arm-none-eabi/bin/../lib/gcc/arm-none-eabi/13.3.1/thumb/v7-m/nofp\libgcc.a(_aeabi_uldivmod.o)
                0x080013b4                __aeabi_uldivmod
 .text          0x080013e4        0x4 C:/PROGRA~1/JetBrains/arm-gnu-toolchain-13.3.rel1-mingw-w64-i686-arm-none-eabi/arm-gnu-toolchain-13.3.rel1-mingw-w64-i686-arm-none-eabi/bin/../lib/gcc/arm-none-eabi/13.3.1/thumb/v7-m/nofp\libgcc.a(_dvmd_tls.o)
                0x080013e4                __aeabi_idiv0
                0x080013e4                __aeabi_ldiv0
 *(.text*)
 .text.deregister_tm_clones
                0x080013e8       0x1c C:/PROGRA~1/JetBrains/arm-gnu-toolchain-13.3.rel1-mingw-w64-i686-arm-none-eabi/arm-gnu-toolchain-13.3.rel1-mingw-w64-i686-arm-none-eabi/bin/../lib/gcc/arm-none-eabi/13.3.1/thumb/v7-m/nofp/crtbegin.o
 .text.register_tm_clones
                0x08001404       0x24 C:/PROGRA~1/JetBrains/arm-gnu-toolchain-13.3.rel1-mingw-w64-i686-arm-none-eabi/arm-gnu-toolchain-13.3.rel1-mingw-w64-i686-arm-none-eabi/bin/../lib/gcc/arm-none-eabi/13.3.1/thumb/v7-m/nofp/crtbegin.o
 .text.__do_global_dtors_aux
                0x08001428       0x28 C:/PROGRA~1/JetBrains/arm-gnu-toolchain-13.3.rel1-mingw-w64-i686-arm-none-eabi/arm-gnu-toolchain-13.3.rel1-mingw-w64-i686-arm-none-eabi/bin/../lib/gcc/arm-none-eabi/13.3.1/thumb/v7-m/nofp/crtbegin.o
 .text.frame_dummy
                0x08001450       0x24 C:/PROGRA~1/JetBrains/arm-gnu-toolchain-13.3.rel1-mingw-w64-i686-arm-none-eabi/arm-gnu-toolchain-13.3.rel1-mingw-w64-i686-arm-none-eabi/bin/../lib/gcc/arm-none-eabi/13.3.1/thumb/v7-m/nofp/crtbegin.o
 .text.Foc_Init
                0x08001474       0x64 CMakeFiles/motor_foc.elf.dir/Control/foc.c.obj
                0x08001474                Foc_Init
 .text.Sector_tracking
                0x080014d8      0x130 CMakeFiles/motor_foc.elf.dir/Control/foc.c.obj
                0x080014d8                Sector_tracking
 .text.FOC_Ctrl
                0x08001608      0x118 CMakeFiles/motor_foc.elf.dir/Control/foc.c.obj
                0x08001608                FOC_Ctrl
 .text.PID_Init
                0x08001720       0x1c CMakeFiles/motor_foc.elf.dir/Control/speed.c.obj
                0x08001720                PID_Init
 .text.Speed_PID_Control
                0x0800173c      0x104 CMakeFiles/motor_foc.elf.dir/Control/speed.c.obj
                0x0800173c                Speed_PID_Control
 .text.Speed_Debug_Init
                0x08001840       0x20 CMakeFiles/motor_foc.elf.dir/Control/speed.c.obj
                0x08001840                Speed_Debug_Init
 .text.Angle_PID
                0x08001860       0xc8 CMakeFiles/motor_foc.elf.dir/Control/speed.c.obj
                0x08001860                Angle_PID
 .text.speed_control_2KHZ
                0x08001928       0x8c CMakeFiles/motor_foc.elf.dir/Control/speed.c.obj
                0x08001928                speed_control_2KHZ
 .text.HAL_InitTick
                0x080019b4       0x4c CMakeFiles/motor_foc.elf.dir/Drivers/STM32F1xx_HAL_Driver/Src/stm32f1xx_hal.c.obj
                0x080019b4                HAL_InitTick
 .text.HAL_Init
                0x08001a00       0x24 CMakeFiles/motor_foc.elf.dir/Drivers/STM32F1xx_HAL_Driver/Src/stm32f1xx_hal.c.obj
                0x08001a00                HAL_Init
 .text.HAL_IncTick
                0x08001a24       0x18 CMakeFiles/motor_foc.elf.dir/Drivers/STM32F1xx_HAL_Driver/Src/stm32f1xx_hal.c.obj
                0x08001a24                HAL_IncTick
 .text.HAL_GetTick
                0x08001a3c        0xc CMakeFiles/motor_foc.elf.dir/Drivers/STM32F1xx_HAL_Driver/Src/stm32f1xx_hal.c.obj
                0x08001a3c                HAL_GetTick
 .text.HAL_Delay
                0x08001a48       0x28 CMakeFiles/motor_foc.elf.dir/Drivers/STM32F1xx_HAL_Driver/Src/stm32f1xx_hal.c.obj
                0x08001a48                HAL_Delay
 .text.__NVIC_SetPriority
                0x08001a70       0x28 CMakeFiles/motor_foc.elf.dir/Drivers/STM32F1xx_HAL_Driver/Src/stm32f1xx_hal_cortex.c.obj
 .text.NVIC_EncodePriority
                0x08001a98       0x3e CMakeFiles/motor_foc.elf.dir/Drivers/STM32F1xx_HAL_Driver/Src/stm32f1xx_hal_cortex.c.obj
 *fill*         0x08001ad6        0x2 
 .text.HAL_NVIC_SetPriorityGrouping
                0x08001ad8       0x24 CMakeFiles/motor_foc.elf.dir/Drivers/STM32F1xx_HAL_Driver/Src/stm32f1xx_hal_cortex.c.obj
                0x08001ad8                HAL_NVIC_SetPriorityGrouping
 .text.HAL_NVIC_SetPriority
                0x08001afc       0x20 CMakeFiles/motor_foc.elf.dir/Drivers/STM32F1xx_HAL_Driver/Src/stm32f1xx_hal_cortex.c.obj
                0x08001afc                HAL_NVIC_SetPriority
 .text.HAL_NVIC_EnableIRQ
                0x08001b1c       0x1c CMakeFiles/motor_foc.elf.dir/Drivers/STM32F1xx_HAL_Driver/Src/stm32f1xx_hal_cortex.c.obj
                0x08001b1c                HAL_NVIC_EnableIRQ
 .text.HAL_SYSTICK_Config
                0x08001b38       0x28 CMakeFiles/motor_foc.elf.dir/Drivers/STM32F1xx_HAL_Driver/Src/stm32f1xx_hal_cortex.c.obj
                0x08001b38                HAL_SYSTICK_Config
 .text.DMA_SetConfig
                0x08001b60       0x2c CMakeFiles/motor_foc.elf.dir/Drivers/STM32F1xx_HAL_Driver/Src/stm32f1xx_hal_dma.c.obj
 .text.HAL_DMA_Init
                0x08001b8c       0x68 CMakeFiles/motor_foc.elf.dir/Drivers/STM32F1xx_HAL_Driver/Src/stm32f1xx_hal_dma.c.obj
                0x08001b8c                HAL_DMA_Init
 .text.HAL_DMA_Start_IT
                0x08001bf4       0x76 CMakeFiles/motor_foc.elf.dir/Drivers/STM32F1xx_HAL_Driver/Src/stm32f1xx_hal_dma.c.obj
                0x08001bf4                HAL_DMA_Start_IT
 .text.HAL_DMA_Abort
                0x08001c6a       0x46 CMakeFiles/motor_foc.elf.dir/Drivers/STM32F1xx_HAL_Driver/Src/stm32f1xx_hal_dma.c.obj
                0x08001c6a                HAL_DMA_Abort
 .text.HAL_DMA_Abort_IT
                0x08001cb0       0x98 CMakeFiles/motor_foc.elf.dir/Drivers/STM32F1xx_HAL_Driver/Src/stm32f1xx_hal_dma.c.obj
                0x08001cb0                HAL_DMA_Abort_IT
 .text.HAL_DMA_IRQHandler
                0x08001d48      0x144 CMakeFiles/motor_foc.elf.dir/Drivers/STM32F1xx_HAL_Driver/Src/stm32f1xx_hal_dma.c.obj
                0x08001d48                HAL_DMA_IRQHandler
 .text.FLASH_Program_HalfWord
                0x08001e8c       0x1c CMakeFiles/motor_foc.elf.dir/Drivers/STM32F1xx_HAL_Driver/Src/stm32f1xx_hal_flash.c.obj
 .text.FLASH_SetErrorCode
                0x08001ea8       0x70 CMakeFiles/motor_foc.elf.dir/Drivers/STM32F1xx_HAL_Driver/Src/stm32f1xx_hal_flash.c.obj
 .text.HAL_FLASH_Unlock
                0x08001f18       0x34 CMakeFiles/motor_foc.elf.dir/Drivers/STM32F1xx_HAL_Driver/Src/stm32f1xx_hal_flash.c.obj
                0x08001f18                HAL_FLASH_Unlock
 .text.HAL_FLASH_Lock
                0x08001f4c       0x14 CMakeFiles/motor_foc.elf.dir/Drivers/STM32F1xx_HAL_Driver/Src/stm32f1xx_hal_flash.c.obj
                0x08001f4c                HAL_FLASH_Lock
 .text.FLASH_WaitForLastOperation
                0x08001f60       0x68 CMakeFiles/motor_foc.elf.dir/Drivers/STM32F1xx_HAL_Driver/Src/stm32f1xx_hal_flash.c.obj
                0x08001f60                FLASH_WaitForLastOperation
 .text.HAL_FLASH_Program
                0x08001fc8       0xa0 CMakeFiles/motor_foc.elf.dir/Drivers/STM32F1xx_HAL_Driver/Src/stm32f1xx_hal_flash.c.obj
                0x08001fc8                HAL_FLASH_Program
 .text.FLASH_MassErase
                0x08002068       0x24 CMakeFiles/motor_foc.elf.dir/Drivers/STM32F1xx_HAL_Driver/Src/stm32f1xx_hal_flash_ex.c.obj
 .text.FLASH_PageErase
                0x0800208c       0x24 CMakeFiles/motor_foc.elf.dir/Drivers/STM32F1xx_HAL_Driver/Src/stm32f1xx_hal_flash_ex.c.obj
                0x0800208c                FLASH_PageErase
 .text.HAL_FLASHEx_Erase
                0x080020b0       0xa4 CMakeFiles/motor_foc.elf.dir/Drivers/STM32F1xx_HAL_Driver/Src/stm32f1xx_hal_flash_ex.c.obj
                0x080020b0                HAL_FLASHEx_Erase
 .text.HAL_GPIO_Init
                0x08002154      0x21c CMakeFiles/motor_foc.elf.dir/Drivers/STM32F1xx_HAL_Driver/Src/stm32f1xx_hal_gpio.c.obj
                0x08002154                HAL_GPIO_Init
 .text.HAL_GPIO_WritePin
                0x08002370        0xc CMakeFiles/motor_foc.elf.dir/Drivers/STM32F1xx_HAL_Driver/Src/stm32f1xx_hal_gpio.c.obj
                0x08002370                HAL_GPIO_WritePin
 .text.HAL_GPIO_TogglePin
                0x0800237c       0x12 CMakeFiles/motor_foc.elf.dir/Drivers/STM32F1xx_HAL_Driver/Src/stm32f1xx_hal_gpio.c.obj
                0x0800237c                HAL_GPIO_TogglePin
 *fill*         0x0800238e        0x2 
 .text.RCC_Delay
                0x08002390       0x2c CMakeFiles/motor_foc.elf.dir/Drivers/STM32F1xx_HAL_Driver/Src/stm32f1xx_hal_rcc.c.obj
 .text.HAL_RCC_OscConfig
                0x080023bc      0x410 CMakeFiles/motor_foc.elf.dir/Drivers/STM32F1xx_HAL_Driver/Src/stm32f1xx_hal_rcc.c.obj
                0x080023bc                HAL_RCC_OscConfig
 .text.HAL_RCC_GetSysClockFreq
                0x080027cc       0x60 CMakeFiles/motor_foc.elf.dir/Drivers/STM32F1xx_HAL_Driver/Src/stm32f1xx_hal_rcc.c.obj
                0x080027cc                HAL_RCC_GetSysClockFreq
 .text.HAL_RCC_ClockConfig
                0x0800282c      0x16c CMakeFiles/motor_foc.elf.dir/Drivers/STM32F1xx_HAL_Driver/Src/stm32f1xx_hal_rcc.c.obj
                0x0800282c                HAL_RCC_ClockConfig
 .text.HAL_RCC_GetHCLKFreq
                0x08002998        0xc CMakeFiles/motor_foc.elf.dir/Drivers/STM32F1xx_HAL_Driver/Src/stm32f1xx_hal_rcc.c.obj
                0x08002998                HAL_RCC_GetHCLKFreq
 .text.HAL_RCC_GetPCLK1Freq
                0x080029a4       0x20 CMakeFiles/motor_foc.elf.dir/Drivers/STM32F1xx_HAL_Driver/Src/stm32f1xx_hal_rcc.c.obj
                0x080029a4                HAL_RCC_GetPCLK1Freq
 .text.HAL_RCC_GetPCLK2Freq
                0x080029c4       0x20 CMakeFiles/motor_foc.elf.dir/Drivers/STM32F1xx_HAL_Driver/Src/stm32f1xx_hal_rcc.c.obj
                0x080029c4                HAL_RCC_GetPCLK2Freq
 .text.SPI_WaitFlagStateUntilTimeout
                0x080029e4       0xc8 CMakeFiles/motor_foc.elf.dir/Drivers/STM32F1xx_HAL_Driver/Src/stm32f1xx_hal_spi.c.obj
 .text.SPI_EndRxTxTransaction
                0x08002aac       0x44 CMakeFiles/motor_foc.elf.dir/Drivers/STM32F1xx_HAL_Driver/Src/stm32f1xx_hal_spi.c.obj
 .text.HAL_SPI_Init
                0x08002af0       0xb6 CMakeFiles/motor_foc.elf.dir/Drivers/STM32F1xx_HAL_Driver/Src/stm32f1xx_hal_spi.c.obj
                0x08002af0                HAL_SPI_Init
 .text.HAL_SPI_TransmitReceive
                0x08002ba6      0x254 CMakeFiles/motor_foc.elf.dir/Drivers/STM32F1xx_HAL_Driver/Src/stm32f1xx_hal_spi.c.obj
                0x08002ba6                HAL_SPI_TransmitReceive
 *fill*         0x08002dfa        0x2 
 .text.TIM_OC1_SetConfig
                0x08002dfc       0x54 CMakeFiles/motor_foc.elf.dir/Drivers/STM32F1xx_HAL_Driver/Src/stm32f1xx_hal_tim.c.obj
 .text.TIM_OC3_SetConfig
                0x08002e50       0x5c CMakeFiles/motor_foc.elf.dir/Drivers/STM32F1xx_HAL_Driver/Src/stm32f1xx_hal_tim.c.obj
 .text.TIM_OC4_SetConfig
                0x08002eac       0x48 CMakeFiles/motor_foc.elf.dir/Drivers/STM32F1xx_HAL_Driver/Src/stm32f1xx_hal_tim.c.obj
 .text.HAL_TIM_PeriodElapsedCallback
                0x08002ef4        0x2 CMakeFiles/motor_foc.elf.dir/Drivers/STM32F1xx_HAL_Driver/Src/stm32f1xx_hal_tim.c.obj
                0x08002ef4                HAL_TIM_PeriodElapsedCallback
 .text.HAL_TIM_OC_DelayElapsedCallback
                0x08002ef6        0x2 CMakeFiles/motor_foc.elf.dir/Drivers/STM32F1xx_HAL_Driver/Src/stm32f1xx_hal_tim.c.obj
                0x08002ef6                HAL_TIM_OC_DelayElapsedCallback
 .text.HAL_TIM_IC_CaptureCallback
                0x08002ef8        0x2 CMakeFiles/motor_foc.elf.dir/Drivers/STM32F1xx_HAL_Driver/Src/stm32f1xx_hal_tim.c.obj
                0x08002ef8                HAL_TIM_IC_CaptureCallback
 .text.HAL_TIM_PWM_PulseFinishedCallback
                0x08002efa        0x2 CMakeFiles/motor_foc.elf.dir/Drivers/STM32F1xx_HAL_Driver/Src/stm32f1xx_hal_tim.c.obj
                0x08002efa                HAL_TIM_PWM_PulseFinishedCallback
 .text.HAL_TIM_TriggerCallback
                0x08002efc        0x2 CMakeFiles/motor_foc.elf.dir/Drivers/STM32F1xx_HAL_Driver/Src/stm32f1xx_hal_tim.c.obj
                0x08002efc                HAL_TIM_TriggerCallback
 .text.HAL_TIM_IRQHandler
                0x08002efe      0x15e CMakeFiles/motor_foc.elf.dir/Drivers/STM32F1xx_HAL_Driver/Src/stm32f1xx_hal_tim.c.obj
                0x08002efe                HAL_TIM_IRQHandler
 .text.TIM_Base_SetConfig
                0x0800305c       0x84 CMakeFiles/motor_foc.elf.dir/Drivers/STM32F1xx_HAL_Driver/Src/stm32f1xx_hal_tim.c.obj
                0x0800305c                TIM_Base_SetConfig
 .text.HAL_TIM_PWM_Init
                0x080030e0       0x58 CMakeFiles/motor_foc.elf.dir/Drivers/STM32F1xx_HAL_Driver/Src/stm32f1xx_hal_tim.c.obj
                0x080030e0                HAL_TIM_PWM_Init
 .text.TIM_OC2_SetConfig
                0x08003138       0x5c CMakeFiles/motor_foc.elf.dir/Drivers/STM32F1xx_HAL_Driver/Src/stm32f1xx_hal_tim.c.obj
                0x08003138                TIM_OC2_SetConfig
 .text.HAL_TIM_PWM_ConfigChannel
                0x08003194       0xdc CMakeFiles/motor_foc.elf.dir/Drivers/STM32F1xx_HAL_Driver/Src/stm32f1xx_hal_tim.c.obj
                0x08003194                HAL_TIM_PWM_ConfigChannel
 .text.TIM_CCxChannelCmd
                0x08003270       0x1e CMakeFiles/motor_foc.elf.dir/Drivers/STM32F1xx_HAL_Driver/Src/stm32f1xx_hal_tim.c.obj
                0x08003270                TIM_CCxChannelCmd
 *fill*         0x0800328e        0x2 
 .text.HAL_TIM_PWM_Start
                0x08003290       0xdc CMakeFiles/motor_foc.elf.dir/Drivers/STM32F1xx_HAL_Driver/Src/stm32f1xx_hal_tim.c.obj
                0x08003290                HAL_TIM_PWM_Start
 .text.HAL_TIMEx_MasterConfigSynchronization
                0x0800336c       0x6c CMakeFiles/motor_foc.elf.dir/Drivers/STM32F1xx_HAL_Driver/Src/stm32f1xx_hal_tim_ex.c.obj
                0x0800336c                HAL_TIMEx_MasterConfigSynchronization
 .text.HAL_TIMEx_CommutCallback
                0x080033d8        0x2 CMakeFiles/motor_foc.elf.dir/Drivers/STM32F1xx_HAL_Driver/Src/stm32f1xx_hal_tim_ex.c.obj
                0x080033d8                HAL_TIMEx_CommutCallback
 .text.HAL_TIMEx_BreakCallback
                0x080033da        0x2 CMakeFiles/motor_foc.elf.dir/Drivers/STM32F1xx_HAL_Driver/Src/stm32f1xx_hal_tim_ex.c.obj
                0x080033da                HAL_TIMEx_BreakCallback
 .text.UART_EndTxTransfer
                0x080033dc       0x20 CMakeFiles/motor_foc.elf.dir/Drivers/STM32F1xx_HAL_Driver/Src/stm32f1xx_hal_uart.c.obj
 .text.UART_EndRxTransfer
                0x080033fc       0x5c CMakeFiles/motor_foc.elf.dir/Drivers/STM32F1xx_HAL_Driver/Src/stm32f1xx_hal_uart.c.obj
 .text.UART_Transmit_IT
                0x08003458       0x60 CMakeFiles/motor_foc.elf.dir/Drivers/STM32F1xx_HAL_Driver/Src/stm32f1xx_hal_uart.c.obj
 .text.UART_SetConfig
                0x080034b8       0x94 CMakeFiles/motor_foc.elf.dir/Drivers/STM32F1xx_HAL_Driver/Src/stm32f1xx_hal_uart.c.obj
 .text.HAL_UART_Init
                0x0800354c       0x60 CMakeFiles/motor_foc.elf.dir/Drivers/STM32F1xx_HAL_Driver/Src/stm32f1xx_hal_uart.c.obj
                0x0800354c                HAL_UART_Init
 .text.HAL_UART_Transmit_DMA
                0x080035ac       0x84 CMakeFiles/motor_foc.elf.dir/Drivers/STM32F1xx_HAL_Driver/Src/stm32f1xx_hal_uart.c.obj
                0x080035ac                HAL_UART_Transmit_DMA
 .text.UART_DMATransmitCplt
                0x08003630       0x4c CMakeFiles/motor_foc.elf.dir/Drivers/STM32F1xx_HAL_Driver/Src/stm32f1xx_hal_uart.c.obj
 .text.UART_EndTransmit_IT
                0x0800367c       0x1a CMakeFiles/motor_foc.elf.dir/Drivers/STM32F1xx_HAL_Driver/Src/stm32f1xx_hal_uart.c.obj
 .text.HAL_UART_TxHalfCpltCallback
                0x08003696        0x2 CMakeFiles/motor_foc.elf.dir/Drivers/STM32F1xx_HAL_Driver/Src/stm32f1xx_hal_uart.c.obj
                0x08003696                HAL_UART_TxHalfCpltCallback
 .text.UART_DMATxHalfCplt
                0x08003698        0xa CMakeFiles/motor_foc.elf.dir/Drivers/STM32F1xx_HAL_Driver/Src/stm32f1xx_hal_uart.c.obj
 .text.HAL_UART_ErrorCallback
                0x080036a2        0x2 CMakeFiles/motor_foc.elf.dir/Drivers/STM32F1xx_HAL_Driver/Src/stm32f1xx_hal_uart.c.obj
                0x080036a2                HAL_UART_ErrorCallback
 .text.UART_DMAError
                0x080036a4       0x58 CMakeFiles/motor_foc.elf.dir/Drivers/STM32F1xx_HAL_Driver/Src/stm32f1xx_hal_uart.c.obj
 .text.UART_DMAAbortOnError
                0x080036fc       0x10 CMakeFiles/motor_foc.elf.dir/Drivers/STM32F1xx_HAL_Driver/Src/stm32f1xx_hal_uart.c.obj
 .text.HAL_UARTEx_RxEventCallback
                0x0800370c        0x2 CMakeFiles/motor_foc.elf.dir/Drivers/STM32F1xx_HAL_Driver/Src/stm32f1xx_hal_uart.c.obj
                0x0800370c                HAL_UARTEx_RxEventCallback
 .text.UART_Receive_IT
                0x0800370e       0xe6 CMakeFiles/motor_foc.elf.dir/Drivers/STM32F1xx_HAL_Driver/Src/stm32f1xx_hal_uart.c.obj
 .text.HAL_UART_IRQHandler
                0x080037f4      0x284 CMakeFiles/motor_foc.elf.dir/Drivers/STM32F1xx_HAL_Driver/Src/stm32f1xx_hal_uart.c.obj
                0x080037f4                HAL_UART_IRQHandler
 .text.UART_Start_Receive_IT
                0x08003a78       0x36 CMakeFiles/motor_foc.elf.dir/Drivers/STM32F1xx_HAL_Driver/Src/stm32f1xx_hal_uart.c.obj
                0x08003a78                UART_Start_Receive_IT
 .text.HAL_UART_Receive_IT
                0x08003aae       0x26 CMakeFiles/motor_foc.elf.dir/Drivers/STM32F1xx_HAL_Driver/Src/stm32f1xx_hal_uart.c.obj
                0x08003aae                HAL_UART_Receive_IT
 .text.MX_DMA_Init
                0x08003ad4       0x34 CMakeFiles/motor_foc.elf.dir/Src/dma.c.obj
                0x08003ad4                MX_DMA_Init
 .text.MX_GPIO_Init
                0x08003b08       0xbc CMakeFiles/motor_foc.elf.dir/Src/gpio.c.obj
                0x08003b08                MX_GPIO_Init
 .text.Error_Handler
                0x08003bc4        0x4 CMakeFiles/motor_foc.elf.dir/Src/main.c.obj
                0x08003bc4                Error_Handler
 .text.SystemClock_Config
                0x08003bc8       0x64 CMakeFiles/motor_foc.elf.dir/Src/main.c.obj
                0x08003bc8                SystemClock_Config
 .text.main     0x08003c2c       0x3c CMakeFiles/motor_foc.elf.dir/Src/main.c.obj
                0x08003c2c                main
 .text.MX_SPI1_Init
                0x08003c68       0x4c CMakeFiles/motor_foc.elf.dir/Src/spi.c.obj
                0x08003c68                MX_SPI1_Init
 .text.HAL_SPI_MspInit
                0x08003cb4       0x88 CMakeFiles/motor_foc.elf.dir/Src/spi.c.obj
                0x08003cb4                HAL_SPI_MspInit
 .text.HAL_MspInit
                0x08003d3c       0x44 CMakeFiles/motor_foc.elf.dir/Src/stm32f1xx_hal_msp.c.obj
                0x08003d3c                HAL_MspInit
 .text.NMI_Handler
                0x08003d80        0x2 CMakeFiles/motor_foc.elf.dir/Src/stm32f1xx_it.c.obj
                0x08003d80                NMI_Handler
 .text.HardFault_Handler
                0x08003d82        0x2 CMakeFiles/motor_foc.elf.dir/Src/stm32f1xx_it.c.obj
                0x08003d82                HardFault_Handler
 .text.MemManage_Handler
                0x08003d84        0x2 CMakeFiles/motor_foc.elf.dir/Src/stm32f1xx_it.c.obj
                0x08003d84                MemManage_Handler
 .text.BusFault_Handler
                0x08003d86        0x2 CMakeFiles/motor_foc.elf.dir/Src/stm32f1xx_it.c.obj
                0x08003d86                BusFault_Handler
 .text.UsageFault_Handler
                0x08003d88        0x2 CMakeFiles/motor_foc.elf.dir/Src/stm32f1xx_it.c.obj
                0x08003d88                UsageFault_Handler
 .text.SVC_Handler
                0x08003d8a        0x2 CMakeFiles/motor_foc.elf.dir/Src/stm32f1xx_it.c.obj
                0x08003d8a                SVC_Handler
 .text.DebugMon_Handler
                0x08003d8c        0x2 CMakeFiles/motor_foc.elf.dir/Src/stm32f1xx_it.c.obj
                0x08003d8c                DebugMon_Handler
 .text.PendSV_Handler
                0x08003d8e        0x2 CMakeFiles/motor_foc.elf.dir/Src/stm32f1xx_it.c.obj
                0x08003d8e                PendSV_Handler
 .text.DMA1_Channel4_IRQHandler
                0x08003d90       0x10 CMakeFiles/motor_foc.elf.dir/Src/stm32f1xx_it.c.obj
                0x08003d90                DMA1_Channel4_IRQHandler
 .text.TIM2_IRQHandler
                0x08003da0       0x10 CMakeFiles/motor_foc.elf.dir/Src/stm32f1xx_it.c.obj
                0x08003da0                TIM2_IRQHandler
 .text.USART1_IRQHandler
                0x08003db0       0x10 CMakeFiles/motor_foc.elf.dir/Src/stm32f1xx_it.c.obj
                0x08003db0                USART1_IRQHandler
 .text._getpid  0x08003dc0        0x4 CMakeFiles/motor_foc.elf.dir/Src/syscalls.c.obj
                0x08003dc0                _getpid
 .text._kill    0x08003dc4       0x10 CMakeFiles/motor_foc.elf.dir/Src/syscalls.c.obj
                0x08003dc4                _kill
 .text._exit    0x08003dd4        0xc CMakeFiles/motor_foc.elf.dir/Src/syscalls.c.obj
                0x08003dd4                _exit
 .text._read    0x08003de0       0x20 CMakeFiles/motor_foc.elf.dir/Src/syscalls.c.obj
                0x08003de0                _read
 .text._write   0x08003e00       0x1c CMakeFiles/motor_foc.elf.dir/Src/syscalls.c.obj
                0x08003e00                _write
 .text._close   0x08003e1c        0x6 CMakeFiles/motor_foc.elf.dir/Src/syscalls.c.obj
                0x08003e1c                _close
 .text._fstat   0x08003e22        0xa CMakeFiles/motor_foc.elf.dir/Src/syscalls.c.obj
                0x08003e22                _fstat
 .text._isatty  0x08003e2c        0x4 CMakeFiles/motor_foc.elf.dir/Src/syscalls.c.obj
                0x08003e2c                _isatty
 .text._lseek   0x08003e30        0x4 CMakeFiles/motor_foc.elf.dir/Src/syscalls.c.obj
                0x08003e30                _lseek
 .text._sbrk    0x08003e34       0x48 CMakeFiles/motor_foc.elf.dir/Src/sysmem.c.obj
                0x08003e34                _sbrk
 .text.SystemInit
                0x08003e7c        0x2 CMakeFiles/motor_foc.elf.dir/Src/system_stm32f1xx.c.obj
                0x08003e7c                SystemInit
 .text.HAL_TIM_PWM_MspInit
                0x08003e7e       0x3a CMakeFiles/motor_foc.elf.dir/Src/tim.c.obj
                0x08003e7e                HAL_TIM_PWM_MspInit
 .text.HAL_TIM_MspPostInit
                0x08003eb8       0x64 CMakeFiles/motor_foc.elf.dir/Src/tim.c.obj
                0x08003eb8                HAL_TIM_MspPostInit
 .text.MX_TIM2_Init
                0x08003f1c       0xa0 CMakeFiles/motor_foc.elf.dir/Src/tim.c.obj
                0x08003f1c                MX_TIM2_Init
 .text.MX_USART1_UART_Init
                0x08003fbc       0x34 CMakeFiles/motor_foc.elf.dir/Src/usart.c.obj
                0x08003fbc                MX_USART1_UART_Init
 .text.HAL_UART_MspInit
                0x08003ff0       0xcc CMakeFiles/motor_foc.elf.dir/Src/usart.c.obj
                0x08003ff0                HAL_UART_MspInit
 .text.Reset_Handler
                0x080040bc       0x48 CMakeFiles/motor_foc.elf.dir/Startup/startup_stm32f103cbtx.s.obj
                0x080040bc                Reset_Handler
 .text.Default_Handler
                0x08004104        0x2 CMakeFiles/motor_foc.elf.dir/Startup/startup_stm32f103cbtx.s.obj
                0x08004104                RTC_Alarm_IRQHandler
                0x08004104                EXTI2_IRQHandler
                0x08004104                TIM1_CC_IRQHandler
                0x08004104                PVD_IRQHandler
                0x08004104                EXTI3_IRQHandler
                0x08004104                EXTI0_IRQHandler
                0x08004104                I2C2_EV_IRQHandler
                0x08004104                ADC1_2_IRQHandler
                0x08004104                SPI1_IRQHandler
                0x08004104                TAMPER_IRQHandler
                0x08004104                USART3_IRQHandler
                0x08004104                RTC_IRQHandler
                0x08004104                DMA1_Channel7_IRQHandler
                0x08004104                CAN1_RX1_IRQHandler
                0x08004104                TIM4_IRQHandler
                0x08004104                I2C1_EV_IRQHandler
                0x08004104                DMA1_Channel6_IRQHandler
                0x08004104                TIM3_IRQHandler
                0x08004104                RCC_IRQHandler
                0x08004104                TIM1_TRG_COM_IRQHandler
                0x08004104                DMA1_Channel1_IRQHandler
                0x08004104                Default_Handler
                0x08004104                EXTI15_10_IRQHandler
                0x08004104                EXTI9_5_IRQHandler
                0x08004104                SPI2_IRQHandler
                0x08004104                DMA1_Channel5_IRQHandler
                0x08004104                EXTI4_IRQHandler
                0x08004104                USB_LP_CAN1_RX0_IRQHandler
                0x08004104                USB_HP_CAN1_TX_IRQHandler
                0x08004104                DMA1_Channel3_IRQHandler
                0x08004104                TIM1_UP_IRQHandler
                0x08004104                WWDG_IRQHandler
                0x08004104                TIM1_BRK_IRQHandler
                0x08004104                EXTI1_IRQHandler
                0x08004104                USART2_IRQHandler
                0x08004104                I2C2_ER_IRQHandler
                0x08004104                DMA1_Channel2_IRQHandler
                0x08004104                CAN1_SCE_IRQHandler
                0x08004104                FLASH_IRQHandler
                0x08004104                I2C1_ER_IRQHandler
                0x08004104                USBWakeUp_IRQHandler
 *fill*         0x08004106        0x2 
 .text.all      0x08004108       0xb4 CMakeFiles/motor_foc.elf.dir/all/start.c.obj
                0x08004108                all
 .text.SysTick_Handler
                0x080041bc       0xd8 CMakeFiles/motor_foc.elf.dir/all/start.c.obj
                0x080041bc                SysTick_Handler
 .text.uart1_printf
                0x08004294       0xb8 CMakeFiles/motor_foc.elf.dir/user/debug.c.obj
                0x08004294                uart1_printf
 .text.HAL_UART_RxCpltCallback
                0x0800434c       0x68 CMakeFiles/motor_foc.elf.dir/user/debug.c.obj
                0x0800434c                HAL_UART_RxCpltCallback
 .text.debug_poll
                0x080043b4       0xe0 CMakeFiles/motor_foc.elf.dir/user/debug.c.obj
                0x080043b4                debug_poll
 .text.HAL_UART_TxCpltCallback
                0x08004494       0x64 CMakeFiles/motor_foc.elf.dir/user/debug.c.obj
                0x08004494                HAL_UART_TxCpltCallback
 .text.Write_CaliData_Array
                0x080044f8       0x48 CMakeFiles/motor_foc.elf.dir/user/flash.c.obj
                0x080044f8                Write_CaliData_Array
 .text.Is_LUT_Valid
                0x08004540       0x18 CMakeFiles/motor_foc.elf.dir/user/flash.c.obj
                0x08004540                Is_LUT_Valid
 .text.Flash_Write_Zero
                0x08004558       0x20 CMakeFiles/motor_foc.elf.dir/user/flash.c.obj
                0x08004558                Flash_Write_Zero
 .text.Flash_Read_SectorAngle
                0x08004578       0x1a CMakeFiles/motor_foc.elf.dir/user/flash.c.obj
                0x08004578                Flash_Read_SectorAngle
 *fill*         0x08004592        0x2 
 .text.MT6816_ReadRaw_Alt
                0x08004594       0x88 CMakeFiles/motor_foc.elf.dir/user/mt6816.c.obj
                0x08004594                MT6816_ReadRaw_Alt
 .text.MT6816_ReadAngleDeg_Alt
                0x0800461c       0x24 CMakeFiles/motor_foc.elf.dir/user/mt6816.c.obj
                0x0800461c                MT6816_ReadAngleDeg_Alt
 .text.Encoder_Cali
                0x08004640       0x80 CMakeFiles/motor_foc.elf.dir/user/mt6816.c.obj
                0x08004640                Encoder_Cali
 .text.Motor_Test_Rotate
                0x080046c0       0xf0 CMakeFiles/motor_foc.elf.dir/user/stepmotor.c.obj
                0x080046c0                Motor_Test_Rotate
 .text.stdio_exit_handler
                0x080047b0       0x18 C:/PROGRA~1/JetBrains/arm-gnu-toolchain-13.3.rel1-mingw-w64-i686-arm-none-eabi/arm-gnu-toolchain-13.3.rel1-mingw-w64-i686-arm-none-eabi/bin/../lib/gcc/arm-none-eabi/13.3.1/thumb/v7-m/nofp\libg.a(libc_a-findfp.o)
 .text.cleanup_stdio
                0x080047c8       0x40 C:/PROGRA~1/JetBrains/arm-gnu-toolchain-13.3.rel1-mingw-w64-i686-arm-none-eabi/arm-gnu-toolchain-13.3.rel1-mingw-w64-i686-arm-none-eabi/bin/../lib/gcc/arm-none-eabi/13.3.1/thumb/v7-m/nofp\libg.a(libc_a-findfp.o)
 .text.global_stdio_init.part.0
                0x08004808       0xf0 C:/PROGRA~1/JetBrains/arm-gnu-toolchain-13.3.rel1-mingw-w64-i686-arm-none-eabi/arm-gnu-toolchain-13.3.rel1-mingw-w64-i686-arm-none-eabi/bin/../lib/gcc/arm-none-eabi/13.3.1/thumb/v7-m/nofp\libg.a(libc_a-findfp.o)
 .text.__sinit  0x080048f8       0x3c C:/PROGRA~1/JetBrains/arm-gnu-toolchain-13.3.rel1-mingw-w64-i686-arm-none-eabi/arm-gnu-toolchain-13.3.rel1-mingw-w64-i686-arm-none-eabi/bin/../lib/gcc/arm-none-eabi/13.3.1/thumb/v7-m/nofp\libg.a(libc_a-findfp.o)
                0x080048f8                __sinit
 .text.__sfp_lock_acquire
                0x08004934        0xc C:/PROGRA~1/JetBrains/arm-gnu-toolchain-13.3.rel1-mingw-w64-i686-arm-none-eabi/arm-gnu-toolchain-13.3.rel1-mingw-w64-i686-arm-none-eabi/bin/../lib/gcc/arm-none-eabi/13.3.1/thumb/v7-m/nofp\libg.a(libc_a-findfp.o)
                0x08004934                __sfp_lock_acquire
 .text.__sfp_lock_release
                0x08004940        0xc C:/PROGRA~1/JetBrains/arm-gnu-toolchain-13.3.rel1-mingw-w64-i686-arm-none-eabi/arm-gnu-toolchain-13.3.rel1-mingw-w64-i686-arm-none-eabi/bin/../lib/gcc/arm-none-eabi/13.3.1/thumb/v7-m/nofp\libg.a(libc_a-findfp.o)
                0x08004940                __sfp_lock_release
 .text._fwalk_sglue
                0x0800494c       0x44 C:/PROGRA~1/JetBrains/arm-gnu-toolchain-13.3.rel1-mingw-w64-i686-arm-none-eabi/arm-gnu-toolchain-13.3.rel1-mingw-w64-i686-arm-none-eabi/bin/../lib/gcc/arm-none-eabi/13.3.1/thumb/v7-m/nofp\libg.a(libc_a-fwalk.o)
                0x0800494c                _fwalk_sglue
 .text.sscanf   0x08004990       0x58 C:/PROGRA~1/JetBrains/arm-gnu-toolchain-13.3.rel1-mingw-w64-i686-arm-none-eabi/arm-gnu-toolchain-13.3.rel1-mingw-w64-i686-arm-none-eabi/bin/../lib/gcc/arm-none-eabi/13.3.1/thumb/v7-m/nofp\libg.a(libc_a-sscanf.o)
                0x08004990                sscanf
 .text.__sread  0x080049e8       0x24 C:/PROGRA~1/JetBrains/arm-gnu-toolchain-13.3.rel1-mingw-w64-i686-arm-none-eabi/arm-gnu-toolchain-13.3.rel1-mingw-w64-i686-arm-none-eabi/bin/../lib/gcc/arm-none-eabi/13.3.1/thumb/v7-m/nofp\libg.a(libc_a-stdio.o)
                0x080049e8                __sread
 .text.__seofread
                0x08004a0c        0x4 C:/PROGRA~1/JetBrains/arm-gnu-toolchain-13.3.rel1-mingw-w64-i686-arm-none-eabi/arm-gnu-toolchain-13.3.rel1-mingw-w64-i686-arm-none-eabi/bin/../lib/gcc/arm-none-eabi/13.3.1/thumb/v7-m/nofp\libg.a(libc_a-stdio.o)
                0x08004a0c                __seofread
 .text.__swrite
                0x08004a10       0x40 C:/PROGRA~1/JetBrains/arm-gnu-toolchain-13.3.rel1-mingw-w64-i686-arm-none-eabi/arm-gnu-toolchain-13.3.rel1-mingw-w64-i686-arm-none-eabi/bin/../lib/gcc/arm-none-eabi/13.3.1/thumb/v7-m/nofp\libg.a(libc_a-stdio.o)
                0x08004a10                __swrite
 .text.__sseek  0x08004a50       0x24 C:/PROGRA~1/JetBrains/arm-gnu-toolchain-13.3.rel1-mingw-w64-i686-arm-none-eabi/arm-gnu-toolchain-13.3.rel1-mingw-w64-i686-arm-none-eabi/bin/../lib/gcc/arm-none-eabi/13.3.1/thumb/v7-m/nofp\libg.a(libc_a-stdio.o)
                0x08004a50                __sseek
 .text.__sclose
                0x08004a74        0x8 C:/PROGRA~1/JetBrains/arm-gnu-toolchain-13.3.rel1-mingw-w64-i686-arm-none-eabi/arm-gnu-toolchain-13.3.rel1-mingw-w64-i686-arm-none-eabi/bin/../lib/gcc/arm-none-eabi/13.3.1/thumb/v7-m/nofp\libg.a(libc_a-stdio.o)
                0x08004a74                __sclose
 .text.vsnprintf
                0x08004a7c       0x74 C:/PROGRA~1/JetBrains/arm-gnu-toolchain-13.3.rel1-mingw-w64-i686-arm-none-eabi/arm-gnu-toolchain-13.3.rel1-mingw-w64-i686-arm-none-eabi/bin/../lib/gcc/arm-none-eabi/13.3.1/thumb/v7-m/nofp\libg.a(libc_a-vsnprintf.o)
                0x08004a7c                vsnprintf
 .text.memset   0x08004af0       0xa0 C:/PROGRA~1/JetBrains/arm-gnu-toolchain-13.3.rel1-mingw-w64-i686-arm-none-eabi/arm-gnu-toolchain-13.3.rel1-mingw-w64-i686-arm-none-eabi/bin/../lib/gcc/arm-none-eabi/13.3.1/thumb/v7-m/nofp\libg.a(libc_a-memset.o)
                0x08004af0                memset
 .text._close_r
                0x08004b90       0x24 C:/PROGRA~1/JetBrains/arm-gnu-toolchain-13.3.rel1-mingw-w64-i686-arm-none-eabi/arm-gnu-toolchain-13.3.rel1-mingw-w64-i686-arm-none-eabi/bin/../lib/gcc/arm-none-eabi/13.3.1/thumb/v7-m/nofp\libg.a(libc_a-closer.o)
                0x08004b90                _close_r
 .text._lseek_r
                0x08004bb4       0x2c C:/PROGRA~1/JetBrains/arm-gnu-toolchain-13.3.rel1-mingw-w64-i686-arm-none-eabi/arm-gnu-toolchain-13.3.rel1-mingw-w64-i686-arm-none-eabi/bin/../lib/gcc/arm-none-eabi/13.3.1/thumb/v7-m/nofp\libg.a(libc_a-lseekr.o)
                0x08004bb4                _lseek_r
 .text._read_r  0x08004be0       0x2c C:/PROGRA~1/JetBrains/arm-gnu-toolchain-13.3.rel1-mingw-w64-i686-arm-none-eabi/arm-gnu-toolchain-13.3.rel1-mingw-w64-i686-arm-none-eabi/bin/../lib/gcc/arm-none-eabi/13.3.1/thumb/v7-m/nofp\libg.a(libc_a-readr.o)
                0x08004be0                _read_r
 .text._write_r
                0x08004c0c       0x2c C:/PROGRA~1/JetBrains/arm-gnu-toolchain-13.3.rel1-mingw-w64-i686-arm-none-eabi/arm-gnu-toolchain-13.3.rel1-mingw-w64-i686-arm-none-eabi/bin/../lib/gcc/arm-none-eabi/13.3.1/thumb/v7-m/nofp\libg.a(libc_a-writer.o)
                0x08004c0c                _write_r
 .text.__errno  0x08004c38        0xc C:/PROGRA~1/JetBrains/arm-gnu-toolchain-13.3.rel1-mingw-w64-i686-arm-none-eabi/arm-gnu-toolchain-13.3.rel1-mingw-w64-i686-arm-none-eabi/bin/../lib/gcc/arm-none-eabi/13.3.1/thumb/v7-m/nofp\libg.a(libc_a-errno.o)
                0x08004c38                __errno
 .text.__libc_init_array
                0x08004c44       0x50 C:/PROGRA~1/JetBrains/arm-gnu-toolchain-13.3.rel1-mingw-w64-i686-arm-none-eabi/arm-gnu-toolchain-13.3.rel1-mingw-w64-i686-arm-none-eabi/bin/../lib/gcc/arm-none-eabi/13.3.1/thumb/v7-m/nofp\libg.a(libc_a-init.o)
                0x08004c44                __libc_init_array
 .text.__retarget_lock_init_recursive
                0x08004c94        0x4 C:/PROGRA~1/JetBrains/arm-gnu-toolchain-13.3.rel1-mingw-w64-i686-arm-none-eabi/arm-gnu-toolchain-13.3.rel1-mingw-w64-i686-arm-none-eabi/bin/../lib/gcc/arm-none-eabi/13.3.1/thumb/v7-m/nofp\libg.a(libc_a-lock.o)
                0x08004c94                __retarget_lock_init_recursive
 .text.__retarget_lock_close_recursive
                0x08004c98        0x4 C:/PROGRA~1/JetBrains/arm-gnu-toolchain-13.3.rel1-mingw-w64-i686-arm-none-eabi/arm-gnu-toolchain-13.3.rel1-mingw-w64-i686-arm-none-eabi/bin/../lib/gcc/arm-none-eabi/13.3.1/thumb/v7-m/nofp\libg.a(libc_a-lock.o)
                0x08004c98                __retarget_lock_close_recursive
 .text.__retarget_lock_acquire_recursive
                0x08004c9c        0x4 C:/PROGRA~1/JetBrains/arm-gnu-toolchain-13.3.rel1-mingw-w64-i686-arm-none-eabi/arm-gnu-toolchain-13.3.rel1-mingw-w64-i686-arm-none-eabi/bin/../lib/gcc/arm-none-eabi/13.3.1/thumb/v7-m/nofp\libg.a(libc_a-lock.o)
                0x08004c9c                __retarget_lock_acquire_recursive
 .text.__retarget_lock_release_recursive
                0x08004ca0        0x4 C:/PROGRA~1/JetBrains/arm-gnu-toolchain-13.3.rel1-mingw-w64-i686-arm-none-eabi/arm-gnu-toolchain-13.3.rel1-mingw-w64-i686-arm-none-eabi/bin/../lib/gcc/arm-none-eabi/13.3.1/thumb/v7-m/nofp\libg.a(libc_a-lock.o)
                0x08004ca0                __retarget_lock_release_recursive
 .text.strlen   0x08004ca4       0x5c C:/PROGRA~1/JetBrains/arm-gnu-toolchain-13.3.rel1-mingw-w64-i686-arm-none-eabi/arm-gnu-toolchain-13.3.rel1-mingw-w64-i686-arm-none-eabi/bin/../lib/gcc/arm-none-eabi/13.3.1/thumb/v7-m/nofp\libg.a(libc_a-strlen-stub.o)
                0x08004ca4                strlen
 .text.startup.register_fini
                0x08004d00       0x14 C:/PROGRA~1/JetBrains/arm-gnu-toolchain-13.3.rel1-mingw-w64-i686-arm-none-eabi/arm-gnu-toolchain-13.3.rel1-mingw-w64-i686-arm-none-eabi/bin/../lib/gcc/arm-none-eabi/13.3.1/thumb/v7-m/nofp\libg.a(libc_a-__call_atexit.o)
 .text.atexit   0x08004d14        0xc C:/PROGRA~1/JetBrains/arm-gnu-toolchain-13.3.rel1-mingw-w64-i686-arm-none-eabi/arm-gnu-toolchain-13.3.rel1-mingw-w64-i686-arm-none-eabi/bin/../lib/gcc/arm-none-eabi/13.3.1/thumb/v7-m/nofp\libg.a(libc_a-atexit.o)
                0x08004d14                atexit
 .text._malloc_trim_r
                0x08004d20       0xb8 C:/PROGRA~1/JetBrains/arm-gnu-toolchain-13.3.rel1-mingw-w64-i686-arm-none-eabi/arm-gnu-toolchain-13.3.rel1-mingw-w64-i686-arm-none-eabi/bin/../lib/gcc/arm-none-eabi/13.3.1/thumb/v7-m/nofp\libg.a(libc_a-freer.o)
                0x08004d20                _malloc_trim_r
 .text._free_r  0x08004dd8      0x1f8 C:/PROGRA~1/JetBrains/arm-gnu-toolchain-13.3.rel1-mingw-w64-i686-arm-none-eabi/arm-gnu-toolchain-13.3.rel1-mingw-w64-i686-arm-none-eabi/bin/../lib/gcc/arm-none-eabi/13.3.1/thumb/v7-m/nofp\libg.a(libc_a-freer.o)
                0x08004dd8                _free_r
 .text._malloc_r
                0x08004fd0      0x568 C:/PROGRA~1/JetBrains/arm-gnu-toolchain-13.3.rel1-mingw-w64-i686-arm-none-eabi/arm-gnu-toolchain-13.3.rel1-mingw-w64-i686-arm-none-eabi/bin/../lib/gcc/arm-none-eabi/13.3.1/thumb/v7-m/nofp\libg.a(libc_a-mallocr.o)
                0x08004fd0                _malloc_r
 .text.__malloc_lock
                0x08005538        0xc C:/PROGRA~1/JetBrains/arm-gnu-toolchain-13.3.rel1-mingw-w64-i686-arm-none-eabi/arm-gnu-toolchain-13.3.rel1-mingw-w64-i686-arm-none-eabi/bin/../lib/gcc/arm-none-eabi/13.3.1/thumb/v7-m/nofp\libg.a(libc_a-mlock.o)
                0x08005538                __malloc_lock
 .text.__malloc_unlock
                0x08005544        0xc C:/PROGRA~1/JetBrains/arm-gnu-toolchain-13.3.rel1-mingw-w64-i686-arm-none-eabi/arm-gnu-toolchain-13.3.rel1-mingw-w64-i686-arm-none-eabi/bin/../lib/gcc/arm-none-eabi/13.3.1/thumb/v7-m/nofp\libg.a(libc_a-mlock.o)
                0x08005544                __malloc_unlock
 .text._svfprintf_r
                0x08005550     0x1b2c C:/PROGRA~1/JetBrains/arm-gnu-toolchain-13.3.rel1-mingw-w64-i686-arm-none-eabi/arm-gnu-toolchain-13.3.rel1-mingw-w64-i686-arm-none-eabi/bin/../lib/gcc/arm-none-eabi/13.3.1/thumb/v7-m/nofp\libg.a(libc_a-svfprintf.o)
                0x08005550                _svfprintf_r
 .text.__ssvfscanf_r
                0x0800707c     0x1864 C:/PROGRA~1/JetBrains/arm-gnu-toolchain-13.3.rel1-mingw-w64-i686-arm-none-eabi/arm-gnu-toolchain-13.3.rel1-mingw-w64-i686-arm-none-eabi/bin/../lib/gcc/arm-none-eabi/13.3.1/thumb/v7-m/nofp\libg.a(libc_a-svfscanf.o)
                0x0800707c                __ssvfscanf_r
 .text.__sprint_r
                0x080088e0       0x20 C:/PROGRA~1/JetBrains/arm-gnu-toolchain-13.3.rel1-mingw-w64-i686-arm-none-eabi/arm-gnu-toolchain-13.3.rel1-mingw-w64-i686-arm-none-eabi/bin/../lib/gcc/arm-none-eabi/13.3.1/thumb/v7-m/nofp\libg.a(libc_a-sprint_r.o)
                0x080088e0                __sprint_r
 .text.__ssprint_r
                0x08008900       0x58 C:/PROGRA~1/JetBrains/arm-gnu-toolchain-13.3.rel1-mingw-w64-i686-arm-none-eabi/arm-gnu-toolchain-13.3.rel1-mingw-w64-i686-arm-none-eabi/bin/../lib/gcc/arm-none-eabi/13.3.1/thumb/v7-m/nofp\libg.a(libc_a-ssprint_r.o)
                0x08008900                __ssprint_r
 .text._fclose_r
                0x08008958       0xc0 C:/PROGRA~1/JetBrains/arm-gnu-toolchain-13.3.rel1-mingw-w64-i686-arm-none-eabi/arm-gnu-toolchain-13.3.rel1-mingw-w64-i686-arm-none-eabi/bin/../lib/gcc/arm-none-eabi/13.3.1/thumb/v7-m/nofp\libg.a(libc_a-fclose.o)
                0x08008958                _fclose_r
 .text.__sflush_r
                0x08008a18      0x128 C:/PROGRA~1/JetBrains/arm-gnu-toolchain-13.3.rel1-mingw-w64-i686-arm-none-eabi/arm-gnu-toolchain-13.3.rel1-mingw-w64-i686-arm-none-eabi/bin/../lib/gcc/arm-none-eabi/13.3.1/thumb/v7-m/nofp\libg.a(libc_a-fflush.o)
                0x08008a18                __sflush_r
 .text._fflush_r
                0x08008b40       0x54 C:/PROGRA~1/JetBrains/arm-gnu-toolchain-13.3.rel1-mingw-w64-i686-arm-none-eabi/arm-gnu-toolchain-13.3.rel1-mingw-w64-i686-arm-none-eabi/bin/../lib/gcc/arm-none-eabi/13.3.1/thumb/v7-m/nofp\libg.a(libc_a-fflush.o)
                0x08008b40                _fflush_r
 .text.__sfvwrite_r
                0x08008b94      0x2ec C:/PROGRA~1/JetBrains/arm-gnu-toolchain-13.3.rel1-mingw-w64-i686-arm-none-eabi/arm-gnu-toolchain-13.3.rel1-mingw-w64-i686-arm-none-eabi/bin/../lib/gcc/arm-none-eabi/13.3.1/thumb/v7-m/nofp\libg.a(libc_a-fvwrite.o)
                0x08008b94                __sfvwrite_r
 .text.__sccl   0x08008e80       0x9c C:/PROGRA~1/JetBrains/arm-gnu-toolchain-13.3.rel1-mingw-w64-i686-arm-none-eabi/arm-gnu-toolchain-13.3.rel1-mingw-w64-i686-arm-none-eabi/bin/../lib/gcc/arm-none-eabi/13.3.1/thumb/v7-m/nofp\libg.a(libc_a-sccl.o)
                0x08008e80                __sccl
 .text.sprintf  0x08008f1c       0x44 C:/PROGRA~1/JetBrains/arm-gnu-toolchain-13.3.rel1-mingw-w64-i686-arm-none-eabi/arm-gnu-toolchain-13.3.rel1-mingw-w64-i686-arm-none-eabi/bin/../lib/gcc/arm-none-eabi/13.3.1/thumb/v7-m/nofp\libg.a(libc_a-sprintf.o)
                0x08008f1c                sprintf
 .text.__swsetup_r
                0x08008f60       0xc4 C:/PROGRA~1/JetBrains/arm-gnu-toolchain-13.3.rel1-mingw-w64-i686-arm-none-eabi/arm-gnu-toolchain-13.3.rel1-mingw-w64-i686-arm-none-eabi/bin/../lib/gcc/arm-none-eabi/13.3.1/thumb/v7-m/nofp\libg.a(libc_a-wsetup.o)
                0x08008f60                __swsetup_r
 .text.memmove  0x08009024       0xfc C:/PROGRA~1/JetBrains/arm-gnu-toolchain-13.3.rel1-mingw-w64-i686-arm-none-eabi/arm-gnu-toolchain-13.3.rel1-mingw-w64-i686-arm-none-eabi/bin/../lib/gcc/arm-none-eabi/13.3.1/thumb/v7-m/nofp\libg.a(libc_a-memmove.o)
                0x08009024                memmove
 .text.strncpy  0x08009120       0x6c C:/PROGRA~1/JetBrains/arm-gnu-toolchain-13.3.rel1-mingw-w64-i686-arm-none-eabi/arm-gnu-toolchain-13.3.rel1-mingw-w64-i686-arm-none-eabi/bin/../lib/gcc/arm-none-eabi/13.3.1/thumb/v7-m/nofp\libg.a(libc_a-strncpy.o)
                0x08009120                strncpy
 .text.stpncpy  0x0800918c       0x7c C:/PROGRA~1/JetBrains/arm-gnu-toolchain-13.3.rel1-mingw-w64-i686-arm-none-eabi/arm-gnu-toolchain-13.3.rel1-mingw-w64-i686-arm-none-eabi/bin/../lib/gcc/arm-none-eabi/13.3.1/thumb/v7-m/nofp\libg.a(libc_a-stpncpy.o)
                0x0800918c                stpncpy
 .text.__locale_mb_cur_max
                0x08009208        0xc C:/PROGRA~1/JetBrains/arm-gnu-toolchain-13.3.rel1-mingw-w64-i686-arm-none-eabi/arm-gnu-toolchain-13.3.rel1-mingw-w64-i686-arm-none-eabi/bin/../lib/gcc/arm-none-eabi/13.3.1/thumb/v7-m/nofp\libg.a(libc_a-locale.o)
                0x08009208                __locale_mb_cur_max
 .text._localeconv_r
                0x08009214        0x8 C:/PROGRA~1/JetBrains/arm-gnu-toolchain-13.3.rel1-mingw-w64-i686-arm-none-eabi/arm-gnu-toolchain-13.3.rel1-mingw-w64-i686-arm-none-eabi/bin/../lib/gcc/arm-none-eabi/13.3.1/thumb/v7-m/nofp\libg.a(libc_a-localeconv.o)
                0x08009214                _localeconv_r
 .text._sbrk_r  0x0800921c       0x24 C:/PROGRA~1/JetBrains/arm-gnu-toolchain-13.3.rel1-mingw-w64-i686-arm-none-eabi/arm-gnu-toolchain-13.3.rel1-mingw-w64-i686-arm-none-eabi/bin/../lib/gcc/arm-none-eabi/13.3.1/thumb/v7-m/nofp\libg.a(libc_a-sbrkr.o)
                0x0800921c                _sbrk_r
 .text.__libc_fini_array
                0x08009240       0x28 C:/PROGRA~1/JetBrains/arm-gnu-toolchain-13.3.rel1-mingw-w64-i686-arm-none-eabi/arm-gnu-toolchain-13.3.rel1-mingw-w64-i686-arm-none-eabi/bin/../lib/gcc/arm-none-eabi/13.3.1/thumb/v7-m/nofp\libg.a(libc_a-fini.o)
                0x08009240                __libc_fini_array
 .text.sysconf  0x08009268       0x1c C:/PROGRA~1/JetBrains/arm-gnu-toolchain-13.3.rel1-mingw-w64-i686-arm-none-eabi/arm-gnu-toolchain-13.3.rel1-mingw-w64-i686-arm-none-eabi/bin/../lib/gcc/arm-none-eabi/13.3.1/thumb/v7-m/nofp\libg.a(libc_a-sysconf.o)
                0x08009268                sysconf
 .text.memchr   0x08009284       0x98 C:/PROGRA~1/JetBrains/arm-gnu-toolchain-13.3.rel1-mingw-w64-i686-arm-none-eabi/arm-gnu-toolchain-13.3.rel1-mingw-w64-i686-arm-none-eabi/bin/../lib/gcc/arm-none-eabi/13.3.1/thumb/v7-m/nofp\libg.a(libc_a-memchr-stub.o)
                0x08009284                memchr
 .text.nanf     0x0800931c        0x8 C:/PROGRA~1/JetBrains/arm-gnu-toolchain-13.3.rel1-mingw-w64-i686-arm-none-eabi/arm-gnu-toolchain-13.3.rel1-mingw-w64-i686-arm-none-eabi/bin/../lib/gcc/arm-none-eabi/13.3.1/thumb/v7-m/nofp\libg.a(libm_a-sf_nan.o)
                0x0800931c                nanf
 .text.frexp    0x08009324       0x6c C:/PROGRA~1/JetBrains/arm-gnu-toolchain-13.3.rel1-mingw-w64-i686-arm-none-eabi/arm-gnu-toolchain-13.3.rel1-mingw-w64-i686-arm-none-eabi/bin/../lib/gcc/arm-none-eabi/13.3.1/thumb/v7-m/nofp\libg.a(libm_a-s_frexp.o)
                0x08009324                frexp
 .text.__register_exitproc
                0x08009390       0x80 C:/PROGRA~1/JetBrains/arm-gnu-toolchain-13.3.rel1-mingw-w64-i686-arm-none-eabi/arm-gnu-toolchain-13.3.rel1-mingw-w64-i686-arm-none-eabi/bin/../lib/gcc/arm-none-eabi/13.3.1/thumb/v7-m/nofp\libg.a(libc_a-__atexit.o)
                0x08009390                __register_exitproc
 .text.quorem   0x08009410      0x13c C:/PROGRA~1/JetBrains/arm-gnu-toolchain-13.3.rel1-mingw-w64-i686-arm-none-eabi/arm-gnu-toolchain-13.3.rel1-mingw-w64-i686-arm-none-eabi/bin/../lib/gcc/arm-none-eabi/13.3.1/thumb/v7-m/nofp\libg.a(libc_a-dtoa.o)
 *fill*         0x0800954c        0x4 
 .text._dtoa_r  0x08009550      0xe94 C:/PROGRA~1/JetBrains/arm-gnu-toolchain-13.3.rel1-mingw-w64-i686-arm-none-eabi/arm-gnu-toolchain-13.3.rel1-mingw-w64-i686-arm-none-eabi/bin/../lib/gcc/arm-none-eabi/13.3.1/thumb/v7-m/nofp\libg.a(libc_a-dtoa.o)
                0x08009550                _dtoa_r
 .text.malloc   0x0800a3e4       0x10 C:/PROGRA~1/JetBrains/arm-gnu-toolchain-13.3.rel1-mingw-w64-i686-arm-none-eabi/arm-gnu-toolchain-13.3.rel1-mingw-w64-i686-arm-none-eabi/bin/../lib/gcc/arm-none-eabi/13.3.1/thumb/v7-m/nofp\libg.a(libc_a-malloc.o)
                0x0800a3e4                malloc
 .text.free     0x0800a3f4       0x10 C:/PROGRA~1/JetBrains/arm-gnu-toolchain-13.3.rel1-mingw-w64-i686-arm-none-eabi/arm-gnu-toolchain-13.3.rel1-mingw-w64-i686-arm-none-eabi/bin/../lib/gcc/arm-none-eabi/13.3.1/thumb/v7-m/nofp\libg.a(libc_a-malloc.o)
                0x0800a3f4                free
 .text.__ascii_mbtowc
                0x0800a404       0x2c C:/PROGRA~1/JetBrains/arm-gnu-toolchain-13.3.rel1-mingw-w64-i686-arm-none-eabi/arm-gnu-toolchain-13.3.rel1-mingw-w64-i686-arm-none-eabi/bin/../lib/gcc/arm-none-eabi/13.3.1/thumb/v7-m/nofp\libg.a(libc_a-mbtowc_r.o)
                0x0800a404                __ascii_mbtowc
 .text._Balloc  0x0800a430       0x4c C:/PROGRA~1/JetBrains/arm-gnu-toolchain-13.3.rel1-mingw-w64-i686-arm-none-eabi/arm-gnu-toolchain-13.3.rel1-mingw-w64-i686-arm-none-eabi/bin/../lib/gcc/arm-none-eabi/13.3.1/thumb/v7-m/nofp\libg.a(libc_a-mprec.o)
                0x0800a430                _Balloc
 .text._Bfree   0x0800a47c       0x14 C:/PROGRA~1/JetBrains/arm-gnu-toolchain-13.3.rel1-mingw-w64-i686-arm-none-eabi/arm-gnu-toolchain-13.3.rel1-mingw-w64-i686-arm-none-eabi/bin/../lib/gcc/arm-none-eabi/13.3.1/thumb/v7-m/nofp\libg.a(libc_a-mprec.o)
                0x0800a47c                _Bfree
 .text.__multadd
                0x0800a490       0xa4 C:/PROGRA~1/JetBrains/arm-gnu-toolchain-13.3.rel1-mingw-w64-i686-arm-none-eabi/arm-gnu-toolchain-13.3.rel1-mingw-w64-i686-arm-none-eabi/bin/../lib/gcc/arm-none-eabi/13.3.1/thumb/v7-m/nofp\libg.a(libc_a-mprec.o)
                0x0800a490                __multadd
 .text.__s2b    0x0800a534       0xb0 C:/PROGRA~1/JetBrains/arm-gnu-toolchain-13.3.rel1-mingw-w64-i686-arm-none-eabi/arm-gnu-toolchain-13.3.rel1-mingw-w64-i686-arm-none-eabi/bin/../lib/gcc/arm-none-eabi/13.3.1/thumb/v7-m/nofp\libg.a(libc_a-mprec.o)
                0x0800a534                __s2b
 .text.__hi0bits
                0x0800a5e4       0x44 C:/PROGRA~1/JetBrains/arm-gnu-toolchain-13.3.rel1-mingw-w64-i686-arm-none-eabi/arm-gnu-toolchain-13.3.rel1-mingw-w64-i686-arm-none-eabi/bin/../lib/gcc/arm-none-eabi/13.3.1/thumb/v7-m/nofp\libg.a(libc_a-mprec.o)
                0x0800a5e4                __hi0bits
 .text.__lo0bits
                0x0800a628       0x5c C:/PROGRA~1/JetBrains/arm-gnu-toolchain-13.3.rel1-mingw-w64-i686-arm-none-eabi/arm-gnu-toolchain-13.3.rel1-mingw-w64-i686-arm-none-eabi/bin/../lib/gcc/arm-none-eabi/13.3.1/thumb/v7-m/nofp\libg.a(libc_a-mprec.o)
                0x0800a628                __lo0bits
 .text.__i2b    0x0800a684       0x5c C:/PROGRA~1/JetBrains/arm-gnu-toolchain-13.3.rel1-mingw-w64-i686-arm-none-eabi/arm-gnu-toolchain-13.3.rel1-mingw-w64-i686-arm-none-eabi/bin/../lib/gcc/arm-none-eabi/13.3.1/thumb/v7-m/nofp\libg.a(libc_a-mprec.o)
                0x0800a684                __i2b
 .text.__multiply
                0x0800a6e0      0x164 C:/PROGRA~1/JetBrains/arm-gnu-toolchain-13.3.rel1-mingw-w64-i686-arm-none-eabi/arm-gnu-toolchain-13.3.rel1-mingw-w64-i686-arm-none-eabi/bin/../lib/gcc/arm-none-eabi/13.3.1/thumb/v7-m/nofp\libg.a(libc_a-mprec.o)
                0x0800a6e0                __multiply
 .text.__pow5mult
                0x0800a844       0xb4 C:/PROGRA~1/JetBrains/arm-gnu-toolchain-13.3.rel1-mingw-w64-i686-arm-none-eabi/arm-gnu-toolchain-13.3.rel1-mingw-w64-i686-arm-none-eabi/bin/../lib/gcc/arm-none-eabi/13.3.1/thumb/v7-m/nofp\libg.a(libc_a-mprec.o)
                0x0800a844                __pow5mult
 .text.__lshift
                0x0800a8f8       0xec C:/PROGRA~1/JetBrains/arm-gnu-toolchain-13.3.rel1-mingw-w64-i686-arm-none-eabi/arm-gnu-toolchain-13.3.rel1-mingw-w64-i686-arm-none-eabi/bin/../lib/gcc/arm-none-eabi/13.3.1/thumb/v7-m/nofp\libg.a(libc_a-mprec.o)
                0x0800a8f8                __lshift
 .text.__mcmp   0x0800a9e4       0x40 C:/PROGRA~1/JetBrains/arm-gnu-toolchain-13.3.rel1-mingw-w64-i686-arm-none-eabi/arm-gnu-toolchain-13.3.rel1-mingw-w64-i686-arm-none-eabi/bin/../lib/gcc/arm-none-eabi/13.3.1/thumb/v7-m/nofp\libg.a(libc_a-mprec.o)
                0x0800a9e4                __mcmp
 .text.__mdiff  0x0800aa24      0x178 C:/PROGRA~1/JetBrains/arm-gnu-toolchain-13.3.rel1-mingw-w64-i686-arm-none-eabi/arm-gnu-toolchain-13.3.rel1-mingw-w64-i686-arm-none-eabi/bin/../lib/gcc/arm-none-eabi/13.3.1/thumb/v7-m/nofp\libg.a(libc_a-mprec.o)
                0x0800aa24                __mdiff
 .text.__ulp    0x0800ab9c       0x50 C:/PROGRA~1/JetBrains/arm-gnu-toolchain-13.3.rel1-mingw-w64-i686-arm-none-eabi/arm-gnu-toolchain-13.3.rel1-mingw-w64-i686-arm-none-eabi/bin/../lib/gcc/arm-none-eabi/13.3.1/thumb/v7-m/nofp\libg.a(libc_a-mprec.o)
                0x0800ab9c                __ulp
 .text.__b2d    0x0800abec       0xb4 C:/PROGRA~1/JetBrains/arm-gnu-toolchain-13.3.rel1-mingw-w64-i686-arm-none-eabi/arm-gnu-toolchain-13.3.rel1-mingw-w64-i686-arm-none-eabi/bin/../lib/gcc/arm-none-eabi/13.3.1/thumb/v7-m/nofp\libg.a(libc_a-mprec.o)
                0x0800abec                __b2d
 .text.__d2b    0x0800aca0       0xbc C:/PROGRA~1/JetBrains/arm-gnu-toolchain-13.3.rel1-mingw-w64-i686-arm-none-eabi/arm-gnu-toolchain-13.3.rel1-mingw-w64-i686-arm-none-eabi/bin/../lib/gcc/arm-none-eabi/13.3.1/thumb/v7-m/nofp\libg.a(libc_a-mprec.o)
                0x0800aca0                __d2b
 .text.__ratio  0x0800ad5c       0x5c C:/PROGRA~1/JetBrains/arm-gnu-toolchain-13.3.rel1-mingw-w64-i686-arm-none-eabi/arm-gnu-toolchain-13.3.rel1-mingw-w64-i686-arm-none-eabi/bin/../lib/gcc/arm-none-eabi/13.3.1/thumb/v7-m/nofp\libg.a(libc_a-mprec.o)
                0x0800ad5c                __ratio
 .text.__copybits
                0x0800adb8       0x60 C:/PROGRA~1/JetBrains/arm-gnu-toolchain-13.3.rel1-mingw-w64-i686-arm-none-eabi/arm-gnu-toolchain-13.3.rel1-mingw-w64-i686-arm-none-eabi/bin/../lib/gcc/arm-none-eabi/13.3.1/thumb/v7-m/nofp\libg.a(libc_a-mprec.o)
                0x0800adb8                __copybits
 .text.__any_on
                0x0800ae18       0x58 C:/PROGRA~1/JetBrains/arm-gnu-toolchain-13.3.rel1-mingw-w64-i686-arm-none-eabi/arm-gnu-toolchain-13.3.rel1-mingw-w64-i686-arm-none-eabi/bin/../lib/gcc/arm-none-eabi/13.3.1/thumb/v7-m/nofp\libg.a(libc_a-mprec.o)
                0x0800ae18                __any_on
 .text.realloc  0x0800ae70       0x14 C:/PROGRA~1/JetBrains/arm-gnu-toolchain-13.3.rel1-mingw-w64-i686-arm-none-eabi/arm-gnu-toolchain-13.3.rel1-mingw-w64-i686-arm-none-eabi/bin/../lib/gcc/arm-none-eabi/13.3.1/thumb/v7-m/nofp\libg.a(libc_a-realloc.o)
                0x0800ae70                realloc
 .text._realloc_r
                0x0800ae84      0x34c C:/PROGRA~1/JetBrains/arm-gnu-toolchain-13.3.rel1-mingw-w64-i686-arm-none-eabi/arm-gnu-toolchain-13.3.rel1-mingw-w64-i686-arm-none-eabi/bin/../lib/gcc/arm-none-eabi/13.3.1/thumb/v7-m/nofp\libg.a(libc_a-reallocr.o)
                0x0800ae84                _realloc_r
 .text._strtod_l
                0x0800b1d0      0xf90 C:/PROGRA~1/JetBrains/arm-gnu-toolchain-13.3.rel1-mingw-w64-i686-arm-none-eabi/arm-gnu-toolchain-13.3.rel1-mingw-w64-i686-arm-none-eabi/bin/../lib/gcc/arm-none-eabi/13.3.1/thumb/v7-m/nofp\libg.a(libc_a-strtod.o)
                0x0800b1d0                _strtod_l
 .text._strtod_r
                0x0800c160        0xc C:/PROGRA~1/JetBrains/arm-gnu-toolchain-13.3.rel1-mingw-w64-i686-arm-none-eabi/arm-gnu-toolchain-13.3.rel1-mingw-w64-i686-arm-none-eabi/bin/../lib/gcc/arm-none-eabi/13.3.1/thumb/v7-m/nofp\libg.a(libc_a-strtod.o)
                0x0800c160                _strtod_r
 .text._strtol_l.isra.0
                0x0800c16c      0x138 C:/PROGRA~1/JetBrains/arm-gnu-toolchain-13.3.rel1-mingw-w64-i686-arm-none-eabi/arm-gnu-toolchain-13.3.rel1-mingw-w64-i686-arm-none-eabi/bin/../lib/gcc/arm-none-eabi/13.3.1/thumb/v7-m/nofp\libg.a(libc_a-strtol.o)
 .text._strtol_r
                0x0800c2a4        0x4 C:/PROGRA~1/JetBrains/arm-gnu-toolchain-13.3.rel1-mingw-w64-i686-arm-none-eabi/arm-gnu-toolchain-13.3.rel1-mingw-w64-i686-arm-none-eabi/bin/../lib/gcc/arm-none-eabi/13.3.1/thumb/v7-m/nofp\libg.a(libc_a-strtol.o)
                0x0800c2a4                _strtol_r
 .text._strtoul_l.isra.0
                0x0800c2a8      0x134 C:/PROGRA~1/JetBrains/arm-gnu-toolchain-13.3.rel1-mingw-w64-i686-arm-none-eabi/arm-gnu-toolchain-13.3.rel1-mingw-w64-i686-arm-none-eabi/bin/../lib/gcc/arm-none-eabi/13.3.1/thumb/v7-m/nofp\libg.a(libc_a-strtoul.o)
 .text._strtoul_r
                0x0800c3dc        0x4 C:/PROGRA~1/JetBrains/arm-gnu-toolchain-13.3.rel1-mingw-w64-i686-arm-none-eabi/arm-gnu-toolchain-13.3.rel1-mingw-w64-i686-arm-none-eabi/bin/../lib/gcc/arm-none-eabi/13.3.1/thumb/v7-m/nofp\libg.a(libc_a-strtoul.o)
                0x0800c3dc                _strtoul_r
 .text.__ascii_wctomb
                0x0800c3e0       0x1c C:/PROGRA~1/JetBrains/arm-gnu-toolchain-13.3.rel1-mingw-w64-i686-arm-none-eabi/arm-gnu-toolchain-13.3.rel1-mingw-w64-i686-arm-none-eabi/bin/../lib/gcc/arm-none-eabi/13.3.1/thumb/v7-m/nofp\libg.a(libc_a-wctomb_r.o)
                0x0800c3e0                __ascii_wctomb
 .text._strtoll_l.isra.0
                0x0800c3fc      0x17c C:/PROGRA~1/JetBrains/arm-gnu-toolchain-13.3.rel1-mingw-w64-i686-arm-none-eabi/arm-gnu-toolchain-13.3.rel1-mingw-w64-i686-arm-none-eabi/bin/../lib/gcc/arm-none-eabi/13.3.1/thumb/v7-m/nofp\libg.a(libc_a-strtoll.o)
 .text._strtoll_r
                0x0800c578        0x4 C:/PROGRA~1/JetBrains/arm-gnu-toolchain-13.3.rel1-mingw-w64-i686-arm-none-eabi/arm-gnu-toolchain-13.3.rel1-mingw-w64-i686-arm-none-eabi/bin/../lib/gcc/arm-none-eabi/13.3.1/thumb/v7-m/nofp\libg.a(libc_a-strtoll.o)
                0x0800c578                _strtoll_r
 .text._strtoull_l.isra.0
                0x0800c57c      0x194 C:/PROGRA~1/JetBrains/arm-gnu-toolchain-13.3.rel1-mingw-w64-i686-arm-none-eabi/arm-gnu-toolchain-13.3.rel1-mingw-w64-i686-arm-none-eabi/bin/../lib/gcc/arm-none-eabi/13.3.1/thumb/v7-m/nofp\libg.a(libc_a-strtoull.o)
 .text._strtoull_r
                0x0800c710        0x4 C:/PROGRA~1/JetBrains/arm-gnu-toolchain-13.3.rel1-mingw-w64-i686-arm-none-eabi/arm-gnu-toolchain-13.3.rel1-mingw-w64-i686-arm-none-eabi/bin/../lib/gcc/arm-none-eabi/13.3.1/thumb/v7-m/nofp\libg.a(libc_a-strtoull.o)
                0x0800c710                _strtoull_r
 .text._mbrtowc_r
                0x0800c714       0x54 C:/PROGRA~1/JetBrains/arm-gnu-toolchain-13.3.rel1-mingw-w64-i686-arm-none-eabi/arm-gnu-toolchain-13.3.rel1-mingw-w64-i686-arm-none-eabi/bin/../lib/gcc/arm-none-eabi/13.3.1/thumb/v7-m/nofp\libg.a(libc_a-mbrtowc.o)
                0x0800c714                _mbrtowc_r
 .text._wcrtomb_r
                0x0800c768       0x4c C:/PROGRA~1/JetBrains/arm-gnu-toolchain-13.3.rel1-mingw-w64-i686-arm-none-eabi/arm-gnu-toolchain-13.3.rel1-mingw-w64-i686-arm-none-eabi/bin/../lib/gcc/arm-none-eabi/13.3.1/thumb/v7-m/nofp\libg.a(libc_a-wcrtomb.o)
                0x0800c768                _wcrtomb_r
 .text._wcsrtombs_r
                0x0800c7b4       0x18 C:/PROGRA~1/JetBrains/arm-gnu-toolchain-13.3.rel1-mingw-w64-i686-arm-none-eabi/arm-gnu-toolchain-13.3.rel1-mingw-w64-i686-arm-none-eabi/bin/../lib/gcc/arm-none-eabi/13.3.1/thumb/v7-m/nofp\libg.a(libc_a-wcsrtombs.o)
                0x0800c7b4                _wcsrtombs_r
 .text.iswspace
                0x0800c7cc        0x8 C:/PROGRA~1/JetBrains/arm-gnu-toolchain-13.3.rel1-mingw-w64-i686-arm-none-eabi/arm-gnu-toolchain-13.3.rel1-mingw-w64-i686-arm-none-eabi/bin/../lib/gcc/arm-none-eabi/13.3.1/thumb/v7-m/nofp\libg.a(libc_a-iswspace.o)
                0x0800c7cc                iswspace
 .text.iswspace_l
                0x0800c7d4       0x28 C:/PROGRA~1/JetBrains/arm-gnu-toolchain-13.3.rel1-mingw-w64-i686-arm-none-eabi/arm-gnu-toolchain-13.3.rel1-mingw-w64-i686-arm-none-eabi/bin/../lib/gcc/arm-none-eabi/13.3.1/thumb/v7-m/nofp\libg.a(libc_a-iswspace_l.o)
                0x0800c7d4                iswspace_l
 .text.__jp2uc  0x0800c7fc      0x128 C:/PROGRA~1/JetBrains/arm-gnu-toolchain-13.3.rel1-mingw-w64-i686-arm-none-eabi/arm-gnu-toolchain-13.3.rel1-mingw-w64-i686-arm-none-eabi/bin/../lib/gcc/arm-none-eabi/13.3.1/thumb/v7-m/nofp\libg.a(libc_a-jp2uc.o)
 .text._jp2uc_l
                0x0800c924       0x64 C:/PROGRA~1/JetBrains/arm-gnu-toolchain-13.3.rel1-mingw-w64-i686-arm-none-eabi/arm-gnu-toolchain-13.3.rel1-mingw-w64-i686-arm-none-eabi/bin/../lib/gcc/arm-none-eabi/13.3.1/thumb/v7-m/nofp\libg.a(libc_a-jp2uc.o)
                0x0800c924                _jp2uc_l
 .text._sungetc_r
                0x0800c988       0x7c C:/PROGRA~1/JetBrains/arm-gnu-toolchain-13.3.rel1-mingw-w64-i686-arm-none-eabi/arm-gnu-toolchain-13.3.rel1-mingw-w64-i686-arm-none-eabi/bin/../lib/gcc/arm-none-eabi/13.3.1/thumb/v7-m/nofp\libg.a(libc_a-svfiscanf.o)
                0x0800c988                _sungetc_r
 .text.__ssrefill_r
                0x0800ca04       0x38 C:/PROGRA~1/JetBrains/arm-gnu-toolchain-13.3.rel1-mingw-w64-i686-arm-none-eabi/arm-gnu-toolchain-13.3.rel1-mingw-w64-i686-arm-none-eabi/bin/../lib/gcc/arm-none-eabi/13.3.1/thumb/v7-m/nofp\libg.a(libc_a-svfiscanf.o)
                0x0800ca04                __ssrefill_r
 .text._sfread_r
                0x0800ca3c       0xa8 C:/PROGRA~1/JetBrains/arm-gnu-toolchain-13.3.rel1-mingw-w64-i686-arm-none-eabi/arm-gnu-toolchain-13.3.rel1-mingw-w64-i686-arm-none-eabi/bin/../lib/gcc/arm-none-eabi/13.3.1/thumb/v7-m/nofp\libg.a(libc_a-svfiscanf.o)
                0x0800ca3c                _sfread_r
 .text.__ssputs_r
                0x0800cae4       0xc0 C:/PROGRA~1/JetBrains/arm-gnu-toolchain-13.3.rel1-mingw-w64-i686-arm-none-eabi/arm-gnu-toolchain-13.3.rel1-mingw-w64-i686-arm-none-eabi/bin/../lib/gcc/arm-none-eabi/13.3.1/thumb/v7-m/nofp\libg.a(libc_a-ssputs_r.o)
                0x0800cae4                __ssputs_r
 .text.__smakebuf_r
                0x0800cba4       0xdc C:/PROGRA~1/JetBrains/arm-gnu-toolchain-13.3.rel1-mingw-w64-i686-arm-none-eabi/arm-gnu-toolchain-13.3.rel1-mingw-w64-i686-arm-none-eabi/bin/../lib/gcc/arm-none-eabi/13.3.1/thumb/v7-m/nofp\libg.a(libc_a-makebuf.o)
                0x0800cba4                __smakebuf_r
 .text.__submore
                0x0800cc80       0x74 C:/PROGRA~1/JetBrains/arm-gnu-toolchain-13.3.rel1-mingw-w64-i686-arm-none-eabi/arm-gnu-toolchain-13.3.rel1-mingw-w64-i686-arm-none-eabi/bin/../lib/gcc/arm-none-eabi/13.3.1/thumb/v7-m/nofp\libg.a(libc_a-ungetc.o)
                0x0800cc80                __submore
 .text.strncmp  0x0800ccf4       0x8c C:/PROGRA~1/JetBrains/arm-gnu-toolchain-13.3.rel1-mingw-w64-i686-arm-none-eabi/arm-gnu-toolchain-13.3.rel1-mingw-w64-i686-arm-none-eabi/bin/../lib/gcc/arm-none-eabi/13.3.1/thumb/v7-m/nofp\libg.a(libc_a-strncmp.o)
                0x0800ccf4                strncmp
 .text._fstat_r
                0x0800cd80       0x28 C:/PROGRA~1/JetBrains/arm-gnu-toolchain-13.3.rel1-mingw-w64-i686-arm-none-eabi/arm-gnu-toolchain-13.3.rel1-mingw-w64-i686-arm-none-eabi/bin/../lib/gcc/arm-none-eabi/13.3.1/thumb/v7-m/nofp\libg.a(libc_a-fstatr.o)
                0x0800cd80                _fstat_r
 .text._isatty_r
                0x0800cda8       0x24 C:/PROGRA~1/JetBrains/arm-gnu-toolchain-13.3.rel1-mingw-w64-i686-arm-none-eabi/arm-gnu-toolchain-13.3.rel1-mingw-w64-i686-arm-none-eabi/bin/../lib/gcc/arm-none-eabi/13.3.1/thumb/v7-m/nofp\libg.a(libc_a-isattyr.o)
                0x0800cda8                _isatty_r
 .text.nan      0x0800cdcc        0xc C:/PROGRA~1/JetBrains/arm-gnu-toolchain-13.3.rel1-mingw-w64-i686-arm-none-eabi/arm-gnu-toolchain-13.3.rel1-mingw-w64-i686-arm-none-eabi/bin/../lib/gcc/arm-none-eabi/13.3.1/thumb/v7-m/nofp\libg.a(libm_a-s_nan.o)
                0x0800cdcc                nan
 .text.__assert_func
                0x0800cdd8       0x40 C:/PROGRA~1/JetBrains/arm-gnu-toolchain-13.3.rel1-mingw-w64-i686-arm-none-eabi/arm-gnu-toolchain-13.3.rel1-mingw-w64-i686-arm-none-eabi/bin/../lib/gcc/arm-none-eabi/13.3.1/thumb/v7-m/nofp\libg.a(libc_a-assert.o)
                0x0800cdd8                __assert_func
 .text._calloc_r
                0x0800ce18       0x6c C:/PROGRA~1/JetBrains/arm-gnu-toolchain-13.3.rel1-mingw-w64-i686-arm-none-eabi/arm-gnu-toolchain-13.3.rel1-mingw-w64-i686-arm-none-eabi/bin/../lib/gcc/arm-none-eabi/13.3.1/thumb/v7-m/nofp\libg.a(libc_a-callocr.o)
                0x0800ce18                _calloc_r
 .text.rshift   0x0800ce84       0xa4 C:/PROGRA~1/JetBrains/arm-gnu-toolchain-13.3.rel1-mingw-w64-i686-arm-none-eabi/arm-gnu-toolchain-13.3.rel1-mingw-w64-i686-arm-none-eabi/bin/../lib/gcc/arm-none-eabi/13.3.1/thumb/v7-m/nofp\libg.a(libc_a-gdtoa-gethex.o)
 .text.__gethex
                0x0800cf28      0x5a8 C:/PROGRA~1/JetBrains/arm-gnu-toolchain-13.3.rel1-mingw-w64-i686-arm-none-eabi/arm-gnu-toolchain-13.3.rel1-mingw-w64-i686-arm-none-eabi/bin/../lib/gcc/arm-none-eabi/13.3.1/thumb/v7-m/nofp\libg.a(libc_a-gdtoa-gethex.o)
                0x0800cf28                __gethex
 .text.__match  0x0800d4d0       0x34 C:/PROGRA~1/JetBrains/arm-gnu-toolchain-13.3.rel1-mingw-w64-i686-arm-none-eabi/arm-gnu-toolchain-13.3.rel1-mingw-w64-i686-arm-none-eabi/bin/../lib/gcc/arm-none-eabi/13.3.1/thumb/v7-m/nofp\libg.a(libc_a-gdtoa-hexnan.o)
                0x0800d4d0                __match
 .text.__hexnan
                0x0800d504      0x1d0 C:/PROGRA~1/JetBrains/arm-gnu-toolchain-13.3.rel1-mingw-w64-i686-arm-none-eabi/arm-gnu-toolchain-13.3.rel1-mingw-w64-i686-arm-none-eabi/bin/../lib/gcc/arm-none-eabi/13.3.1/thumb/v7-m/nofp\libg.a(libc_a-gdtoa-hexnan.o)
                0x0800d504                __hexnan
 .text._wcsnrtombs_l
                0x0800d6d4       0xec C:/PROGRA~1/JetBrains/arm-gnu-toolchain-13.3.rel1-mingw-w64-i686-arm-none-eabi/arm-gnu-toolchain-13.3.rel1-mingw-w64-i686-arm-none-eabi/bin/../lib/gcc/arm-none-eabi/13.3.1/thumb/v7-m/nofp\libg.a(libc_a-wcsnrtombs.o)
                0x0800d6d4                _wcsnrtombs_l
 .text._wcsnrtombs_r
                0x0800d7c0       0x24 C:/PROGRA~1/JetBrains/arm-gnu-toolchain-13.3.rel1-mingw-w64-i686-arm-none-eabi/arm-gnu-toolchain-13.3.rel1-mingw-w64-i686-arm-none-eabi/bin/../lib/gcc/arm-none-eabi/13.3.1/thumb/v7-m/nofp\libg.a(libc_a-wcsnrtombs.o)
                0x0800d7c0                _wcsnrtombs_r
 .text.category
                0x0800d7e4       0x6c C:/PROGRA~1/JetBrains/arm-gnu-toolchain-13.3.rel1-mingw-w64-i686-arm-none-eabi/arm-gnu-toolchain-13.3.rel1-mingw-w64-i686-arm-none-eabi/bin/../lib/gcc/arm-none-eabi/13.3.1/thumb/v7-m/nofp\libg.a(libc_a-categories.o)
                0x0800d7e4                category
 .text.fiprintf
                0x0800d850       0x28 C:/PROGRA~1/JetBrains/arm-gnu-toolchain-13.3.rel1-mingw-w64-i686-arm-none-eabi/arm-gnu-toolchain-13.3.rel1-mingw-w64-i686-arm-none-eabi/bin/../lib/gcc/arm-none-eabi/13.3.1/thumb/v7-m/nofp\libg.a(libc_a-fiprintf.o)
                0x0800d850                fiprintf
 .text._vfiprintf_r
                0x0800d878      0xeb8 C:/PROGRA~1/JetBrains/arm-gnu-toolchain-13.3.rel1-mingw-w64-i686-arm-none-eabi/arm-gnu-toolchain-13.3.rel1-mingw-w64-i686-arm-none-eabi/bin/../lib/gcc/arm-none-eabi/13.3.1/thumb/v7-m/nofp\libg.a(libc_a-vfiprintf.o)
                0x0800d878                _vfiprintf_r
 .text.__sbprintf
                0x0800e730       0x80 C:/PROGRA~1/JetBrains/arm-gnu-toolchain-13.3.rel1-mingw-w64-i686-arm-none-eabi/arm-gnu-toolchain-13.3.rel1-mingw-w64-i686-arm-none-eabi/bin/../lib/gcc/arm-none-eabi/13.3.1/thumb/v7-m/nofp\libg.a(libc_a-vfiprintf.o)
 .text.abort    0x0800e7b0       0x10 C:/PROGRA~1/JetBrains/arm-gnu-toolchain-13.3.rel1-mingw-w64-i686-arm-none-eabi/arm-gnu-toolchain-13.3.rel1-mingw-w64-i686-arm-none-eabi/bin/../lib/gcc/arm-none-eabi/13.3.1/thumb/v7-m/nofp\libg.a(libc_a-abort.o)
                0x0800e7b0                abort
 .text.raise    0x0800e7c0       0x58 C:/PROGRA~1/JetBrains/arm-gnu-toolchain-13.3.rel1-mingw-w64-i686-arm-none-eabi/arm-gnu-toolchain-13.3.rel1-mingw-w64-i686-arm-none-eabi/bin/../lib/gcc/arm-none-eabi/13.3.1/thumb/v7-m/nofp\libg.a(libc_a-signal.o)
                0x0800e7c0                raise
 .text._kill_r  0x0800e818       0x28 C:/PROGRA~1/JetBrains/arm-gnu-toolchain-13.3.rel1-mingw-w64-i686-arm-none-eabi/arm-gnu-toolchain-13.3.rel1-mingw-w64-i686-arm-none-eabi/bin/../lib/gcc/arm-none-eabi/13.3.1/thumb/v7-m/nofp\libg.a(libc_a-signalr.o)
                0x0800e818                _kill_r
 .text._getpid_r
                0x0800e840        0x4 C:/PROGRA~1/JetBrains/arm-gnu-toolchain-13.3.rel1-mingw-w64-i686-arm-none-eabi/arm-gnu-toolchain-13.3.rel1-mingw-w64-i686-arm-none-eabi/bin/../lib/gcc/arm-none-eabi/13.3.1/thumb/v7-m/nofp\libg.a(libc_a-signalr.o)
                0x0800e840                _getpid_r
 .text.__fixdfdi
                0x0800e844       0x30 C:/PROGRA~1/JetBrains/arm-gnu-toolchain-13.3.rel1-mingw-w64-i686-arm-none-eabi/arm-gnu-toolchain-13.3.rel1-mingw-w64-i686-arm-none-eabi/bin/../lib/gcc/arm-none-eabi/13.3.1/thumb/v7-m/nofp\libgcc.a(_fixdfdi.o)
                0x0800e844                __fixdfdi
                0x0800e844                __aeabi_d2lz
 .text.__fixunsdfdi
                0x0800e874       0x3c C:/PROGRA~1/JetBrains/arm-gnu-toolchain-13.3.rel1-mingw-w64-i686-arm-none-eabi/arm-gnu-toolchain-13.3.rel1-mingw-w64-i686-arm-none-eabi/bin/../lib/gcc/arm-none-eabi/13.3.1/thumb/v7-m/nofp\libgcc.a(_fixunsdfdi.o)
                0x0800e874                __fixunsdfdi
                0x0800e874                __aeabi_d2ulz
 .text.__udivmoddi4
                0x0800e8b0      0x2b4 C:/PROGRA~1/JetBrains/arm-gnu-toolchain-13.3.rel1-mingw-w64-i686-arm-none-eabi/arm-gnu-toolchain-13.3.rel1-mingw-w64-i686-arm-none-eabi/bin/../lib/gcc/arm-none-eabi/13.3.1/thumb/v7-m/nofp\libgcc.a(_udivmoddi4.o)
                0x0800e8b0                __udivmoddi4
 *(.glue_7)
 .glue_7        0x0800eb64        0x0 linker stubs
 *(.glue_7t)
 .glue_7t       0x0800eb64        0x0 linker stubs
 *(.eh_frame)
 .eh_frame      0x0800eb64        0x0 C:/PROGRA~1/JetBrains/arm-gnu-toolchain-13.3.rel1-mingw-w64-i686-arm-none-eabi/arm-gnu-toolchain-13.3.rel1-mingw-w64-i686-arm-none-eabi/bin/../lib/gcc/arm-none-eabi/13.3.1/thumb/v7-m/nofp/crtbegin.o
 *(.init)
 .init          0x0800eb64        0x4 C:/PROGRA~1/JetBrains/arm-gnu-toolchain-13.3.rel1-mingw-w64-i686-arm-none-eabi/arm-gnu-toolchain-13.3.rel1-mingw-w64-i686-arm-none-eabi/bin/../lib/gcc/arm-none-eabi/13.3.1/thumb/v7-m/nofp/crti.o
                0x0800eb64                _init
 .init          0x0800eb68        0x8 C:/PROGRA~1/JetBrains/arm-gnu-toolchain-13.3.rel1-mingw-w64-i686-arm-none-eabi/arm-gnu-toolchain-13.3.rel1-mingw-w64-i686-arm-none-eabi/bin/../lib/gcc/arm-none-eabi/13.3.1/thumb/v7-m/nofp/crtn.o
 *(.fini)
 .fini          0x0800eb70        0x4 C:/PROGRA~1/JetBrains/arm-gnu-toolchain-13.3.rel1-mingw-w64-i686-arm-none-eabi/arm-gnu-toolchain-13.3.rel1-mingw-w64-i686-arm-none-eabi/bin/../lib/gcc/arm-none-eabi/13.3.1/thumb/v7-m/nofp/crti.o
                0x0800eb70                _fini
 .fini          0x0800eb74        0x8 C:/PROGRA~1/JetBrains/arm-gnu-toolchain-13.3.rel1-mingw-w64-i686-arm-none-eabi/arm-gnu-toolchain-13.3.rel1-mingw-w64-i686-arm-none-eabi/bin/../lib/gcc/arm-none-eabi/13.3.1/thumb/v7-m/nofp/crtn.o
                0x0800eb7c                        . = ALIGN (0x4)
                0x0800eb7c                        _etext = .

.vfp11_veneer   0x0800eb7c        0x0
 .vfp11_veneer  0x0800eb7c        0x0 linker stubs

.v4_bx          0x0800eb7c        0x0
 .v4_bx         0x0800eb7c        0x0 linker stubs

.iplt           0x0800eb7c        0x0
 .iplt          0x0800eb7c        0x0 C:/PROGRA~1/JetBrains/arm-gnu-toolchain-13.3.rel1-mingw-w64-i686-arm-none-eabi/arm-gnu-toolchain-13.3.rel1-mingw-w64-i686-arm-none-eabi/bin/../lib/gcc/arm-none-eabi/13.3.1/thumb/v7-m/nofp/crtbegin.o

.rodata         0x0800eb80     0x7988
                0x0800eb80                        . = ALIGN (0x4)
 *(.rodata)
 *(.rodata*)
 .rodata.aPredivFactorTable.0
                0x0800eb80        0x2 CMakeFiles/motor_foc.elf.dir/Drivers/STM32F1xx_HAL_Driver/Src/stm32f1xx_hal_rcc.c.obj
 *fill*         0x0800eb82        0x2 
 .rodata.aPLLMULFactorTable.1
                0x0800eb84       0x10 CMakeFiles/motor_foc.elf.dir/Drivers/STM32F1xx_HAL_Driver/Src/stm32f1xx_hal_rcc.c.obj
 .rodata.dma_msg
                0x0800eb94        0x9 CMakeFiles/motor_foc.elf.dir/Src/main.c.obj
 *fill*         0x0800eb9d        0x3 
 .rodata.sin_pi_m2
                0x0800eba0      0x802 CMakeFiles/motor_foc.elf.dir/Src/sin.c.obj
                0x0800eba0                sin_pi_m2
 *fill*         0x0800f3a2        0x2 
 .rodata.APBPrescTable
                0x0800f3a4        0x8 CMakeFiles/motor_foc.elf.dir/Src/system_stm32f1xx.c.obj
                0x0800f3a4                APBPrescTable
 .rodata.AHBPrescTable
                0x0800f3ac       0x10 CMakeFiles/motor_foc.elf.dir/Src/system_stm32f1xx.c.obj
                0x0800f3ac                AHBPrescTable
 .rodata.all.str1.4
                0x0800f3bc      0x2e5 CMakeFiles/motor_foc.elf.dir/all/start.c.obj
                                 0x4a (size before relaxing)
 .rodata.SysTick_Handler.str1.4
                0x0800f6a1       0x19 CMakeFiles/motor_foc.elf.dir/all/start.c.obj
 .rodata.debug_poll.str1.4
                0x0800f6a1       0x1e CMakeFiles/motor_foc.elf.dir/user/debug.c.obj
 .rodata.Encoder_Cali.str1.4
                0x0800f6a1       0x25 CMakeFiles/motor_foc.elf.dir/user/mt6816.c.obj
 .rodata._svfprintf_r.str1.4
                0x0800f6a1       0x42 C:/PROGRA~1/JetBrains/arm-gnu-toolchain-13.3.rel1-mingw-w64-i686-arm-none-eabi/arm-gnu-toolchain-13.3.rel1-mingw-w64-i686-arm-none-eabi/bin/../lib/gcc/arm-none-eabi/13.3.1/thumb/v7-m/nofp\libg.a(libc_a-svfprintf.o)
 *fill*         0x0800f6a1        0x3 
 .rodata.zeroes.0
                0x0800f6a4       0x10 C:/PROGRA~1/JetBrains/arm-gnu-toolchain-13.3.rel1-mingw-w64-i686-arm-none-eabi/arm-gnu-toolchain-13.3.rel1-mingw-w64-i686-arm-none-eabi/bin/../lib/gcc/arm-none-eabi/13.3.1/thumb/v7-m/nofp\libg.a(libc_a-svfprintf.o)
 .rodata.blanks.1
                0x0800f6b4       0x10 C:/PROGRA~1/JetBrains/arm-gnu-toolchain-13.3.rel1-mingw-w64-i686-arm-none-eabi/arm-gnu-toolchain-13.3.rel1-mingw-w64-i686-arm-none-eabi/bin/../lib/gcc/arm-none-eabi/13.3.1/thumb/v7-m/nofp\libg.a(libc_a-svfprintf.o)
 .rodata.__ssvfscanf_r.str1.4
                0x0800f6c4        0x9 C:/PROGRA~1/JetBrains/arm-gnu-toolchain-13.3.rel1-mingw-w64-i686-arm-none-eabi/arm-gnu-toolchain-13.3.rel1-mingw-w64-i686-arm-none-eabi/bin/../lib/gcc/arm-none-eabi/13.3.1/thumb/v7-m/nofp\libg.a(libc_a-svfscanf.o)
 .rodata.basefix.0
                0x0800f6c4       0x22 C:/PROGRA~1/JetBrains/arm-gnu-toolchain-13.3.rel1-mingw-w64-i686-arm-none-eabi/arm-gnu-toolchain-13.3.rel1-mingw-w64-i686-arm-none-eabi/bin/../lib/gcc/arm-none-eabi/13.3.1/thumb/v7-m/nofp\libg.a(libc_a-svfscanf.o)
 .rodata.str1.4
                0x0800f6e6       0x4c C:/PROGRA~1/JetBrains/arm-gnu-toolchain-13.3.rel1-mingw-w64-i686-arm-none-eabi/arm-gnu-toolchain-13.3.rel1-mingw-w64-i686-arm-none-eabi/bin/../lib/gcc/arm-none-eabi/13.3.1/thumb/v7-m/nofp\libg.a(libc_a-locale.o)
 .rodata._dtoa_r.str1.4
                0x0800f6e6       0x81 C:/PROGRA~1/JetBrains/arm-gnu-toolchain-13.3.rel1-mingw-w64-i686-arm-none-eabi/arm-gnu-toolchain-13.3.rel1-mingw-w64-i686-arm-none-eabi/bin/../lib/gcc/arm-none-eabi/13.3.1/thumb/v7-m/nofp\libg.a(libc_a-dtoa.o)
 .rodata.__multadd.str1.4
                0x0800f6e6       0x6e C:/PROGRA~1/JetBrains/arm-gnu-toolchain-13.3.rel1-mingw-w64-i686-arm-none-eabi/arm-gnu-toolchain-13.3.rel1-mingw-w64-i686-arm-none-eabi/bin/../lib/gcc/arm-none-eabi/13.3.1/thumb/v7-m/nofp\libg.a(libc_a-mprec.o)
 *fill*         0x0800f6e6        0x2 
 .rodata.p05.0  0x0800f6e8        0xc C:/PROGRA~1/JetBrains/arm-gnu-toolchain-13.3.rel1-mingw-w64-i686-arm-none-eabi/arm-gnu-toolchain-13.3.rel1-mingw-w64-i686-arm-none-eabi/bin/../lib/gcc/arm-none-eabi/13.3.1/thumb/v7-m/nofp\libg.a(libc_a-mprec.o)
 *fill*         0x0800f6f4        0x4 
 .rodata.__mprec_bigtens
                0x0800f6f8       0x28 C:/PROGRA~1/JetBrains/arm-gnu-toolchain-13.3.rel1-mingw-w64-i686-arm-none-eabi/arm-gnu-toolchain-13.3.rel1-mingw-w64-i686-arm-none-eabi/bin/../lib/gcc/arm-none-eabi/13.3.1/thumb/v7-m/nofp\libg.a(libc_a-mprec.o)
                0x0800f6f8                __mprec_bigtens
 .rodata.__mprec_tens
                0x0800f720       0xc8 C:/PROGRA~1/JetBrains/arm-gnu-toolchain-13.3.rel1-mingw-w64-i686-arm-none-eabi/arm-gnu-toolchain-13.3.rel1-mingw-w64-i686-arm-none-eabi/bin/../lib/gcc/arm-none-eabi/13.3.1/thumb/v7-m/nofp\libg.a(libc_a-mprec.o)
                0x0800f720                __mprec_tens
 .rodata._strtod_l.str1.4
                0x0800f7e8       0x15 C:/PROGRA~1/JetBrains/arm-gnu-toolchain-13.3.rel1-mingw-w64-i686-arm-none-eabi/arm-gnu-toolchain-13.3.rel1-mingw-w64-i686-arm-none-eabi/bin/../lib/gcc/arm-none-eabi/13.3.1/thumb/v7-m/nofp\libg.a(libc_a-strtod.o)
 .rodata.fpinan.0
                0x0800f7e8       0x14 C:/PROGRA~1/JetBrains/arm-gnu-toolchain-13.3.rel1-mingw-w64-i686-arm-none-eabi/arm-gnu-toolchain-13.3.rel1-mingw-w64-i686-arm-none-eabi/bin/../lib/gcc/arm-none-eabi/13.3.1/thumb/v7-m/nofp\libg.a(libc_a-strtod.o)
 .rodata.fpi.1  0x0800f7fc       0x14 C:/PROGRA~1/JetBrains/arm-gnu-toolchain-13.3.rel1-mingw-w64-i686-arm-none-eabi/arm-gnu-toolchain-13.3.rel1-mingw-w64-i686-arm-none-eabi/bin/../lib/gcc/arm-none-eabi/13.3.1/thumb/v7-m/nofp\libg.a(libc_a-strtod.o)
 .rodata.tinytens
                0x0800f810       0x28 C:/PROGRA~1/JetBrains/arm-gnu-toolchain-13.3.rel1-mingw-w64-i686-arm-none-eabi/arm-gnu-toolchain-13.3.rel1-mingw-w64-i686-arm-none-eabi/bin/../lib/gcc/arm-none-eabi/13.3.1/thumb/v7-m/nofp\libg.a(libc_a-strtod.o)
 .rodata._mbrtowc_r.str1.4
                0x0800f838        0x1 C:/PROGRA~1/JetBrains/arm-gnu-toolchain-13.3.rel1-mingw-w64-i686-arm-none-eabi/arm-gnu-toolchain-13.3.rel1-mingw-w64-i686-arm-none-eabi/bin/../lib/gcc/arm-none-eabi/13.3.1/thumb/v7-m/nofp\libg.a(libc_a-mbrtowc.o)
 .rodata._ctype_
                0x0800f838      0x101 C:/PROGRA~1/JetBrains/arm-gnu-toolchain-13.3.rel1-mingw-w64-i686-arm-none-eabi/arm-gnu-toolchain-13.3.rel1-mingw-w64-i686-arm-none-eabi/bin/../lib/gcc/arm-none-eabi/13.3.1/thumb/v7-m/nofp\libg.a(libc_a-ctype_.o)
                0x0800f838                _ctype_
 .rodata._jp2uc_l.str1.4
                0x0800f939       0x12 C:/PROGRA~1/JetBrains/arm-gnu-toolchain-13.3.rel1-mingw-w64-i686-arm-none-eabi/arm-gnu-toolchain-13.3.rel1-mingw-w64-i686-arm-none-eabi/bin/../lib/gcc/arm-none-eabi/13.3.1/thumb/v7-m/nofp\libg.a(libc_a-jp2uc.o)
 *fill*         0x0800f939        0x3 
 .rodata.d02f4  0x0800f93c     0x1a7c C:/PROGRA~1/JetBrains/arm-gnu-toolchain-13.3.rel1-mingw-w64-i686-arm-none-eabi/arm-gnu-toolchain-13.3.rel1-mingw-w64-i686-arm-none-eabi/bin/../lib/gcc/arm-none-eabi/13.3.1/thumb/v7-m/nofp\libg.a(libc_a-jp2uc.o)
 .rodata.b02cf  0x080113b8     0x172a C:/PROGRA~1/JetBrains/arm-gnu-toolchain-13.3.rel1-mingw-w64-i686-arm-none-eabi/arm-gnu-toolchain-13.3.rel1-mingw-w64-i686-arm-none-eabi/bin/../lib/gcc/arm-none-eabi/13.3.1/thumb/v7-m/nofp\libg.a(libc_a-jp2uc.o)
 *fill*         0x08012ae2        0x2 
 .rodata.a8     0x08012ae4       0x40 C:/PROGRA~1/JetBrains/arm-gnu-toolchain-13.3.rel1-mingw-w64-i686-arm-none-eabi/arm-gnu-toolchain-13.3.rel1-mingw-w64-i686-arm-none-eabi/bin/../lib/gcc/arm-none-eabi/13.3.1/thumb/v7-m/nofp\libg.a(libc_a-jp2uc.o)
 .rodata.a7     0x08012b24       0xa2 C:/PROGRA~1/JetBrains/arm-gnu-toolchain-13.3.rel1-mingw-w64-i686-arm-none-eabi/arm-gnu-toolchain-13.3.rel1-mingw-w64-i686-arm-none-eabi/bin/../lib/gcc/arm-none-eabi/13.3.1/thumb/v7-m/nofp\libg.a(libc_a-jp2uc.o)
 *fill*         0x08012bc6        0x2 
 .rodata.a6     0x08012bc8       0x70 C:/PROGRA~1/JetBrains/arm-gnu-toolchain-13.3.rel1-mingw-w64-i686-arm-none-eabi/arm-gnu-toolchain-13.3.rel1-mingw-w64-i686-arm-none-eabi/bin/../lib/gcc/arm-none-eabi/13.3.1/thumb/v7-m/nofp\libg.a(libc_a-jp2uc.o)
 .rodata.a3     0x08012c38       0x5b C:/PROGRA~1/JetBrains/arm-gnu-toolchain-13.3.rel1-mingw-w64-i686-arm-none-eabi/arm-gnu-toolchain-13.3.rel1-mingw-w64-i686-arm-none-eabi/bin/../lib/gcc/arm-none-eabi/13.3.1/thumb/v7-m/nofp\libg.a(libc_a-jp2uc.o)
 *fill*         0x08012c93        0x1 
 .rodata.a2     0x08012c94       0xbc C:/PROGRA~1/JetBrains/arm-gnu-toolchain-13.3.rel1-mingw-w64-i686-arm-none-eabi/arm-gnu-toolchain-13.3.rel1-mingw-w64-i686-arm-none-eabi/bin/../lib/gcc/arm-none-eabi/13.3.1/thumb/v7-m/nofp\libg.a(libc_a-jp2uc.o)
 .rodata.a1     0x08012d50       0xbc C:/PROGRA~1/JetBrains/arm-gnu-toolchain-13.3.rel1-mingw-w64-i686-arm-none-eabi/arm-gnu-toolchain-13.3.rel1-mingw-w64-i686-arm-none-eabi/bin/../lib/gcc/arm-none-eabi/13.3.1/thumb/v7-m/nofp\libg.a(libc_a-jp2uc.o)
 .rodata.__assert_func.str1.4
                0x08012e0c       0x43 C:/PROGRA~1/JetBrains/arm-gnu-toolchain-13.3.rel1-mingw-w64-i686-arm-none-eabi/arm-gnu-toolchain-13.3.rel1-mingw-w64-i686-arm-none-eabi/bin/../lib/gcc/arm-none-eabi/13.3.1/thumb/v7-m/nofp\libg.a(libc_a-assert.o)
 .rodata.__gethex.str1.4
                0x08012e0c       0x79 C:/PROGRA~1/JetBrains/arm-gnu-toolchain-13.3.rel1-mingw-w64-i686-arm-none-eabi/arm-gnu-toolchain-13.3.rel1-mingw-w64-i686-arm-none-eabi/bin/../lib/gcc/arm-none-eabi/13.3.1/thumb/v7-m/nofp\libg.a(libc_a-gdtoa-gethex.o)
 .rodata.__hexdig
                0x08012e0c      0x100 C:/PROGRA~1/JetBrains/arm-gnu-toolchain-13.3.rel1-mingw-w64-i686-arm-none-eabi/arm-gnu-toolchain-13.3.rel1-mingw-w64-i686-arm-none-eabi/bin/../lib/gcc/arm-none-eabi/13.3.1/thumb/v7-m/nofp\libg.a(libc_a-gdtoa-gethex.o)
                0x08012e0c                __hexdig
 .rodata.categories
                0x08012f0c     0x35dc C:/PROGRA~1/JetBrains/arm-gnu-toolchain-13.3.rel1-mingw-w64-i686-arm-none-eabi/arm-gnu-toolchain-13.3.rel1-mingw-w64-i686-arm-none-eabi/bin/../lib/gcc/arm-none-eabi/13.3.1/thumb/v7-m/nofp\libg.a(libc_a-categories.o)
 .rodata._vfiprintf_r.str1.4
                0x080164e8       0x2f C:/PROGRA~1/JetBrains/arm-gnu-toolchain-13.3.rel1-mingw-w64-i686-arm-none-eabi/arm-gnu-toolchain-13.3.rel1-mingw-w64-i686-arm-none-eabi/bin/../lib/gcc/arm-none-eabi/13.3.1/thumb/v7-m/nofp\libg.a(libc_a-vfiprintf.o)
 .rodata.zeroes.0
                0x080164e8       0x10 C:/PROGRA~1/JetBrains/arm-gnu-toolchain-13.3.rel1-mingw-w64-i686-arm-none-eabi/arm-gnu-toolchain-13.3.rel1-mingw-w64-i686-arm-none-eabi/bin/../lib/gcc/arm-none-eabi/13.3.1/thumb/v7-m/nofp\libg.a(libc_a-vfiprintf.o)
 .rodata.blanks.1
                0x080164f8       0x10 C:/PROGRA~1/JetBrains/arm-gnu-toolchain-13.3.rel1-mingw-w64-i686-arm-none-eabi/arm-gnu-toolchain-13.3.rel1-mingw-w64-i686-arm-none-eabi/bin/../lib/gcc/arm-none-eabi/13.3.1/thumb/v7-m/nofp\libg.a(libc_a-vfiprintf.o)
                0x08016518                        . = ALIGN (0x4)

.ARM.extab      0x08016508        0x0
                0x08016508                        . = ALIGN (0x4)
 *(.ARM.extab* .gnu.linkonce.armextab.*)
                0x08016508                        . = ALIGN (0x4)

.ARM            0x08016508        0x8
                0x08016508                        . = ALIGN (0x4)
                0x08016508                        __exidx_start = .
 *(.ARM.exidx*)